Archive member included to satisfy reference by file (symbol)

.\CortexM0\ARM_GCC_541\Debug\Ds1307.a(CyLib.o)
                              .\CortexM0\ARM_GCC_541\Debug\cyfitter_cfg.o (CyIntEnable)
.\CortexM0\ARM_GCC_541\Debug\Ds1307.a(CyLFClk.o)
                              .\CortexM0\ARM_GCC_541\Debug\cyfitter_cfg.o (CySysWdtIsr)
.\CortexM0\ARM_GCC_541\Debug\Ds1307.a(I2C.o)
                              .\CortexM0\ARM_GCC_541\Debug\main.o (I2C_Start)
.\CortexM0\ARM_GCC_541\Debug\Ds1307.a(I2C_I2C.o)
                              .\CortexM0\ARM_GCC_541\Debug\Ds1307.a(I2C.o) (I2C_I2CInit)
.\CortexM0\ARM_GCC_541\Debug\Ds1307.a(I2C_I2C_MASTER.o)
                              .\CortexM0\ARM_GCC_541\Debug\ds1307.o (I2C_I2CMasterSendStart)
.\CortexM0\ARM_GCC_541\Debug\Ds1307.a(I2C_sda.o)
                              .\CortexM0\ARM_GCC_541\Debug\Ds1307.a(I2C_I2C_MASTER.o) (I2C_sda_Read)
.\CortexM0\ARM_GCC_541\Debug\Ds1307.a(I2C_scl.o)
                              .\CortexM0\ARM_GCC_541\Debug\Ds1307.a(I2C_I2C_MASTER.o) (I2C_scl_Write)
.\CortexM0\ARM_GCC_541\Debug\Ds1307.a(LCD.o)
                              .\CortexM0\ARM_GCC_541\Debug\ds1307.o (LCD_PrintString)
.\CortexM0\ARM_GCC_541\Debug\Ds1307.a(Pin_Ctrl.o)
                              .\CortexM0\ARM_GCC_541\Debug\main.o (Pin_Ctrl_Write)
.\CortexM0\ARM_GCC_541\Debug\Ds1307.a(Pin_7Seg.o)
                              .\CortexM0\ARM_GCC_541\Debug\main.o (Pin_7Seg_Write)
.\CortexM0\ARM_GCC_541\Debug\Ds1307.a(Timer_1.o)
                              .\CortexM0\ARM_GCC_541\Debug\main.o (Timer_1_Start)
.\CortexM0\ARM_GCC_541\Debug\Ds1307.a(isr_1.o)
                              .\CortexM0\ARM_GCC_541\Debug\main.o (isr_1_StartEx)
.\CortexM0\ARM_GCC_541\Debug\Ds1307.a(ADC.o)
                              .\CortexM0\ARM_GCC_541\Debug\main.o (ADC_Start)
.\CortexM0\ARM_GCC_541\Debug\Ds1307.a(ADC_INT.o)
                              .\CortexM0\ARM_GCC_541\Debug\Ds1307.a(ADC.o) (ADC_ISR)
.\CortexM0\ARM_GCC_541\Debug\Ds1307.a(UART.o)
                              .\CortexM0\ARM_GCC_541\Debug\main.o (UART_Start)
.\CortexM0\ARM_GCC_541\Debug\Ds1307.a(UART_IntClock.o)
                              .\CortexM0\ARM_GCC_541\Debug\Ds1307.a(UART.o) (UART_IntClock_Start)
.\CortexM0\ARM_GCC_541\Debug\Ds1307.a(isr_rx.o)
                              .\CortexM0\ARM_GCC_541\Debug\main.o (isr_rx_StartEx)
.\CortexM0\ARM_GCC_541\Debug\Ds1307.a(PWM_1.o)
                              .\CortexM0\ARM_GCC_541\Debug\main.o (PWM_1_Stop)
.\CortexM0\ARM_GCC_541\Debug\Ds1307.a(PWM_2.o)
                              .\CortexM0\ARM_GCC_541\Debug\main.o (PWM_2_Stop)
.\CortexM0\ARM_GCC_541\Debug\Ds1307.a(CyBootAsmGnu.o)
                              .\CortexM0\ARM_GCC_541\Debug\Ds1307.a(CyLib.o) (CyDelayCycles)
.\CortexM0\ARM_GCC_541\Debug\Ds1307.a(I2C_I2C_INT.o)
                              .\CortexM0\ARM_GCC_541\Debug\Ds1307.a(I2C_I2C.o) (I2C_I2C_ISR)
.\CortexM0\ARM_GCC_541\Debug\Ds1307.a(LCD_BarGraph.o)
                              .\CortexM0\ARM_GCC_541\Debug\Ds1307.a(LCD.o) (LCD_LoadCustomFonts)
c:/program files (x86)/cypress/psoc creator/4.2/psoc creator/import/gnu/arm/5.4.1/bin/../lib/gcc/arm-none-eabi/5.4.1/armv6-m\libgcc.a(_udivsi3.o)
                              .\CortexM0\ARM_GCC_541\Debug\main.o (__aeabi_uidiv)
c:/program files (x86)/cypress/psoc creator/4.2/psoc creator/import/gnu/arm/5.4.1/bin/../lib/gcc/arm-none-eabi/5.4.1/armv6-m\libgcc.a(_divsi3.o)
                              .\CortexM0\ARM_GCC_541\Debug\main.o (__aeabi_idiv)
c:/program files (x86)/cypress/psoc creator/4.2/psoc creator/import/gnu/arm/5.4.1/bin/../lib/gcc/arm-none-eabi/5.4.1/armv6-m\libgcc.a(_dvmd_tls.o)
                              c:/program files (x86)/cypress/psoc creator/4.2/psoc creator/import/gnu/arm/5.4.1/bin/../lib/gcc/arm-none-eabi/5.4.1/armv6-m\libgcc.a(_udivsi3.o) (__aeabi_idiv0)
c:/program files (x86)/cypress/psoc creator/4.2/psoc creator/import/gnu/arm/5.4.1/bin/../lib/gcc/arm-none-eabi/5.4.1/armv6-m\libgcc.a(_aeabi_ldivmod.o)
                              .\CortexM0\ARM_GCC_541\Debug\Ds1307.a(ADC.o) (__aeabi_ldivmod)
c:/program files (x86)/cypress/psoc creator/4.2/psoc creator/import/gnu/arm/5.4.1/bin/../lib/gcc/arm-none-eabi/5.4.1/armv6-m\libgcc.a(_muldi3.o)
                              .\CortexM0\ARM_GCC_541\Debug\Ds1307.a(ADC.o) (__aeabi_lmul)
c:/program files (x86)/cypress/psoc creator/4.2/psoc creator/import/gnu/arm/5.4.1/bin/../lib/gcc/arm-none-eabi/5.4.1/armv6-m\libgcc.a(bpabi.o)
                              c:/program files (x86)/cypress/psoc creator/4.2/psoc creator/import/gnu/arm/5.4.1/bin/../lib/gcc/arm-none-eabi/5.4.1/armv6-m\libgcc.a(_aeabi_ldivmod.o) (__gnu_ldivmod_helper)
c:/program files (x86)/cypress/psoc creator/4.2/psoc creator/import/gnu/arm/5.4.1/bin/../lib/gcc/arm-none-eabi/5.4.1/armv6-m\libgcc.a(divsf3.o)
                              .\CortexM0\ARM_GCC_541\Debug\Ds1307.a(ADC.o) (__aeabi_fdiv)
[...]
Memory Configuration

Name             Origin             Length             Attributes
rom              0x00000000         0x00008000         xr
ram              0x20000000         0x00001000         xrw
*default*        0x00000000         0xffffffff

Linker script and memory map

LOAD c:/program files (x86)/cypress/psoc creator/4.2/psoc creator/import/gnu/arm/5.4.1/bin/../lib/gcc/arm-none-eabi/5.4.1/armv6-m/crti.o
LOAD c:/program files (x86)/cypress/psoc creator/4.2/psoc creator/import/gnu/arm/5.4.1/bin/../lib/gcc/arm-none-eabi/5.4.1/armv6-m/crtbegin.o
LOAD c:/program files (x86)/cypress/psoc creator/4.2/psoc creator/import/gnu/arm/5.4.1/bin/../lib/gcc/arm-none-eabi/5.4.1/../../../../arm-none-eabi/lib/armv6-m/crt0.o
START GROUP
LOAD .\CortexM0\ARM_GCC_541\Debug\main.o
LOAD .\CortexM0\ARM_GCC_541\Debug\ds1307.o
LOAD .\CortexM0\ARM_GCC_541\Debug\cyfitter_cfg.o
LOAD .\CortexM0\ARM_GCC_541\Debug\cymetadata.o
LOAD .\CortexM0\ARM_GCC_541\Debug\Cm0Start.o
LOAD .\CortexM0\ARM_GCC_541\Debug\Ds1307.a
END GROUP
START GROUP
LOAD c:/program files (x86)/cypress/psoc creator/4.2/psoc creator/import/gnu/arm/5.4.1/bin/../lib/gcc/arm-none-eabi/5.4.1/armv6-m\libgcc.a
LOAD c:/program files (x86)/cypress/psoc creator/4.2/psoc creator/import/gnu/arm/5.4.1/bin/../lib/gcc/arm-none-eabi/5.4.1/../../../../arm-none-eabi/lib/armv6-m\libg_nano.a
LOAD c:/program files (x86)/cypress/psoc creator/4.2/psoc creator/import/gnu/arm/5.4.1/bin/../lib/gcc/arm-none-eabi/5.4.1/../../../../arm-none-eabi/lib/armv6-m\libc_nano.a
END GROUP
START GROUP
LOAD c:/program files (x86)/cypress/psoc creator/4.2/psoc creator/import/gnu/arm/5.4.1/bin/../lib/gcc/arm-none-eabi/5.4.1/armv6-m\libgcc.a
LOAD c:/program files (x86)/cypress/psoc creator/4.2/psoc creator/import/gnu/arm/5.4.1/bin/../lib/gcc/arm-none-eabi/5.4.1/../../../../arm-none-eabi/lib/armv6-m\libc_nano.a
END GROUP
LOAD c:/program files (x86)/cypress/psoc creator/4.2/psoc creator/import/gnu/arm/5.4.1/bin/../lib/gcc/arm-none-eabi/5.4.1/armv6-m/crtend.o
LOAD c:/program files (x86)/cypress/psoc creator/4.2/psoc creator/import/gnu/arm/5.4.1/bin/../lib/gcc/arm-none-eabi/5.4.1/armv6-m/crtn.o
START GROUP
LOAD c:/program files (x86)/cypress/psoc creator/4.2/psoc creator/import/gnu/arm/5.4.1/bin/../lib/gcc/arm-none-eabi/5.4.1/armv6-m\libgcc.a
LOAD c:/program files (x86)/cypress/psoc creator/4.2/psoc creator/import/gnu/arm/5.4.1/bin/../lib/gcc/arm-none-eabi/5.4.1/../../../../arm-none-eabi/lib/armv6-m\libc.a
LOAD c:/program files (x86)/cypress/psoc creator/4.2/psoc creator/import/gnu/arm/5.4.1/bin/../lib/gcc/arm-none-eabi/5.4.1/../../../../arm-none-eabi/lib/armv6-m\libnosys.a
END GROUP
                0x00000000                CY_APPL_ORIGIN = 0x0
                0x00000080                CY_FLASH_ROW_SIZE = 0x80
                0x00000001                CY_APPL_NUM = 0x1
                0x00000001                CY_APPL_MAX = 0x1
                0x00000040                CY_METADATA_SIZE = 0x40
                0x00000000                CY_APPL_LOADABLE = 0x0
                0x00000000                CY_CHECKSUM_EXCLUDE_SIZE = ALIGN (0x0, CY_FLASH_ROW_SIZE)
                0x00000000                CY_APP_FOR_STACK_AND_COPIER = 0x0
                [!provide]                PROVIDE (__cy_heap_start, _end)
                0x00000001                PROVIDE (__cy_region_num, ((__cy_regions_end - __cy_regions) / 0x10))
                0x20001000                PROVIDE (__cy_stack, (ORIGIN (ram) + LENGTH (ram)))
                [!provide]                PROVIDE (__cy_heap_end, (__cy_stack - 0x400))

.cybootloader   0x00000000        0x0
 *(.cybootloader)
                0x00000000                appl1_start = CY_APPL_ORIGIN?CY_APPL_ORIGIN:ALIGN (CY_FLASH_ROW_SIZE)
                0x00003f80                appl2_start = (appl1_start + ALIGN ((((LENGTH (rom) - appl1_start) - (0x2 * CY_FLASH_ROW_SIZE)) / 0x2), CY_FLASH_ROW_SIZE))
                0x00000000                appl_start = (CY_APPL_NUM == 0x1)?appl1_start:appl2_start
                0x00000001                cy_project_type_bootloader = (appl_start == 0x0)?0x1:0x0
                0x00000000                cy_project_type_app_for_stack_and_copier = (CY_APP_FOR_STACK_AND_COPIER == 0x1)?0x1:0x0

.text           0x00000000     0x23c4
 CREATE_OBJECT_SYMBOLS
                0x00000000                PROVIDE (__cy_interrupt_vector, RomVectors)
 *(.romvectors)
 .romvectors    0x00000000       0x10 .\CortexM0\ARM_GCC_541\Debug\Cm0Start.o
                0x00000000                RomVectors
                0x00000001                ASSERT ((. != __cy_interrupt_vector), No interrupt vector)
                0x00000001                ASSERT (CY_APPL_ORIGIN?(SIZEOF (.cybootloader) <= CY_APPL_ORIGIN):0x1, Wrong image location)
                0x00000010                PROVIDE (__cy_reset, Reset)
 *(.text.Reset)
 .text.Reset    0x00000010        0x8 .\CortexM0\ARM_GCC_541\Debug\Cm0Start.o
                0x00000010                Reset
                0x00000001                ASSERT ((. != __cy_reset), No reset code)
 *(.psocinit)
 .psocinit      0x00000018      0x294 .\CortexM0\ARM_GCC_541\Debug\cyfitter_cfg.o
                0x000000fc                cyfitter_cfg
                0x000002ac                . = MAX (., 0x100)
 *(.text .text.* .gnu.linkonce.t.*)
 .text          0x000002ac       0x60 c:/program files (x86)/cypress/psoc creator/4.2/psoc creator/import/gnu/arm/5.4.1/bin/../lib/gcc/arm-none-eabi/5.4.1/armv6-m/crtbegin.o
 .text.RX_ISR   0x0000030c       0x34 .\CortexM0\ARM_GCC_541\Debug\main.o
                0x0000030c                RX_ISR
 .text.led_scan
                0x00000340       0x20 .\CortexM0\ARM_GCC_541\Debug\main.o
                0x00000340                led_scan
 .text.MY_ISR   0x00000360       0xa8 .\CortexM0\ARM_GCC_541\Debug\main.o
                0x00000360                MY_ISR
 .text.convertDecToBCD
                0x00000408       0x20 .\CortexM0\ARM_GCC_541\Debug\main.o
                0x00000408                convertDecToBCD
 .text.main     0x00000428      0x17c .\CortexM0\ARM_GCC_541\Debug\main.o
                0x00000428                main
 .text.RTC_I2C  0x000005a4       0x60 .\CortexM0\ARM_GCC_541\Debug\ds1307.o
                0x000005a4                RTC_I2C
 .text.DAY_DISPLAY
                0x00000604       0x78 .\CortexM0\ARM_GCC_541\Debug\ds1307.o
                0x00000604                DAY_DISPLAY
 .text.print_hour
                0x0000067c       0x18 .\CortexM0\ARM_GCC_541\Debug\ds1307.o
                0x0000067c                print_hour
 .text.print_minutes
                0x00000694       0x14 .\CortexM0\ARM_GCC_541\Debug\ds1307.o
                0x00000694                print_minutes
 .text.print_second
                0x000006a8       0x18 .\CortexM0\ARM_GCC_541\Debug\ds1307.o
                0x000006a8                print_second
 .text.print_yearMonthDay
                0x000006c0       0x14 .\CortexM0\ARM_GCC_541\Debug\ds1307.o
                0x000006c0                print_yearMonthDay
 .text.DS1307_DISPLAY_LCD
                0x000006d4       0x70 .\CortexM0\ARM_GCC_541\Debug\ds1307.o
                0x000006d4                DS1307_DISPLAY_LCD
 .text.SETUP_RTC
                0x00000744       0x60 .\CortexM0\ARM_GCC_541\Debug\ds1307.o
                0x00000744                SETUP_RTC
 .text.cfg_write_bytes32
                0x000007a4       0x34 .\CortexM0\ARM_GCC_541\Debug\cyfitter_cfg.o
 .text.AnalogSetDefault
                0x000007d8       0x10 .\CortexM0\ARM_GCC_541\Debug\cyfitter_cfg.o
 .text.CYMEMZERO
                0x000007e8        0xc .\CortexM0\ARM_GCC_541\Debug\cyfitter_cfg.o
 .text.CYCONFIGCPYCODE
                0x000007f4        0x8 .\CortexM0\ARM_GCC_541\Debug\cyfitter_cfg.o
 .text.IntDefaultHandler
                0x000007fc       0x10 .\CortexM0\ARM_GCC_541\Debug\Cm0Start.o
                0x000007fc                IntDefaultHandler
 .text.Start_c  0x0000080c       0x48 .\CortexM0\ARM_GCC_541\Debug\Cm0Start.o
                0x0000080c                Start_c
 .text.initialize_psoc
                0x00000854       0x40 .\CortexM0\ARM_GCC_541\Debug\Cm0Start.o
                0x00000854                initialize_psoc
 .text.CyIntEnable
                0x00000894       0x14 .\CortexM0\ARM_GCC_541\Debug\Ds1307.a(CyLib.o)
                0x00000894                CyIntEnable
 .text.CyIntDisable
                0x000008a8       0x14 .\CortexM0\ARM_GCC_541\Debug\Ds1307.a(CyLib.o)
                0x000008a8                CyIntDisable
 .text.CyHalt   0x000008bc        0x4 .\CortexM0\ARM_GCC_541\Debug\Ds1307.a(CyLib.o)
                0x000008bc                CyHalt
 .text.CyIntSetVector
                0x000008c0       0x24 .\CortexM0\ARM_GCC_541\Debug\Ds1307.a(CyLib.o)
                0x000008c0                CyIntSetVector
 .text.CyIntSetPriority
                0x000008e4       0x4c .\CortexM0\ARM_GCC_541\Debug\Ds1307.a(CyLib.o)
                0x000008e4                CyIntSetPriority
 .text.CyDelay  0x00000930       0x30 .\CortexM0\ARM_GCC_541\Debug\Ds1307.a(CyLib.o)
                0x00000930                CyDelay
 .text.CyDelayUs
                0x00000960       0x14 .\CortexM0\ARM_GCC_541\Debug\Ds1307.a(CyLib.o)
                0x00000960                CyDelayUs
 .text.CySysClkWriteImoFreq
                0x00000974      0x164 .\CortexM0\ARM_GCC_541\Debug\Ds1307.a(CyLib.o)
                0x00000974                CySysClkWriteImoFreq
 .text.CySysWdtLocked
                0x00000ad8       0x14 .\CortexM0\ARM_GCC_541\Debug\Ds1307.a(CyLFClk.o)
 .text.CySysWdtLock
                0x00000aec       0x1c .\CortexM0\ARM_GCC_541\Debug\Ds1307.a(CyLFClk.o)
                0x00000aec                CySysWdtLock
 .text.CySysWdtUnlock
                0x00000b08       0x30 .\CortexM0\ARM_GCC_541\Debug\Ds1307.a(CyLFClk.o)
                0x00000b08                CySysWdtUnlock
 .text.CySysWdtClearInterrupt
                0x00000b38       0x4c .\CortexM0\ARM_GCC_541\Debug\Ds1307.a(CyLFClk.o)
                0x00000b38                CySysWdtClearInterrupt
 .text.CySysWdtIsr
                0x00000b84       0xa4 .\CortexM0\ARM_GCC_541\Debug\Ds1307.a(CyLFClk.o)
                0x00000b84                CySysWdtIsr
 .text.I2C_ScbEnableIntr
                0x00000c28        0xc .\CortexM0\ARM_GCC_541\Debug\Ds1307.a(I2C.o)
 .text.I2C_Init
                0x00000c34        0x8 .\CortexM0\ARM_GCC_541\Debug\Ds1307.a(I2C.o)
                0x00000c34                I2C_Init
 .text.I2C_Enable
                0x00000c3c       0x18 .\CortexM0\ARM_GCC_541\Debug\Ds1307.a(I2C.o)
                0x00000c3c                I2C_Enable
 .text.I2C_Start
                0x00000c54       0x20 .\CortexM0\ARM_GCC_541\Debug\Ds1307.a(I2C.o)
                0x00000c54                I2C_Start
 .text.I2C_I2CInit
                0x00000c74       0xc4 .\CortexM0\ARM_GCC_541\Debug\Ds1307.a(I2C_I2C.o)
                0x00000c74                I2C_I2CInit
 .text.I2C_I2CFwBlockReset
                0x00000d38       0x94 .\CortexM0\ARM_GCC_541\Debug\Ds1307.a(I2C_I2C.o)
                0x00000d38                I2C_I2CFwBlockReset
 .text.I2C_I2CMasterWaitOneUnit
                0x00000dcc       0x28 .\CortexM0\ARM_GCC_541\Debug\Ds1307.a(I2C_I2C_MASTER.o)
 .text.I2C_I2CMasterHandleStatus
                0x00000df4       0xc4 .\CortexM0\ARM_GCC_541\Debug\Ds1307.a(I2C_I2C_MASTER.o)
 .text.I2C_I2CMasterSendStart
                0x00000eb8       0xc4 .\CortexM0\ARM_GCC_541\Debug\Ds1307.a(I2C_I2C_MASTER.o)
                0x00000eb8                I2C_I2CMasterSendStart
 .text.I2C_I2CMasterSendStop
                0x00000f7c       0x58 .\CortexM0\ARM_GCC_541\Debug\Ds1307.a(I2C_I2C_MASTER.o)
                0x00000f7c                I2C_I2CMasterSendStop
 .text.I2C_I2CMasterWriteByte
                0x00000fd4       0x48 .\CortexM0\ARM_GCC_541\Debug\Ds1307.a(I2C_I2C_MASTER.o)
                0x00000fd4                I2C_I2CMasterWriteByte
 .text.I2C_I2CMasterReadByte
                0x0000101c       0x7c .\CortexM0\ARM_GCC_541\Debug\Ds1307.a(I2C_I2C_MASTER.o)
                0x0000101c                I2C_I2CMasterReadByte
 .text.I2C_I2CReStartGeneration
                0x00001098       0xc4 .\CortexM0\ARM_GCC_541\Debug\Ds1307.a(I2C_I2C_MASTER.o)
                0x00001098                I2C_I2CReStartGeneration
 .text.I2C_I2CMasterSendRestart
                0x0000115c       0x68 .\CortexM0\ARM_GCC_541\Debug\Ds1307.a(I2C_I2C_MASTER.o)
                0x0000115c                I2C_I2CMasterSendRestart
 .text.I2C_sda_Read
                0x000011c4       0x10 .\CortexM0\ARM_GCC_541\Debug\Ds1307.a(I2C_sda.o)
                0x000011c4                I2C_sda_Read
 .text.I2C_scl_Write
                0x000011d4       0x18 .\CortexM0\ARM_GCC_541\Debug\Ds1307.a(I2C_scl.o)
                0x000011d4                I2C_scl_Write
 .text.I2C_scl_Read
                0x000011ec       0x10 .\CortexM0\ARM_GCC_541\Debug\Ds1307.a(I2C_scl.o)
                0x000011ec                I2C_scl_Read
 .text.LCD_WrCntrlNib
                0x000011fc       0x34 .\CortexM0\ARM_GCC_541\Debug\Ds1307.a(LCD.o)
 .text.LCD_WrDatNib
                0x00001230       0x44 .\CortexM0\ARM_GCC_541\Debug\Ds1307.a(LCD.o)
 .text.LCD_IsReady
                0x00001274       0xb4 .\CortexM0\ARM_GCC_541\Debug\Ds1307.a(LCD.o)
                0x00001274                LCD_IsReady
 .text.LCD_WriteData
                0x00001328       0x18 .\CortexM0\ARM_GCC_541\Debug\Ds1307.a(LCD.o)
                0x00001328                LCD_WriteData
 .text.LCD_PrintString
                0x00001340       0x1c .\CortexM0\ARM_GCC_541\Debug\Ds1307.a(LCD.o)
                0x00001340                LCD_PrintString
 .text.LCD_PutChar
                0x0000135c        0x8 .\CortexM0\ARM_GCC_541\Debug\Ds1307.a(LCD.o)
                0x0000135c                LCD_PutChar
 .text.LCD_WriteControl
                0x00001364       0x18 .\CortexM0\ARM_GCC_541\Debug\Ds1307.a(LCD.o)
                0x00001364                LCD_WriteControl
 .text.LCD_Init
                0x0000137c       0x74 .\CortexM0\ARM_GCC_541\Debug\Ds1307.a(LCD.o)
                0x0000137c                LCD_Init
 .text.LCD_Enable
                0x000013f0       0x14 .\CortexM0\ARM_GCC_541\Debug\Ds1307.a(LCD.o)
                0x000013f0                LCD_Enable
 .text.LCD_Start
                0x00001404       0x20 .\CortexM0\ARM_GCC_541\Debug\Ds1307.a(LCD.o)
                0x00001404                LCD_Start
 .text.LCD_Position
                0x00001424       0x3c .\CortexM0\ARM_GCC_541\Debug\Ds1307.a(LCD.o)
                0x00001424                LCD_Position
 .text.LCD_PrintU32Number
                0x00001460       0x4c .\CortexM0\ARM_GCC_541\Debug\Ds1307.a(LCD.o)
                0x00001460                LCD_PrintU32Number
 .text.Pin_Ctrl_Write
                0x000014ac       0x18 .\CortexM0\ARM_GCC_541\Debug\Ds1307.a(Pin_Ctrl.o)
                0x000014ac                Pin_Ctrl_Write
 .text.Pin_7Seg_Write
                0x000014c4        0xc .\CortexM0\ARM_GCC_541\Debug\Ds1307.a(Pin_7Seg.o)
                0x000014c4                Pin_7Seg_Write
 .text.Timer_1_WriteCounter
                0x000014d0       0x10 .\CortexM0\ARM_GCC_541\Debug\Ds1307.a(Timer_1.o)
                0x000014d0                Timer_1_WriteCounter
 .text.Timer_1_WritePeriod
                0x000014e0       0x10 .\CortexM0\ARM_GCC_541\Debug\Ds1307.a(Timer_1.o)
                0x000014e0                Timer_1_WritePeriod
 .text.Timer_1_TriggerCommand
                0x000014f0       0x1c .\CortexM0\ARM_GCC_541\Debug\Ds1307.a(Timer_1.o)
                0x000014f0                Timer_1_TriggerCommand
 .text.Timer_1_Enable
                0x0000150c       0x24 .\CortexM0\ARM_GCC_541\Debug\Ds1307.a(Timer_1.o)
                0x0000150c                Timer_1_Enable
 .text.Timer_1_SetInterruptMode
                0x00001530        0xc .\CortexM0\ARM_GCC_541\Debug\Ds1307.a(Timer_1.o)
                0x00001530                Timer_1_SetInterruptMode
 .text.Timer_1_Init
                0x0000153c       0x30 .\CortexM0\ARM_GCC_541\Debug\Ds1307.a(Timer_1.o)
                0x0000153c                Timer_1_Init
 .text.Timer_1_Start
                0x0000156c       0x20 .\CortexM0\ARM_GCC_541\Debug\Ds1307.a(Timer_1.o)
                0x0000156c                Timer_1_Start
 .text.Timer_1_ClearInterrupt
                0x0000158c        0xc .\CortexM0\ARM_GCC_541\Debug\Ds1307.a(Timer_1.o)
                0x0000158c                Timer_1_ClearInterrupt
 .text.isr_1_SetVector
                0x00001598        0xc .\CortexM0\ARM_GCC_541\Debug\Ds1307.a(isr_1.o)
                0x00001598                isr_1_SetVector
 .text.isr_1_SetPriority
                0x000015a4       0x24 .\CortexM0\ARM_GCC_541\Debug\Ds1307.a(isr_1.o)
                0x000015a4                isr_1_SetPriority
 .text.isr_1_Enable
                0x000015c8       0x10 .\CortexM0\ARM_GCC_541\Debug\Ds1307.a(isr_1.o)
                0x000015c8                isr_1_Enable
 .text.isr_1_Disable
                0x000015d8       0x10 .\CortexM0\ARM_GCC_541\Debug\Ds1307.a(isr_1.o)
                0x000015d8                isr_1_Disable
 .text.isr_1_StartEx
                0x000015e8       0x1c .\CortexM0\ARM_GCC_541\Debug\Ds1307.a(isr_1.o)
                0x000015e8                isr_1_StartEx
 .text.ADC_Init
                0x00001604       0xfc .\CortexM0\ARM_GCC_541\Debug\Ds1307.a(ADC.o)
                0x00001604                ADC_Init
 .text.ADC_Enable
                0x00001700       0x24 .\CortexM0\ARM_GCC_541\Debug\Ds1307.a(ADC.o)
                0x00001700                ADC_Enable
 .text.ADC_Start
                0x00001724       0x20 .\CortexM0\ARM_GCC_541\Debug\Ds1307.a(ADC.o)
                0x00001724                ADC_Start
 .text.ADC_StartConvert
                0x00001744       0x14 .\CortexM0\ARM_GCC_541\Debug\Ds1307.a(ADC.o)
                0x00001744                ADC_StartConvert
 .text.ADC_IsEndConversion
                0x00001758       0x28 .\CortexM0\ARM_GCC_541\Debug\Ds1307.a(ADC.o)
                0x00001758                ADC_IsEndConversion
 .text.ADC_GetResult16
                0x00001780       0x2c .\CortexM0\ARM_GCC_541\Debug\Ds1307.a(ADC.o)
                0x00001780                ADC_GetResult16
 .text.ADC_CountsTo_mVolts
                0x000017ac       0x5c .\CortexM0\ARM_GCC_541\Debug\Ds1307.a(ADC.o)
                0x000017ac                ADC_CountsTo_mVolts
 .text.ADC_ISR  0x00001808        0xc .\CortexM0\ARM_GCC_541\Debug\Ds1307.a(ADC_INT.o)
                0x00001808                ADC_ISR
 .text.UART_Init
                0x00001814       0x34 .\CortexM0\ARM_GCC_541\Debug\Ds1307.a(UART.o)
                0x00001814                UART_Init
 .text.UART_Enable
                0x00001848       0x44 .\CortexM0\ARM_GCC_541\Debug\Ds1307.a(UART.o)
                0x00001848                UART_Enable
 .text.UART_Start
                0x0000188c       0x20 .\CortexM0\ARM_GCC_541\Debug\Ds1307.a(UART.o)
                0x0000188c                UART_Start
 .text.UART_GetChar
                0x000018ac       0x28 .\CortexM0\ARM_GCC_541\Debug\Ds1307.a(UART.o)
                0x000018ac                UART_GetChar
 .text.UART_PutChar
                0x000018d4       0x18 .\CortexM0\ARM_GCC_541\Debug\Ds1307.a(UART.o)
                0x000018d4                UART_PutChar
 .text.UART_PutString
                0x000018ec       0x28 .\CortexM0\ARM_GCC_541\Debug\Ds1307.a(UART.o)
                0x000018ec                UART_PutString
 .text.UART_IntClock_Start
                0x00001914       0x14 .\CortexM0\ARM_GCC_541\Debug\Ds1307.a(UART_IntClock.o)
                0x00001914                UART_IntClock_Start
 .text.isr_rx_SetVector
                0x00001928        0xc .\CortexM0\ARM_GCC_541\Debug\Ds1307.a(isr_rx.o)
                0x00001928                isr_rx_SetVector
 .text.isr_rx_SetPriority
                0x00001934       0x20 .\CortexM0\ARM_GCC_541\Debug\Ds1307.a(isr_rx.o)
                0x00001934                isr_rx_SetPriority
 .text.isr_rx_Enable
                0x00001954        0xc .\CortexM0\ARM_GCC_541\Debug\Ds1307.a(isr_rx.o)
                0x00001954                isr_rx_Enable
 .text.isr_rx_Disable
                0x00001960        0xc .\CortexM0\ARM_GCC_541\Debug\Ds1307.a(isr_rx.o)
                0x00001960                isr_rx_Disable
 .text.isr_rx_StartEx
                0x0000196c       0x1c .\CortexM0\ARM_GCC_541\Debug\Ds1307.a(isr_rx.o)
                0x0000196c                isr_rx_StartEx
 .text.PWM_1_Stop
                0x00001988       0x1c .\CortexM0\ARM_GCC_541\Debug\Ds1307.a(PWM_1.o)
                0x00001988                PWM_1_Stop
 .text.PWM_1_WriteCounter
                0x000019a4       0x10 .\CortexM0\ARM_GCC_541\Debug\Ds1307.a(PWM_1.o)
                0x000019a4                PWM_1_WriteCounter
 .text.PWM_1_WritePeriod
                0x000019b4       0x10 .\CortexM0\ARM_GCC_541\Debug\Ds1307.a(PWM_1.o)
                0x000019b4                PWM_1_WritePeriod
 .text.PWM_1_WriteCompare
                0x000019c4       0x10 .\CortexM0\ARM_GCC_541\Debug\Ds1307.a(PWM_1.o)
                0x000019c4                PWM_1_WriteCompare
 .text.PWM_1_TriggerCommand
                0x000019d4       0x1c .\CortexM0\ARM_GCC_541\Debug\Ds1307.a(PWM_1.o)
                0x000019d4                PWM_1_TriggerCommand
 .text.PWM_1_Enable
                0x000019f0       0x24 .\CortexM0\ARM_GCC_541\Debug\Ds1307.a(PWM_1.o)
                0x000019f0                PWM_1_Enable
 .text.PWM_1_SetInterruptMode
                0x00001a14        0xc .\CortexM0\ARM_GCC_541\Debug\Ds1307.a(PWM_1.o)
                0x00001a14                PWM_1_SetInterruptMode
 .text.PWM_1_Init
                0x00001a20       0x48 .\CortexM0\ARM_GCC_541\Debug\Ds1307.a(PWM_1.o)
                0x00001a20                PWM_1_Init
 .text.PWM_1_Start
                0x00001a68       0x20 .\CortexM0\ARM_GCC_541\Debug\Ds1307.a(PWM_1.o)
                0x00001a68                PWM_1_Start
 .text.PWM_2_Stop
                0x00001a88       0x1c .\CortexM0\ARM_GCC_541\Debug\Ds1307.a(PWM_2.o)
                0x00001a88                PWM_2_Stop
 .text.PWM_2_WriteCounter
                0x00001aa4       0x10 .\CortexM0\ARM_GCC_541\Debug\Ds1307.a(PWM_2.o)
                0x00001aa4                PWM_2_WriteCounter
 .text.PWM_2_WritePeriod
                0x00001ab4       0x10 .\CortexM0\ARM_GCC_541\Debug\Ds1307.a(PWM_2.o)
                0x00001ab4                PWM_2_WritePeriod
 .text.PWM_2_WriteCompare
                0x00001ac4       0x10 .\CortexM0\ARM_GCC_541\Debug\Ds1307.a(PWM_2.o)
                0x00001ac4                PWM_2_WriteCompare
 .text.PWM_2_TriggerCommand
                0x00001ad4       0x1c .\CortexM0\ARM_GCC_541\Debug\Ds1307.a(PWM_2.o)
                0x00001ad4                PWM_2_TriggerCommand
 .text.PWM_2_Enable
                0x00001af0       0x24 .\CortexM0\ARM_GCC_541\Debug\Ds1307.a(PWM_2.o)
                0x00001af0                PWM_2_Enable
 .text.PWM_2_SetInterruptMode
                0x00001b14        0xc .\CortexM0\ARM_GCC_541\Debug\Ds1307.a(PWM_2.o)
                0x00001b14                PWM_2_SetInterruptMode
 .text.PWM_2_Init
                0x00001b20       0x44 .\CortexM0\ARM_GCC_541\Debug\Ds1307.a(PWM_2.o)
                0x00001b20                PWM_2_Init
 .text.PWM_2_Start
                0x00001b64       0x20 .\CortexM0\ARM_GCC_541\Debug\Ds1307.a(PWM_2.o)
                0x00001b64                PWM_2_Start
 *fill*         0x00001b84        0x4 
 .text          0x00001b88       0x24 .\CortexM0\ARM_GCC_541\Debug\Ds1307.a(CyBootAsmGnu.o)
                0x00001b88                CyDelayCycles
                0x00001b9c                CyEnterCriticalSection
                0x00001ba4                CyExitCriticalSection
 .text.I2C_I2C_ISR
                0x00001bac      0x33c .\CortexM0\ARM_GCC_541\Debug\Ds1307.a(I2C_I2C_INT.o)
                0x00001bac                I2C_I2C_ISR
 .text.LCD_LoadCustomFonts
                0x00001ee8       0x2c .\CortexM0\ARM_GCC_541\Debug\Ds1307.a(LCD_BarGraph.o)
                0x00001ee8                LCD_LoadCustomFonts
 .text          0x00001f14      0x114 c:/program files (x86)/cypress/psoc creator/4.2/psoc creator/import/gnu/arm/5.4.1/bin/../lib/gcc/arm-none-eabi/5.4.1/armv6-m\libgcc.a(_udivsi3.o)
                0x00001f14                __aeabi_uidiv
                0x00001f14                __udivsi3
                0x00002020                __aeabi_uidivmod
 .text          0x00002028      0x1d4 c:/program files (x86)/cypress/psoc creator/4.2/psoc creator/import/gnu/arm/5.4.1/bin/../lib/gcc/arm-none-eabi/5.4.1/armv6-m\libgcc.a(_divsi3.o)
                0x00002028                __divsi3
                0x00002028                __aeabi_idiv
                0x000021f4                __aeabi_idivmod
 .text          0x000021fc        0x4 c:/program files (x86)/cypress/psoc creator/4.2/psoc creator/import/gnu/arm/5.4.1/bin/../lib/gcc/arm-none-eabi/5.4.1/armv6-m\libgcc.a(_dvmd_tls.o)
                0x000021fc                __aeabi_idiv0
                0x000021fc                __aeabi_ldiv0
 .text.atoi     0x00002200        0xc c:/program files (x86)/cypress/psoc creator/4.2/psoc creator/import/gnu/arm/5.4.1/bin/../lib/gcc/arm-none-eabi/5.4.1/../../../../arm-none-eabi/lib/armv6-m\libg_nano.a(lib_a-atoi.o)
                0x00002200                atoi
 .text.__errno  0x0000220c        0xc c:/program files (x86)/cypress/psoc creator/4.2/psoc creator/import/gnu/arm/5.4.1/bin/../lib/gcc/arm-none-eabi/5.4.1/../../../../arm-none-eabi/lib/armv6-m\libg_nano.a(lib_a-errno.o)
                0x0000220c                __errno
 .text.__libc_init_array
                0x00002218       0x4c c:/program files (x86)/cypress/psoc creator/4.2/psoc creator/import/gnu/arm/5.4.1/bin/../lib/gcc/arm-none-eabi/5.4.1/../../../../arm-none-eabi/lib/armv6-m\libg_nano.a(lib_a-init.o)
                0x00002218                __libc_init_array
 .text.memcpy   0x00002264       0x12 c:/program files (x86)/cypress/psoc creator/4.2/psoc creator/import/gnu/arm/5.4.1/bin/../lib/gcc/arm-none-eabi/5.4.1/../../../../arm-none-eabi/lib/armv6-m\libg_nano.a(lib_a-memcpy-stub.o)
                0x00002264                memcpy
 .text.memset   0x00002276       0x10 c:/program files (x86)/cypress/psoc creator/4.2/psoc creator/import/gnu/arm/5.4.1/bin/../lib/gcc/arm-none-eabi/5.4.1/../../../../arm-none-eabi/lib/armv6-m\libg_nano.a(lib_a-memset.o)
                0x00002276                memset
 *fill*         0x00002286        0x2 
 .text._strtol_r
                0x00002288      0x124 c:/program files (x86)/cypress/psoc creator/4.2/psoc creator/import/gnu/arm/5.4.1/bin/../lib/gcc/arm-none-eabi/5.4.1/../../../../arm-none-eabi/lib/armv6-m\libg_nano.a(lib_a-strtol.o)
                0x00002288                _strtol_r
 .text.strtol   0x000023ac       0x18 c:/program files (x86)/cypress/psoc creator/4.2/psoc creator/import/gnu/arm/5.4.1/bin/../lib/gcc/arm-none-eabi/5.4.1/../../../../arm-none-eabi/lib/armv6-m\libg_nano.a(lib_a-strtol.o)
                0x000023ac                strtol
 *(.plt)
 *(.gnu.warning)
 *(.glue_7t)
 .glue_7t       0x000023c4        0x0 linker stubs
 *(.glue_7)
 .glue_7        0x000023c4        0x0 linker stubs
 *(.vfp11_veneer)
 .vfp11_veneer  0x000023c4        0x0 linker stubs
 *(.bootloader)
 *(.ARM.extab* .gnu.linkonce.armextab.*)
 *(.gcc_except_table)

.v4_bx          0x000023c4        0x0
 .v4_bx         0x000023c4        0x0 linker stubs

.iplt           0x000023c4        0x0
 .iplt          0x000023c4        0x0 c:/program files (x86)/cypress/psoc creator/4.2/psoc creator/import/gnu/arm/5.4.1/bin/../lib/gcc/arm-none-eabi/5.4.1/armv6-m/crtbegin.o

.eh_frame_hdr
 *(.eh_frame_hdr)

.eh_frame       0x000023c4        0x4
 *(.eh_frame)
 .eh_frame      0x000023c4        0x0 c:/program files (x86)/cypress/psoc creator/4.2/psoc creator/import/gnu/arm/5.4.1/bin/../lib/gcc/arm-none-eabi/5.4.1/armv6-m/crtbegin.o
 .eh_frame      0x000023c4        0x4 c:/program files (x86)/cypress/psoc creator/4.2/psoc creator/import/gnu/arm/5.4.1/bin/../lib/gcc/arm-none-eabi/5.4.1/armv6-m/crtend.o
                [!provide]                PROVIDE (__exidx_start, .)

.ARM.exidx
 *(.ARM.exidx* .gnu.linkonce.armexidx.*)
                0x000023c8                __exidx_end = .

.rodata         0x000023c8      0x520
 *(.rodata .rodata.* .gnu.linkonce.r.*)
 .rodata        0x000023c8        0xc .\CortexM0\ARM_GCC_541\Debug\main.o
                0x000023c8                sevenSeg
 .rodata.str1.4
                0x000023d4        0xe .\CortexM0\ARM_GCC_541\Debug\main.o
 *fill*         0x000023e2        0x2 
 .rodata        0x000023e4       0x20 .\CortexM0\ARM_GCC_541\Debug\ds1307.o
 .rodata.str1.4
                0x00002404       0x28 .\CortexM0\ARM_GCC_541\Debug\ds1307.o
                                 0x27 (size before relaxing)
 .rodata        0x0000242c      0x310 .\CortexM0\ARM_GCC_541\Debug\cyfitter_cfg.o
 .rodata        0x0000273c       0x2e .\CortexM0\ARM_GCC_541\Debug\Ds1307.a(CyLib.o)
                0x0000273c                cyImoFreqMhz2Reg
 *fill*         0x0000276a        0x2 
 .rodata        0x0000276c       0x40 .\CortexM0\ARM_GCC_541\Debug\Ds1307.a(LCD_BarGraph.o)
                0x0000276c                LCD_customFonts
 .rodata.str1.1
                0x000027ac        0x2 c:/program files (x86)/cypress/psoc creator/4.2/psoc creator/import/gnu/arm/5.4.1/bin/../lib/gcc/arm-none-eabi/5.4.1/../../../../arm-none-eabi/lib/armv6-m\libg_nano.a(lib_a-impure.o)
 .rodata._ctype_
                0x000027ae      0x101 c:/program files (x86)/cypress/psoc creator/4.2/psoc creator/import/gnu/arm/5.4.1/bin/../lib/gcc/arm-none-eabi/5.4.1/../../../../arm-none-eabi/lib/armv6-m\libg_nano.a(lib_a-ctype_.o)
                0x000027ae                _ctype_
                0x000028b0                . = ALIGN (0x4)
 *fill*         0x000028af        0x1 
 *(.init)
 .init          0x000028b0        0x4 c:/program files (x86)/cypress/psoc creator/4.2/psoc creator/import/gnu/arm/5.4.1/bin/../lib/gcc/arm-none-eabi/5.4.1/armv6-m/crti.o
                0x000028b0                _init
 .init          0x000028b4        0x8 c:/program files (x86)/cypress/psoc creator/4.2/psoc creator/import/gnu/arm/5.4.1/bin/../lib/gcc/arm-none-eabi/5.4.1/armv6-m/crtn.o
                0x000028bc                . = ALIGN (0x4)
                0x000028bc                __preinit_array_start = .
 *(.preinit_array)
                0x000028bc                __preinit_array_end = .
                0x000028bc                . = ALIGN (0x4)
                0x000028bc                __init_array_start = .
 *(SORT(.init_array.*))
 *(.init_array)
 .init_array    0x000028bc        0x4 c:/program files (x86)/cypress/psoc creator/4.2/psoc creator/import/gnu/arm/5.4.1/bin/../lib/gcc/arm-none-eabi/5.4.1/armv6-m/crtbegin.o
 .init_array    0x000028c0        0x4 .\CortexM0\ARM_GCC_541\Debug\Cm0Start.o
                0x000028c4                __init_array_end = .
                0x000028c4                . = ALIGN (0x4)
 *(.fini)
 .fini          0x000028c4        0x4 c:/program files (x86)/cypress/psoc creator/4.2/psoc creator/import/gnu/arm/5.4.1/bin/../lib/gcc/arm-none-eabi/5.4.1/armv6-m/crti.o
                0x000028c4                _fini
 .fini          0x000028c8        0x8 c:/program files (x86)/cypress/psoc creator/4.2/psoc creator/import/gnu/arm/5.4.1/bin/../lib/gcc/arm-none-eabi/5.4.1/armv6-m/crtn.o
                0x000028d0                . = ALIGN (0x4)
                0x000028d0                __fini_array_start = .
 *(.fini_array)
 .fini_array    0x000028d0        0x4 c:/program files (x86)/cypress/psoc creator/4.2/psoc creator/import/gnu/arm/5.4.1/bin/../lib/gcc/arm-none-eabi/5.4.1/armv6-m/crtbegin.o
 *(SORT(.fini_array.*))
                0x000028d4                __fini_array_end = .
                0x000028d4                . = ALIGN (0x4)
 *crtbegin.o(.ctors)
 *(EXCLUDE_FILE(*crtend.o) .ctors)
 *(SORT(.ctors.*))
 *crtend.o(.ctors)
                0x000028d4                . = ALIGN (0x4)
 *crtbegin.o(.dtors)
 *(EXCLUDE_FILE(*crtend.o) .dtors)
 *(SORT(.dtors.*))
 *crtend.o(.dtors)
                0x000028d4                . = ALIGN (0x4)
                0x000028d4                __cy_regions = .
                0x000028d4        0x4 LONG 0x28e8 __cy_region_init_ram
                0x000028d8        0x4 LONG 0x200000c0 __cy_region_start_data
                0x000028dc        0x4 LONG 0x88 __cy_region_init_size_ram
                0x000028e0        0x4 LONG 0xd8 __cy_region_zero_size_ram
                0x000028e4                __cy_regions_end = .
                0x000028e8                . = ALIGN (0x8)
 *fill*         0x000028e4        0x4 
                0x000028e8                _etext = .

.cy_checksum_exclude
                0x000028e8        0x0
 *(.cy_checksum_exclude)

.ramvectors     0x20000000       0xc0
                0x20000000                __cy_region_start_ram = .
 *(.ramvectors)
 .ramvectors    0x20000000       0xc0 .\CortexM0\ARM_GCC_541\Debug\Cm0Start.o
                0x20000000                CyRamVectors

.noinit
 *(.noinit)

.data           0x200000c0       0x88 load address 0x000028e8
                0x200000c0                __cy_region_start_data = .
 *(.jcr)
 .jcr           0x200000c0        0x0 c:/program files (x86)/cypress/psoc creator/4.2/psoc creator/import/gnu/arm/5.4.1/bin/../lib/gcc/arm-none-eabi/5.4.1/armv6-m/crtbegin.o
 .jcr           0x200000c0        0x4 c:/program files (x86)/cypress/psoc creator/4.2/psoc creator/import/gnu/arm/5.4.1/bin/../lib/gcc/arm-none-eabi/5.4.1/armv6-m/crtend.o
 *(.got.plt)
 *(.got)
 *(.shdata)
 *(.data .data.* .gnu.linkonce.d.*)
 .data          0x200000c4       0x14 .\CortexM0\ARM_GCC_541\Debug\Ds1307.a(CyLib.o)
                0x200000c4                CySysClkPumpConfig
                0x200000c8                cydelay32kMs
                0x200000cc                cydelayFreqKhz
                0x200000d0                cydelayFreqMhz
                0x200000d4                cydelayFreqHz
 .data          0x200000d8        0x4 .\CortexM0\ARM_GCC_541\Debug\Ds1307.a(CyLFClk.o)
 .data.impure_data
                0x200000dc       0x60 c:/program files (x86)/cypress/psoc creator/4.2/psoc creator/import/gnu/arm/5.4.1/bin/../lib/gcc/arm-none-eabi/5.4.1/../../../../arm-none-eabi/lib/armv6-m\libg_nano.a(lib_a-impure.o)
 .data._impure_ptr
                0x2000013c        0x4 c:/program files (x86)/cypress/psoc creator/4.2/psoc creator/import/gnu/arm/5.4.1/bin/../lib/gcc/arm-none-eabi/5.4.1/../../../../arm-none-eabi/lib/armv6-m\libg_nano.a(lib_a-impure.o)
                0x2000013c                _impure_ptr
 .data.__ctype_ptr__
                0x20000140        0x4 c:/program files (x86)/cypress/psoc creator/4.2/psoc creator/import/gnu/arm/5.4.1/bin/../lib/gcc/arm-none-eabi/5.4.1/../../../../arm-none-eabi/lib/armv6-m\libg_nano.a(lib_a-ctype_.o)
                0x20000140                __ctype_ptr__
                0x20000148                . = ALIGN (0x8)
 *fill*         0x20000144        0x4 
 *(.ram)
                0x20000148                _edata = .

.igot.plt       0x20000148        0x0 load address 0x00002970
 .igot.plt      0x20000148        0x0 c:/program files (x86)/cypress/psoc creator/4.2/psoc creator/import/gnu/arm/5.4.1/bin/../lib/gcc/arm-none-eabi/5.4.1/armv6-m/crtbegin.o

.bss            0x20000148       0xd8 load address 0x00002970
                0x20000148                PROVIDE (__bss_start__, .)
 *(.shbss)
 *(.bss .bss.* .gnu.linkonce.b.*)
 .bss           0x20000148       0x1c c:/program files (x86)/cypress/psoc creator/4.2/psoc creator/import/gnu/arm/5.4.1/bin/../lib/gcc/arm-none-eabi/5.4.1/armv6-m/crtbegin.o
 .bss           0x20000164        0xa .\CortexM0\ARM_GCC_541\Debug\main.o
                0x20000164                flag_uart
                0x20000166                vr_timer_7seg
                0x20000168                vr_timer_temp
                0x2000016a                vr_timer_count
                0x2000016c                flag_count
                0x2000016d                flag_timer
 *fill*         0x2000016e        0x2 
 .bss           0x20000170       0x20 .\CortexM0\ARM_GCC_541\Debug\Ds1307.a(CyLFClk.o)
 .bss           0x20000190        0x8 .\CortexM0\ARM_GCC_541\Debug\Ds1307.a(I2C.o)
                0x20000190                I2C_initVar
                0x20000194                I2C_customIntrHandler
 .bss           0x20000198        0x2 .\CortexM0\ARM_GCC_541\Debug\Ds1307.a(LCD.o)
                0x20000198                LCD_enableState
                0x20000199                LCD_initVar
 .bss           0x2000019a        0x1 .\CortexM0\ARM_GCC_541\Debug\Ds1307.a(Timer_1.o)
                0x2000019a                Timer_1_initVar
 .bss           0x2000019b        0x1 .\CortexM0\ARM_GCC_541\Debug\Ds1307.a(ADC.o)
                0x2000019b                ADC_initVar
 .bss           0x2000019c        0x2 .\CortexM0\ARM_GCC_541\Debug\Ds1307.a(UART.o)
                0x2000019c                UART_initVar
 .bss           0x2000019e        0x1 .\CortexM0\ARM_GCC_541\Debug\Ds1307.a(PWM_1.o)
                0x2000019e                PWM_1_initVar
 .bss           0x2000019f        0x1 .\CortexM0\ARM_GCC_541\Debug\Ds1307.a(PWM_2.o)
                0x2000019f                PWM_2_initVar
 *(COMMON)
 COMMON         0x200001a0       0x4c .\CortexM0\ARM_GCC_541\Debug\main.o
                0x200001a0                vr_led_7_3
                0x200001a4                temp
                0x200001a8                vrUart
                0x200001a9                vr_led_7_4
                0x200001aa                vr_led_7_1
                0x200001ab                Data
                0x200001ac                vrCnv
                0x200001b0                vr_led_7_2
                0x200001b1                indexBuffer
                0x200001b4                Buffer
                0x200001e8                value
 COMMON         0x200001ec        0x7 .\CortexM0\ARM_GCC_541\Debug\ds1307.o
                0x200001ec                Table
 COMMON         0x200001f3        0x1 .\CortexM0\ARM_GCC_541\Debug\Ds1307.a(I2C_I2C.o)
                0x200001f3                I2C_state
 COMMON         0x200001f4       0x24 .\CortexM0\ARM_GCC_541\Debug\Ds1307.a(I2C_I2C_MASTER.o)
                0x200001f4                I2C_mstrWrBufIndexTmp
                0x200001f8                I2C_mstrWrBufIndex
                0x200001fc                I2C_mstrWrBufSize
                0x20000200                I2C_mstrStatus
                0x20000204                I2C_mstrRdBufPtr
                0x20000208                I2C_mstrControl
                0x2000020c                I2C_mstrRdBufSize
                0x20000210                I2C_mstrRdBufIndex
                0x20000214                I2C_mstrWrBufPtr
 COMMON         0x20000218        0x6 .\CortexM0\ARM_GCC_541\Debug\Ds1307.a(ADC.o)
                0x20000218                ADC_countsPer10Volt
                0x2000021c                ADC_offset
                0x20000220                . = ALIGN (0x8)
 *fill*         0x2000021e        0x2 
 *(.ram.b)
                0x20000220                _end = .
                0x20000220                __end = .
                0x20000220                PROVIDE (end, .)
                0x20000220                PROVIDE (__bss_end__, .)
                0x000028e8                __cy_region_init_ram = LOADADDR (.data)
                0x00000088                __cy_region_init_size_ram = (_edata - ADDR (.data))
                0x000000d8                __cy_region_zero_size_ram = (_end - _edata)

.heap           0x20000220       0x80 load address 0x00002970
                0x20000220                . = _end
                0x200002a0                . = (. + 0x80)
 *fill*         0x20000220       0x80 
                0x200002a0                __cy_heap_limit = .

.stack          0x20000c00      0x400
                0x20000c00                __cy_stack_limit = .
                0x20001000                . = (. + 0x400)
 *fill*         0x20000c00      0x400 
                0x00000001                ASSERT ((__cy_stack_limit >= __cy_heap_limit), region RAM overflowed with stack)
                0x00000000                cy_checksum_exclude_size = (CY_APPL_LOADABLE == 0x1)?SIZEOF (.cy_checksum_exclude):0x0
                0x00000001                ASSERT ((cy_checksum_exclude_size <= CY_CHECKSUM_EXCLUDE_SIZE), CY_BOOT: Section .cy_checksum_exclude size exceedes specified limit.)
                0x00007fc0                cyloadermeta_start = (cy_project_type_bootloader || cy_project_type_app_for_stack_and_copier)?(LENGTH (rom) - CY_METADATA_SIZE):0xf0000000

.cyloadermeta
 *(.cyloadermeta)
                0x00007fc0                cyloadablemeta_start = cy_project_type_app_for_stack_and_copier?((LENGTH (rom) - CY_FLASH_ROW_SIZE) - CY_METADATA_SIZE):((LENGTH (rom) - (CY_FLASH_ROW_SIZE * (CY_APPL_NUM - 0x1))) - CY_METADATA_SIZE)

.cyloadablemeta
 *(.cyloadablemeta)

.cyflashprotect
                0x90400000       0x20
 *(.cyflashprotect)
 .cyflashprotect
                0x90400000       0x20 .\CortexM0\ARM_GCC_541\Debug\cymetadata.o
                0x90400000                cy_meta_flashprotect

.cymeta         0x90500000        0xc
 *(.cymeta)
 .cymeta        0x90500000        0xc .\CortexM0\ARM_GCC_541\Debug\cymetadata.o
                0x90500000                cy_metadata

.cychipprotect  0x90600000        0x1
 *(.cychipprotect)
 .cychipprotect
                0x90600000        0x1 .\CortexM0\ARM_GCC_541\Debug\cymetadata.o
                0x90600000                cy_meta_chipprotect

.rel.dyn        0x00002970        0x0 load address 0x90600004
 .rel.iplt      0x00002970        0x0 c:/program files (x86)/cypress/psoc creator/4.2/psoc creator/import/gnu/arm/5.4.1/bin/../lib/gcc/arm-none-eabi/5.4.1/armv6-m/crtbegin.o

.stab
 *(.stab)

.stabstr
 *(.stabstr)

.debug
 *(.debug)

.line
 *(.line)

.debug_srcinfo
 *(.debug_srcinfo)

.debug_sfnames
 *(.debug_sfnames)

.debug_aranges  0x00000000      0xe50
 *(.debug_aranges)
 .debug_aranges
                0x00000000       0x40 .\CortexM0\ARM_GCC_541\Debug\main.o
 .debug_aranges
                0x00000040       0x58 .\CortexM0\ARM_GCC_541\Debug\ds1307.o
 .debug_aranges
                0x00000098       0x50 .\CortexM0\ARM_GCC_541\Debug\cyfitter_cfg.o
 .debug_aranges
                0x000000e8       0x18 .\CortexM0\ARM_GCC_541\Debug\cymetadata.o
 .debug_aranges
                0x00000100       0x48 .\CortexM0\ARM_GCC_541\Debug\Cm0Start.o
 .debug_aranges
                0x00000148      0x180 .\CortexM0\ARM_GCC_541\Debug\Ds1307.a(CyLib.o)
 .debug_aranges
                0x000002c8      0x138 .\CortexM0\ARM_GCC_541\Debug\Ds1307.a(CyLFClk.o)
 .debug_aranges
                0x00000400       0x68 .\CortexM0\ARM_GCC_541\Debug\Ds1307.a(I2C.o)
 .debug_aranges
                0x00000468       0x30 .\CortexM0\ARM_GCC_541\Debug\Ds1307.a(I2C_I2C.o)
 .debug_aranges
                0x00000498       0x98 .\CortexM0\ARM_GCC_541\Debug\Ds1307.a(I2C_I2C_MASTER.o)
 .debug_aranges
                0x00000530       0x48 .\CortexM0\ARM_GCC_541\Debug\Ds1307.a(I2C_sda.o)
 .debug_aranges
                0x00000578       0x48 .\CortexM0\ARM_GCC_541\Debug\Ds1307.a(I2C_scl.o)
 .debug_aranges
                0x000005c0       0x98 .\CortexM0\ARM_GCC_541\Debug\Ds1307.a(LCD.o)
 .debug_aranges
                0x00000658       0x48 .\CortexM0\ARM_GCC_541\Debug\Ds1307.a(Pin_Ctrl.o)
 .debug_aranges
                0x000006a0       0x48 .\CortexM0\ARM_GCC_541\Debug\Ds1307.a(Pin_7Seg.o)
 .debug_aranges
                0x000006e8      0x158 .\CortexM0\ARM_GCC_541\Debug\Ds1307.a(Timer_1.o)
 .debug_aranges
                0x00000840       0x80 .\CortexM0\ARM_GCC_541\Debug\Ds1307.a(isr_1.o)
 .debug_aranges
                0x000008c0       0xa8 .\CortexM0\ARM_GCC_541\Debug\Ds1307.a(ADC.o)
 .debug_aranges
                0x00000968       0x20 .\CortexM0\ARM_GCC_541\Debug\Ds1307.a(ADC_INT.o)
 .debug_aranges
                0x00000988       0xf0 .\CortexM0\ARM_GCC_541\Debug\Ds1307.a(UART.o)
 .debug_aranges
                0x00000a78       0x40 .\CortexM0\ARM_GCC_541\Debug\Ds1307.a(UART_IntClock.o)
 .debug_aranges
                0x00000ab8       0x80 .\CortexM0\ARM_GCC_541\Debug\Ds1307.a(isr_rx.o)
 .debug_aranges
                0x00000b38      0x158 .\CortexM0\ARM_GCC_541\Debug\Ds1307.a(PWM_1.o)
 .debug_aranges
                0x00000c90      0x158 .\CortexM0\ARM_GCC_541\Debug\Ds1307.a(PWM_2.o)
 .debug_aranges
                0x00000de8       0x20 .\CortexM0\ARM_GCC_541\Debug\Ds1307.a(CyBootAsmGnu.o)
 .debug_aranges
                0x00000e08       0x20 .\CortexM0\ARM_GCC_541\Debug\Ds1307.a(I2C_I2C_INT.o)
 .debug_aranges
                0x00000e28       0x28 .\CortexM0\ARM_GCC_541\Debug\Ds1307.a(LCD_BarGraph.o)

.debug_pubnames
 *(.debug_pubnames)

.debug_info     0x00000000     0x7c2f
 *(.debug_info .gnu.linkonce.wi.*)
 .debug_info    0x00000000      0x60f .\CortexM0\ARM_GCC_541\Debug\main.o
 .debug_info    0x0000060f      0x5f6 .\CortexM0\ARM_GCC_541\Debug\ds1307.o
 .debug_info    0x00000c05      0x56a .\CortexM0\ARM_GCC_541\Debug\cyfitter_cfg.o
 .debug_info    0x0000116f       0xf8 .\CortexM0\ARM_GCC_541\Debug\cymetadata.o
 .debug_info    0x00001267      0x3a2 .\CortexM0\ARM_GCC_541\Debug\Cm0Start.o
 .debug_info    0x00001609      0xaec .\CortexM0\ARM_GCC_541\Debug\Ds1307.a(CyLib.o)
 .debug_info    0x000020f5      0xcfe .\CortexM0\ARM_GCC_541\Debug\Ds1307.a(CyLFClk.o)
 .debug_info    0x00002df3      0x2aa .\CortexM0\ARM_GCC_541\Debug\Ds1307.a(I2C.o)
 .debug_info    0x0000309d      0x195 .\CortexM0\ARM_GCC_541\Debug\Ds1307.a(I2C_I2C.o)
 .debug_info    0x00003232      0x91d .\CortexM0\ARM_GCC_541\Debug\Ds1307.a(I2C_I2C_MASTER.o)
 .debug_info    0x00003b4f      0x19d .\CortexM0\ARM_GCC_541\Debug\Ds1307.a(I2C_sda.o)
 .debug_info    0x00003cec      0x19b .\CortexM0\ARM_GCC_541\Debug\Ds1307.a(I2C_scl.o)
 .debug_info    0x00003e87      0x75e .\CortexM0\ARM_GCC_541\Debug\Ds1307.a(LCD.o)
 .debug_info    0x000045e5      0x19b .\CortexM0\ARM_GCC_541\Debug\Ds1307.a(Pin_Ctrl.o)
 .debug_info    0x00004780      0x197 .\CortexM0\ARM_GCC_541\Debug\Ds1307.a(Pin_7Seg.o)
 .debug_info    0x00004917      0x8f6 .\CortexM0\ARM_GCC_541\Debug\Ds1307.a(Timer_1.o)
 .debug_info    0x0000520d      0x305 .\CortexM0\ARM_GCC_541\Debug\Ds1307.a(isr_1.o)
 .debug_info    0x00005512      0x579 .\CortexM0\ARM_GCC_541\Debug\Ds1307.a(ADC.o)
 .debug_info    0x00005a8b       0xcb .\CortexM0\ARM_GCC_541\Debug\Ds1307.a(ADC_INT.o)
 .debug_info    0x00005b56      0x60a .\CortexM0\ARM_GCC_541\Debug\Ds1307.a(UART.o)
 .debug_info    0x00006160      0x14e .\CortexM0\ARM_GCC_541\Debug\Ds1307.a(UART_IntClock.o)
 .debug_info    0x000062ae      0x305 .\CortexM0\ARM_GCC_541\Debug\Ds1307.a(isr_rx.o)
 .debug_info    0x000065b3      0x90b .\CortexM0\ARM_GCC_541\Debug\Ds1307.a(PWM_1.o)
 .debug_info    0x00006ebe      0x909 .\CortexM0\ARM_GCC_541\Debug\Ds1307.a(PWM_2.o)
 .debug_info    0x000077c7       0x89 .\CortexM0\ARM_GCC_541\Debug\Ds1307.a(CyBootAsmGnu.o)
 .debug_info    0x00007850      0x1a8 .\CortexM0\ARM_GCC_541\Debug\Ds1307.a(I2C_I2C_INT.o)
 .debug_info    0x000079f8      0x237 .\CortexM0\ARM_GCC_541\Debug\Ds1307.a(LCD_BarGraph.o)

.debug_abbrev   0x00000000     0x1f55
 *(.debug_abbrev)
 .debug_abbrev  0x00000000      0x175 .\CortexM0\ARM_GCC_541\Debug\main.o
 .debug_abbrev  0x00000175      0x12f .\CortexM0\ARM_GCC_541\Debug\ds1307.o
 .debug_abbrev  0x000002a4      0x1f9 .\CortexM0\ARM_GCC_541\Debug\cyfitter_cfg.o
 .debug_abbrev  0x0000049d       0x5d .\CortexM0\ARM_GCC_541\Debug\cymetadata.o
 .debug_abbrev  0x000004fa      0x1d7 .\CortexM0\ARM_GCC_541\Debug\Cm0Start.o
 .debug_abbrev  0x000006d1      0x1e0 .\CortexM0\ARM_GCC_541\Debug\Ds1307.a(CyLib.o)
 .debug_abbrev  0x000008b1      0x210 .\CortexM0\ARM_GCC_541\Debug\Ds1307.a(CyLFClk.o)
 .debug_abbrev  0x00000ac1      0x130 .\CortexM0\ARM_GCC_541\Debug\Ds1307.a(I2C.o)
 .debug_abbrev  0x00000bf1       0xc7 .\CortexM0\ARM_GCC_541\Debug\Ds1307.a(I2C_I2C.o)
 .debug_abbrev  0x00000cb8      0x1b3 .\CortexM0\ARM_GCC_541\Debug\Ds1307.a(I2C_I2C_MASTER.o)
 .debug_abbrev  0x00000e6b       0xc8 .\CortexM0\ARM_GCC_541\Debug\Ds1307.a(I2C_sda.o)
 .debug_abbrev  0x00000f33       0xc8 .\CortexM0\ARM_GCC_541\Debug\Ds1307.a(I2C_scl.o)
 .debug_abbrev  0x00000ffb      0x182 .\CortexM0\ARM_GCC_541\Debug\Ds1307.a(LCD.o)
 .debug_abbrev  0x0000117d       0xc8 .\CortexM0\ARM_GCC_541\Debug\Ds1307.a(Pin_Ctrl.o)
 .debug_abbrev  0x00001245       0xb9 .\CortexM0\ARM_GCC_541\Debug\Ds1307.a(Pin_7Seg.o)
 .debug_abbrev  0x000012fe      0x119 .\CortexM0\ARM_GCC_541\Debug\Ds1307.a(Timer_1.o)
 .debug_abbrev  0x00001417      0x19a .\CortexM0\ARM_GCC_541\Debug\Ds1307.a(isr_1.o)
 .debug_abbrev  0x000015b1      0x184 .\CortexM0\ARM_GCC_541\Debug\Ds1307.a(ADC.o)
 .debug_abbrev  0x00001735       0x65 .\CortexM0\ARM_GCC_541\Debug\Ds1307.a(ADC_INT.o)
 .debug_abbrev  0x0000179a      0x175 .\CortexM0\ARM_GCC_541\Debug\Ds1307.a(UART.o)
 .debug_abbrev  0x0000190f       0xb7 .\CortexM0\ARM_GCC_541\Debug\Ds1307.a(UART_IntClock.o)
 .debug_abbrev  0x000019c6      0x19a .\CortexM0\ARM_GCC_541\Debug\Ds1307.a(isr_rx.o)
 .debug_abbrev  0x00001b60      0x119 .\CortexM0\ARM_GCC_541\Debug\Ds1307.a(PWM_1.o)
 .debug_abbrev  0x00001c79      0x119 .\CortexM0\ARM_GCC_541\Debug\Ds1307.a(PWM_2.o)
 .debug_abbrev  0x00001d92       0x14 .\CortexM0\ARM_GCC_541\Debug\Ds1307.a(CyBootAsmGnu.o)
 .debug_abbrev  0x00001da6       0xa4 .\CortexM0\ARM_GCC_541\Debug\Ds1307.a(I2C_I2C_INT.o)
 .debug_abbrev  0x00001e4a      0x10b .\CortexM0\ARM_GCC_541\Debug\Ds1307.a(LCD_BarGraph.o)

.debug_line     0x00000000     0x3392
 *(.debug_line)
 .debug_line    0x00000000      0x2e9 .\CortexM0\ARM_GCC_541\Debug\main.o
 .debug_line    0x000002e9      0x25c .\CortexM0\ARM_GCC_541\Debug\ds1307.o
 .debug_line    0x00000545      0x1d7 .\CortexM0\ARM_GCC_541\Debug\cyfitter_cfg.o
 .debug_line    0x0000071c      0x141 .\CortexM0\ARM_GCC_541\Debug\cymetadata.o
 .debug_line    0x0000085d      0x235 .\CortexM0\ARM_GCC_541\Debug\Cm0Start.o
 .debug_line    0x00000a92      0x460 .\CortexM0\ARM_GCC_541\Debug\Ds1307.a(CyLib.o)
 .debug_line    0x00000ef2      0x466 .\CortexM0\ARM_GCC_541\Debug\Ds1307.a(CyLFClk.o)
 .debug_line    0x00001358      0x143 .\CortexM0\ARM_GCC_541\Debug\Ds1307.a(I2C.o)
 .debug_line    0x0000149b       0xc3 .\CortexM0\ARM_GCC_541\Debug\Ds1307.a(I2C_I2C.o)
 .debug_line    0x0000155e      0x339 .\CortexM0\ARM_GCC_541\Debug\Ds1307.a(I2C_I2C_MASTER.o)
 .debug_line    0x00001897       0xbf .\CortexM0\ARM_GCC_541\Debug\Ds1307.a(I2C_sda.o)
 .debug_line    0x00001956       0xbe .\CortexM0\ARM_GCC_541\Debug\Ds1307.a(I2C_scl.o)
 .debug_line    0x00001a14      0x1f0 .\CortexM0\ARM_GCC_541\Debug\Ds1307.a(LCD.o)
 .debug_line    0x00001c04       0xc2 .\CortexM0\ARM_GCC_541\Debug\Ds1307.a(Pin_Ctrl.o)
 .debug_line    0x00001cc6       0xc5 .\CortexM0\ARM_GCC_541\Debug\Ds1307.a(Pin_7Seg.o)
 .debug_line    0x00001d8b      0x37b .\CortexM0\ARM_GCC_541\Debug\Ds1307.a(Timer_1.o)
 .debug_line    0x00002106      0x151 .\CortexM0\ARM_GCC_541\Debug\Ds1307.a(isr_1.o)
 .debug_line    0x00002257      0x277 .\CortexM0\ARM_GCC_541\Debug\Ds1307.a(ADC.o)
 .debug_line    0x000024ce       0x62 .\CortexM0\ARM_GCC_541\Debug\Ds1307.a(ADC_INT.o)
 .debug_line    0x00002530      0x2de .\CortexM0\ARM_GCC_541\Debug\Ds1307.a(UART.o)
 .debug_line    0x0000280e       0xb3 .\CortexM0\ARM_GCC_541\Debug\Ds1307.a(UART_IntClock.o)
 .debug_line    0x000028c1      0x14e .\CortexM0\ARM_GCC_541\Debug\Ds1307.a(isr_rx.o)
 .debug_line    0x00002a0f      0x37e .\CortexM0\ARM_GCC_541\Debug\Ds1307.a(PWM_1.o)
 .debug_line    0x00002d8d      0x37e .\CortexM0\ARM_GCC_541\Debug\Ds1307.a(PWM_2.o)
 .debug_line    0x0000310b       0x69 .\CortexM0\ARM_GCC_541\Debug\Ds1307.a(CyBootAsmGnu.o)
 .debug_line    0x00003174      0x15f .\CortexM0\ARM_GCC_541\Debug\Ds1307.a(I2C_I2C_INT.o)
 .debug_line    0x000032d3       0xbf .\CortexM0\ARM_GCC_541\Debug\Ds1307.a(LCD_BarGraph.o)

.debug_frame    0x00000000     0x2638
 *(.debug_frame)
 .debug_frame   0x00000000       0xa4 .\CortexM0\ARM_GCC_541\Debug\main.o
 .debug_frame   0x000000a4       0xf0 .\CortexM0\ARM_GCC_541\Debug\ds1307.o
 .debug_frame   0x00000194       0xcc .\CortexM0\ARM_GCC_541\Debug\cyfitter_cfg.o
 .debug_frame   0x00000260       0xbc .\CortexM0\ARM_GCC_541\Debug\Cm0Start.o
 .debug_frame   0x0000031c      0x3e0 .\CortexM0\ARM_GCC_541\Debug\Ds1307.a(CyLib.o)
 .debug_frame   0x000006fc      0x3a8 .\CortexM0\ARM_GCC_541\Debug\Ds1307.a(CyLFClk.o)
 .debug_frame   0x00000aa4       0xf8 .\CortexM0\ARM_GCC_541\Debug\Ds1307.a(I2C.o)
 .debug_frame   0x00000b9c       0x58 .\CortexM0\ARM_GCC_541\Debug\Ds1307.a(I2C_I2C.o)
 .debug_frame   0x00000bf4      0x1e8 .\CortexM0\ARM_GCC_541\Debug\Ds1307.a(I2C_I2C_MASTER.o)
 .debug_frame   0x00000ddc       0x70 .\CortexM0\ARM_GCC_541\Debug\Ds1307.a(I2C_sda.o)
 .debug_frame   0x00000e4c       0x70 .\CortexM0\ARM_GCC_541\Debug\Ds1307.a(I2C_scl.o)
 .debug_frame   0x00000ebc      0x1f0 .\CortexM0\ARM_GCC_541\Debug\Ds1307.a(LCD.o)
 .debug_frame   0x000010ac       0x70 .\CortexM0\ARM_GCC_541\Debug\Ds1307.a(Pin_Ctrl.o)
 .debug_frame   0x0000111c       0x70 .\CortexM0\ARM_GCC_541\Debug\Ds1307.a(Pin_7Seg.o)
 .debug_frame   0x0000118c      0x3a0 .\CortexM0\ARM_GCC_541\Debug\Ds1307.a(Timer_1.o)
 .debug_frame   0x0000152c      0x110 .\CortexM0\ARM_GCC_541\Debug\Ds1307.a(isr_1.o)
 .debug_frame   0x0000163c      0x1b0 .\CortexM0\ARM_GCC_541\Debug\Ds1307.a(ADC.o)
 .debug_frame   0x000017ec       0x20 .\CortexM0\ARM_GCC_541\Debug\Ds1307.a(ADC_INT.o)
 .debug_frame   0x0000180c      0x234 .\CortexM0\ARM_GCC_541\Debug\Ds1307.a(UART.o)
 .debug_frame   0x00001a40       0x60 .\CortexM0\ARM_GCC_541\Debug\Ds1307.a(UART_IntClock.o)
 .debug_frame   0x00001aa0      0x110 .\CortexM0\ARM_GCC_541\Debug\Ds1307.a(isr_rx.o)
 .debug_frame   0x00001bb0      0x3a0 .\CortexM0\ARM_GCC_541\Debug\Ds1307.a(PWM_1.o)
 .debug_frame   0x00001f50      0x3a0 .\CortexM0\ARM_GCC_541\Debug\Ds1307.a(PWM_2.o)
 .debug_frame   0x000022f0       0x2c .\CortexM0\ARM_GCC_541\Debug\Ds1307.a(I2C_I2C_INT.o)
 .debug_frame   0x0000231c       0x58 .\CortexM0\ARM_GCC_541\Debug\Ds1307.a(LCD_BarGraph.o)
 .debug_frame   0x00002374       0x20 c:/program files (x86)/cypress/psoc creator/4.2/psoc creator/import/gnu/arm/5.4.1/bin/../lib/gcc/arm-none-eabi/5.4.1/armv6-m\libgcc.a(_udivsi3.o)
 .debug_frame   0x00002394       0x20 c:/program files (x86)/cypress/psoc creator/4.2/psoc creator/import/gnu/arm/5.4.1/bin/../lib/gcc/arm-none-eabi/5.4.1/armv6-m\libgcc.a(_divsi3.o)
 .debug_frame   0x000023b4       0x34 c:/program files (x86)/cypress/psoc creator/4.2/psoc creator/import/gnu/arm/5.4.1/bin/../lib/gcc/arm-none-eabi/5.4.1/armv6-m\libgcc.a(_muldi3.o)
 .debug_frame   0x000023e8       0x30 c:/program files (x86)/cypress/psoc creator/4.2/psoc creator/import/gnu/arm/5.4.1/bin/../lib/gcc/arm-none-eabi/5.4.1/armv6-m\libgcc.a(bpabi.o)
 .debug_frame   0x00002418       0x3c c:/program files (x86)/cypress/psoc creator/4.2/psoc creator/import/gnu/arm/5.4.1/bin/../lib/gcc/arm-none-eabi/5.4.1/armv6-m\libgcc.a(divsf3.o)
 .debug_frame   0x00002454       0x38 c:/program files (x86)/cypress/psoc creator/4.2/psoc creator/import/gnu/arm/5.4.1/bin/../lib/gcc/arm-none-eabi/5.4.1/armv6-m\libgcc.a(mulsf3.o)
 .debug_frame   0x0000248c       0x2c c:/program files (x86)/cypress/psoc creator/4.2/psoc creator/import/gnu/arm/5.4.1/bin/../lib/gcc/arm-none-eabi/5.4.1/armv6-m\libgcc.a(floatsisf.o)
 .debug_frame   0x000024b8       0x3c c:/program files (x86)/cypress/psoc creator/4.2/psoc creator/import/gnu/arm/5.4.1/bin/../lib/gcc/arm-none-eabi/5.4.1/armv6-m\libgcc.a(_divdi3.o)
 .debug_frame   0x000024f4       0x40 c:/program files (x86)/cypress/psoc creator/4.2/psoc creator/import/gnu/arm/5.4.1/bin/../lib/gcc/arm-none-eabi/5.4.1/../../../../arm-none-eabi/lib/armv6-m\libg_nano.a(lib_a-atoi.o)
 .debug_frame   0x00002534       0x20 c:/program files (x86)/cypress/psoc creator/4.2/psoc creator/import/gnu/arm/5.4.1/bin/../lib/gcc/arm-none-eabi/5.4.1/../../../../arm-none-eabi/lib/armv6-m\libg_nano.a(lib_a-errno.o)
 .debug_frame   0x00002554       0x28 c:/program files (x86)/cypress/psoc creator/4.2/psoc creator/import/gnu/arm/5.4.1/bin/../lib/gcc/arm-none-eabi/5.4.1/../../../../arm-none-eabi/lib/armv6-m\libg_nano.a(lib_a-exit.o)
 .debug_frame   0x0000257c       0x2c c:/program files (x86)/cypress/psoc creator/4.2/psoc creator/import/gnu/arm/5.4.1/bin/../lib/gcc/arm-none-eabi/5.4.1/../../../../arm-none-eabi/lib/armv6-m\libg_nano.a(lib_a-init.o)
 .debug_frame   0x000025a8       0x28 c:/program files (x86)/cypress/psoc creator/4.2/psoc creator/import/gnu/arm/5.4.1/bin/../lib/gcc/arm-none-eabi/5.4.1/../../../../arm-none-eabi/lib/armv6-m\libg_nano.a(lib_a-memcpy-stub.o)
 .debug_frame   0x000025d0       0x20 c:/program files (x86)/cypress/psoc creator/4.2/psoc creator/import/gnu/arm/5.4.1/bin/../lib/gcc/arm-none-eabi/5.4.1/../../../../arm-none-eabi/lib/armv6-m\libg_nano.a(lib_a-memset.o)
 .debug_frame   0x000025f0       0x48 c:/program files (x86)/cypress/psoc creator/4.2/psoc creator/import/gnu/arm/5.4.1/bin/../lib/gcc/arm-none-eabi/5.4.1/../../../../arm-none-eabi/lib/armv6-m\libg_nano.a(lib_a-strtol.o)

.debug_str      0x00000000     0x2abe
 *(.debug_str)
 .debug_str     0x00000000      0x3b0 .\CortexM0\ARM_GCC_541\Debug\main.o
                                0x418 (size before relaxing)
 .debug_str     0x000003b0      0x104 .\CortexM0\ARM_GCC_541\Debug\ds1307.o
                                0x304 (size before relaxing)
 .debug_str     0x000004b4      0x1a7 .\CortexM0\ARM_GCC_541\Debug\cyfitter_cfg.o
                                0x365 (size before relaxing)
 .debug_str     0x0000065b       0x59 .\CortexM0\ARM_GCC_541\Debug\cymetadata.o
                                0x1c1 (size before relaxing)
 .debug_str     0x000006b4      0x13a .\CortexM0\ARM_GCC_541\Debug\Cm0Start.o
                                0x2fa (size before relaxing)
 .debug_str     0x000007ee      0x4c3 .\CortexM0\ARM_GCC_541\Debug\Ds1307.a(CyLib.o)
                                0x6af (size before relaxing)
 .debug_str     0x00000cb1      0x527 .\CortexM0\ARM_GCC_541\Debug\Ds1307.a(CyLFClk.o)
                                0x736 (size before relaxing)
 .debug_str     0x000011d8      0x116 .\CortexM0\ARM_GCC_541\Debug\Ds1307.a(I2C.o)
                                0x2d2 (size before relaxing)
 .debug_str     0x000012ee       0x74 .\CortexM0\ARM_GCC_541\Debug\Ds1307.a(I2C_I2C.o)
                                0x247 (size before relaxing)
 .debug_str     0x00001362      0x262 .\CortexM0\ARM_GCC_541\Debug\Ds1307.a(I2C_I2C_MASTER.o)
                                0x4e5 (size before relaxing)
 .debug_str     0x000015c4       0xac .\CortexM0\ARM_GCC_541\Debug\Ds1307.a(I2C_sda.o)
                                0x23d (size before relaxing)
 .debug_str     0x00001670       0x7a .\CortexM0\ARM_GCC_541\Debug\Ds1307.a(I2C_scl.o)
                                0x23d (size before relaxing)
 .debug_str     0x000016ea      0x131 .\CortexM0\ARM_GCC_541\Debug\Ds1307.a(LCD.o)
                                0x349 (size before relaxing)
 .debug_str     0x0000181b       0x8d .\CortexM0\ARM_GCC_541\Debug\Ds1307.a(Pin_Ctrl.o)
                                0x244 (size before relaxing)
 .debug_str     0x000018a8       0x8d .\CortexM0\ARM_GCC_541\Debug\Ds1307.a(Pin_7Seg.o)
                                0x244 (size before relaxing)
 .debug_str     0x00001935      0x415 .\CortexM0\ARM_GCC_541\Debug\Ds1307.a(Timer_1.o)
                                0x5fe (size before relaxing)
 .debug_str     0x00001d4a       0xe7 .\CortexM0\ARM_GCC_541\Debug\Ds1307.a(isr_1.o)
                                0x2e3 (size before relaxing)
 .debug_str     0x00001e31      0x177 .\CortexM0\ARM_GCC_541\Debug\Ds1307.a(ADC.o)
                                0x3bd (size before relaxing)
 .debug_str     0x00001fa8       0x35 .\CortexM0\ARM_GCC_541\Debug\Ds1307.a(ADC_INT.o)
                                0x1b6 (size before relaxing)
 .debug_str     0x00001fdd      0x25a .\CortexM0\ARM_GCC_541\Debug\Ds1307.a(UART.o)
                                0x46e (size before relaxing)
 .debug_str     0x00002237       0xc6 .\CortexM0\ARM_GCC_541\Debug\Ds1307.a(UART_IntClock.o)
                                0x266 (size before relaxing)
 .debug_str     0x000022fd       0xe5 .\CortexM0\ARM_GCC_541\Debug\Ds1307.a(isr_rx.o)
                                0x2f1 (size before relaxing)
 .debug_str     0x000023e2      0x310 .\CortexM0\ARM_GCC_541\Debug\Ds1307.a(PWM_1.o)
                                0x5aa (size before relaxing)
 .debug_str     0x000026f2      0x310 .\CortexM0\ARM_GCC_541\Debug\Ds1307.a(PWM_2.o)
                                0x5aa (size before relaxing)
 .debug_str     0x00002a02       0x47 .\CortexM0\ARM_GCC_541\Debug\Ds1307.a(I2C_I2C_INT.o)
                                0x2b7 (size before relaxing)
 .debug_str     0x00002a49       0x75 .\CortexM0\ARM_GCC_541\Debug\Ds1307.a(LCD_BarGraph.o)
                                0x254 (size before relaxing)

.debug_loc      0x00000000     0x3e31
 *(.debug_loc)
 .debug_loc     0x00000000       0x81 .\CortexM0\ARM_GCC_541\Debug\main.o
 .debug_loc     0x00000081       0xfe .\CortexM0\ARM_GCC_541\Debug\ds1307.o
 .debug_loc     0x0000017f      0x21c .\CortexM0\ARM_GCC_541\Debug\cyfitter_cfg.o
 .debug_loc     0x0000039b      0x14f .\CortexM0\ARM_GCC_541\Debug\Cm0Start.o
 .debug_loc     0x000004ea      0x599 .\CortexM0\ARM_GCC_541\Debug\Ds1307.a(CyLib.o)
 .debug_loc     0x00000a83      0x9b5 .\CortexM0\ARM_GCC_541\Debug\Ds1307.a(CyLFClk.o)
 .debug_loc     0x00001438       0x7e .\CortexM0\ARM_GCC_541\Debug\Ds1307.a(I2C.o)
 .debug_loc     0x000014b6      0xa90 .\CortexM0\ARM_GCC_541\Debug\Ds1307.a(I2C_I2C_MASTER.o)
 .debug_loc     0x00001f46       0xa2 .\CortexM0\ARM_GCC_541\Debug\Ds1307.a(I2C_sda.o)
 .debug_loc     0x00001fe8       0x81 .\CortexM0\ARM_GCC_541\Debug\Ds1307.a(I2C_scl.o)
 .debug_loc     0x00002069      0x3e3 .\CortexM0\ARM_GCC_541\Debug\Ds1307.a(LCD.o)
 .debug_loc     0x0000244c       0x81 .\CortexM0\ARM_GCC_541\Debug\Ds1307.a(Pin_Ctrl.o)
 .debug_loc     0x000024cd       0x42 .\CortexM0\ARM_GCC_541\Debug\Ds1307.a(Pin_7Seg.o)
 .debug_loc     0x0000250f      0x547 .\CortexM0\ARM_GCC_541\Debug\Ds1307.a(Timer_1.o)
 .debug_loc     0x00002a56       0x82 .\CortexM0\ARM_GCC_541\Debug\Ds1307.a(isr_1.o)
 .debug_loc     0x00002ad8      0x3aa .\CortexM0\ARM_GCC_541\Debug\Ds1307.a(ADC.o)
 .debug_loc     0x00002e82      0x24b .\CortexM0\ARM_GCC_541\Debug\Ds1307.a(UART.o)
 .debug_loc     0x000030cd       0x13 .\CortexM0\ARM_GCC_541\Debug\Ds1307.a(UART_IntClock.o)
 .debug_loc     0x000030e0       0x82 .\CortexM0\ARM_GCC_541\Debug\Ds1307.a(isr_rx.o)
 .debug_loc     0x00003162      0x547 .\CortexM0\ARM_GCC_541\Debug\Ds1307.a(PWM_1.o)
 .debug_loc     0x000036a9      0x547 .\CortexM0\ARM_GCC_541\Debug\Ds1307.a(PWM_2.o)
 .debug_loc     0x00003bf0      0x10c .\CortexM0\ARM_GCC_541\Debug\Ds1307.a(I2C_I2C_INT.o)
 .debug_loc     0x00003cfc      0x135 .\CortexM0\ARM_GCC_541\Debug\Ds1307.a(LCD_BarGraph.o)

.debug_macinfo
 *(.debug_macinfo)

.debug_ranges   0x00000000      0xc88
 *(.debug_ranges)
 .debug_ranges  0x00000000       0x30 .\CortexM0\ARM_GCC_541\Debug\main.o
 .debug_ranges  0x00000030       0x48 .\CortexM0\ARM_GCC_541\Debug\ds1307.o
 .debug_ranges  0x00000078       0x40 .\CortexM0\ARM_GCC_541\Debug\cyfitter_cfg.o
 .debug_ranges  0x000000b8       0x38 .\CortexM0\ARM_GCC_541\Debug\Cm0Start.o
 .debug_ranges  0x000000f0      0x170 .\CortexM0\ARM_GCC_541\Debug\Ds1307.a(CyLib.o)
 .debug_ranges  0x00000260      0x128 .\CortexM0\ARM_GCC_541\Debug\Ds1307.a(CyLFClk.o)
 .debug_ranges  0x00000388       0x58 .\CortexM0\ARM_GCC_541\Debug\Ds1307.a(I2C.o)
 .debug_ranges  0x000003e0       0x20 .\CortexM0\ARM_GCC_541\Debug\Ds1307.a(I2C_I2C.o)
 .debug_ranges  0x00000400       0x88 .\CortexM0\ARM_GCC_541\Debug\Ds1307.a(I2C_I2C_MASTER.o)
 .debug_ranges  0x00000488       0x38 .\CortexM0\ARM_GCC_541\Debug\Ds1307.a(I2C_sda.o)
 .debug_ranges  0x000004c0       0x38 .\CortexM0\ARM_GCC_541\Debug\Ds1307.a(I2C_scl.o)
 .debug_ranges  0x000004f8       0x88 .\CortexM0\ARM_GCC_541\Debug\Ds1307.a(LCD.o)
 .debug_ranges  0x00000580       0x38 .\CortexM0\ARM_GCC_541\Debug\Ds1307.a(Pin_Ctrl.o)
 .debug_ranges  0x000005b8       0x38 .\CortexM0\ARM_GCC_541\Debug\Ds1307.a(Pin_7Seg.o)
 .debug_ranges  0x000005f0      0x148 .\CortexM0\ARM_GCC_541\Debug\Ds1307.a(Timer_1.o)
 .debug_ranges  0x00000738       0x70 .\CortexM0\ARM_GCC_541\Debug\Ds1307.a(isr_1.o)
 .debug_ranges  0x000007a8       0x98 .\CortexM0\ARM_GCC_541\Debug\Ds1307.a(ADC.o)
 .debug_ranges  0x00000840       0x10 .\CortexM0\ARM_GCC_541\Debug\Ds1307.a(ADC_INT.o)
 .debug_ranges  0x00000850       0xe0 .\CortexM0\ARM_GCC_541\Debug\Ds1307.a(UART.o)
 .debug_ranges  0x00000930       0x30 .\CortexM0\ARM_GCC_541\Debug\Ds1307.a(UART_IntClock.o)
 .debug_ranges  0x00000960       0x70 .\CortexM0\ARM_GCC_541\Debug\Ds1307.a(isr_rx.o)
 .debug_ranges  0x000009d0      0x148 .\CortexM0\ARM_GCC_541\Debug\Ds1307.a(PWM_1.o)
 .debug_ranges  0x00000b18      0x148 .\CortexM0\ARM_GCC_541\Debug\Ds1307.a(PWM_2.o)
 .debug_ranges  0x00000c60       0x10 .\CortexM0\ARM_GCC_541\Debug\Ds1307.a(I2C_I2C_INT.o)
 .debug_ranges  0x00000c70       0x18 .\CortexM0\ARM_GCC_541\Debug\Ds1307.a(LCD_BarGraph.o)

.comment        0x00000000       0x6e
 .comment       0x00000000       0x6e .\CortexM0\ARM_GCC_541\Debug\main.o
                                 0x6f (size before relaxing)
 .comment       0x0000006e       0x6f .\CortexM0\ARM_GCC_541\Debug\ds1307.o
 .comment       0x0000006e       0x6f .\CortexM0\ARM_GCC_541\Debug\cyfitter_cfg.o
 .comment       0x0000006e       0x6f .\CortexM0\ARM_GCC_541\Debug\cymetadata.o
 .comment       0x0000006e       0x6f .\CortexM0\ARM_GCC_541\Debug\Cm0Start.o
 .comment       0x0000006e       0x6f .\CortexM0\ARM_GCC_541\Debug\Ds1307.a(CyLib.o)
 .comment       0x0000006e       0x6f .\CortexM0\ARM_GCC_541\Debug\Ds1307.a(CyLFClk.o)
 .comment       0x0000006e       0x6f .\CortexM0\ARM_GCC_541\Debug\Ds1307.a(I2C.o)
 .comment       0x0000006e       0x6f .\CortexM0\ARM_GCC_541\Debug\Ds1307.a(I2C_I2C.o)
 .comment       0x0000006e       0x6f .\CortexM0\ARM_GCC_541\Debug\Ds1307.a(I2C_I2C_MASTER.o)
 .comment       0x0000006e       0x6f .\CortexM0\ARM_GCC_541\Debug\Ds1307.a(I2C_sda.o)
 .comment       0x0000006e       0x6f .\CortexM0\ARM_GCC_541\Debug\Ds1307.a(I2C_scl.o)
 .comment       0x0000006e       0x6f .\CortexM0\ARM_GCC_541\Debug\Ds1307.a(LCD.o)
 .comment       0x0000006e       0x6f .\CortexM0\ARM_GCC_541\Debug\Ds1307.a(Pin_Ctrl.o)
 .comment       0x0000006e       0x6f .\CortexM0\ARM_GCC_541\Debug\Ds1307.a(Pin_7Seg.o)
 .comment       0x0000006e       0x6f .\CortexM0\ARM_GCC_541\Debug\Ds1307.a(Timer_1.o)
 .comment       0x0000006e       0x6f .\CortexM0\ARM_GCC_541\Debug\Ds1307.a(isr_1.o)
 .comment       0x0000006e       0x6f .\CortexM0\ARM_GCC_541\Debug\Ds1307.a(ADC.o)
 .comment       0x0000006e       0x6f .\CortexM0\ARM_GCC_541\Debug\Ds1307.a(ADC_INT.o)
 .comment       0x0000006e       0x6f .\CortexM0\ARM_GCC_541\Debug\Ds1307.a(UART.o)
 .comment       0x0000006e       0x6f .\CortexM0\ARM_GCC_541\Debug\Ds1307.a(UART_IntClock.o)
 .comment       0x0000006e       0x6f .\CortexM0\ARM_GCC_541\Debug\Ds1307.a(isr_rx.o)
 .comment       0x0000006e       0x6f .\CortexM0\ARM_GCC_541\Debug\Ds1307.a(PWM_1.o)
 .comment       0x0000006e       0x6f .\CortexM0\ARM_GCC_541\Debug\Ds1307.a(PWM_2.o)
 .comment       0x0000006e       0x6f .\CortexM0\ARM_GCC_541\Debug\Ds1307.a(I2C_I2C_INT.o)
 .comment       0x0000006e       0x6f .\CortexM0\ARM_GCC_541\Debug\Ds1307.a(LCD_BarGraph.o)

.debug_weaknames
 *(.debug_weaknames)

.debug_funcnames
 *(.debug_funcnames)

.debug_typenames
 *(.debug_typenames)

.debug_varnames
 *(.debug_varnames)

.note.gnu.arm.ident
 *(.note.gnu.arm.ident)

.ARM.attributes
                0x00000000       0x28
 *(.ARM.attributes)
 .ARM.attributes
                0x00000000       0x1e c:/program files (x86)/cypress/psoc creator/4.2/psoc creator/import/gnu/arm/5.4.1/bin/../lib/gcc/arm-none-eabi/5.4.1/armv6-m/crti.o
 .ARM.attributes
                0x0000001e       0x2c c:/program files (x86)/cypress/psoc creator/4.2/psoc creator/import/gnu/arm/5.4.1/bin/../lib/gcc/arm-none-eabi/5.4.1/armv6-m/crtbegin.o
 .ARM.attributes
                0x0000004a       0x1b c:/program files (x86)/cypress/psoc creator/4.2/psoc creator/import/gnu/arm/5.4.1/bin/../lib/gcc/arm-none-eabi/5.4.1/../../../../arm-none-eabi/lib/armv6-m/crt0.o
 .ARM.attributes
                0x00000065       0x31 .\CortexM0\ARM_GCC_541\Debug\main.o
 .ARM.attributes
                0x00000096       0x31 .\CortexM0\ARM_GCC_541\Debug\ds1307.o
 .ARM.attributes
                0x000000c7       0x31 .\CortexM0\ARM_GCC_541\Debug\cyfitter_cfg.o
 .ARM.attributes
                0x000000f8       0x31 .\CortexM0\ARM_GCC_541\Debug\cymetadata.o
 .ARM.attributes
                0x00000129       0x31 .\CortexM0\ARM_GCC_541\Debug\Cm0Start.o
 .ARM.attributes
                0x0000015a       0x31 .\CortexM0\ARM_GCC_541\Debug\Ds1307.a(CyLib.o)
 .ARM.attributes
                0x0000018b       0x31 .\CortexM0\ARM_GCC_541\Debug\Ds1307.a(CyLFClk.o)
 .ARM.attributes
                0x000001bc       0x31 .\CortexM0\ARM_GCC_541\Debug\Ds1307.a(I2C.o)
 .ARM.attributes
                0x000001ed       0x31 .\CortexM0\ARM_GCC_541\Debug\Ds1307.a(I2C_I2C.o)
 .ARM.attributes
                0x0000021e       0x31 .\CortexM0\ARM_GCC_541\Debug\Ds1307.a(I2C_I2C_MASTER.o)
 .ARM.attributes
                0x0000024f       0x31 .\CortexM0\ARM_GCC_541\Debug\Ds1307.a(I2C_sda.o)
 .ARM.attributes
                0x00000280       0x31 .\CortexM0\ARM_GCC_541\Debug\Ds1307.a(I2C_scl.o)
 .ARM.attributes
                0x000002b1       0x31 .\CortexM0\ARM_GCC_541\Debug\Ds1307.a(LCD.o)
 .ARM.attributes
                0x000002e2       0x31 .\CortexM0\ARM_GCC_541\Debug\Ds1307.a(Pin_Ctrl.o)
 .ARM.attributes
                0x00000313       0x31 .\CortexM0\ARM_GCC_541\Debug\Ds1307.a(Pin_7Seg.o)
 .ARM.attributes
                0x00000344       0x31 .\CortexM0\ARM_GCC_541\Debug\Ds1307.a(Timer_1.o)
 .ARM.attributes
                0x00000375       0x31 .\CortexM0\ARM_GCC_541\Debug\Ds1307.a(isr_1.o)
 .ARM.attributes
                0x000003a6       0x31 .\CortexM0\ARM_GCC_541\Debug\Ds1307.a(ADC.o)
 .ARM.attributes
                0x000003d7       0x31 .\CortexM0\ARM_GCC_541\Debug\Ds1307.a(ADC_INT.o)
 .ARM.attributes
                0x00000408       0x31 .\CortexM0\ARM_GCC_541\Debug\Ds1307.a(UART.o)
 .ARM.attributes
                0x00000439       0x31 .\CortexM0\ARM_GCC_541\Debug\Ds1307.a(UART_IntClock.o)
 .ARM.attributes
                0x0000046a       0x31 .\CortexM0\ARM_GCC_541\Debug\Ds1307.a(isr_rx.o)
 .ARM.attributes
                0x0000049b       0x31 .\CortexM0\ARM_GCC_541\Debug\Ds1307.a(PWM_1.o)
 .ARM.attributes
                0x000004cc       0x31 .\CortexM0\ARM_GCC_541\Debug\Ds1307.a(PWM_2.o)
 .ARM.attributes
                0x000004fd       0x21 .\CortexM0\ARM_GCC_541\Debug\Ds1307.a(CyBootAsmGnu.o)
 .ARM.attributes
                0x0000051e       0x31 .\CortexM0\ARM_GCC_541\Debug\Ds1307.a(I2C_I2C_INT.o)
 .ARM.attributes
                0x0000054f       0x31 .\CortexM0\ARM_GCC_541\Debug\Ds1307.a(LCD_BarGraph.o)
 .ARM.attributes
                0x00000580       0x1e c:/program files (x86)/cypress/psoc creator/4.2/psoc creator/import/gnu/arm/5.4.1/bin/../lib/gcc/arm-none-eabi/5.4.1/armv6-m\libgcc.a(_udivsi3.o)
 .ARM.attributes
                0x0000059e       0x1e c:/program files (x86)/cypress/psoc creator/4.2/psoc creator/import/gnu/arm/5.4.1/bin/../lib/gcc/arm-none-eabi/5.4.1/armv6-m\libgcc.a(_divsi3.o)
 .ARM.attributes
                0x000005bc       0x1e c:/program files (x86)/cypress/psoc creator/4.2/psoc creator/import/gnu/arm/5.4.1/bin/../lib/gcc/arm-none-eabi/5.4.1/armv6-m\libgcc.a(_dvmd_tls.o)
 .ARM.attributes
                0x000005da       0x1e c:/program files (x86)/cypress/psoc creator/4.2/psoc creator/import/gnu/arm/5.4.1/bin/../lib/gcc/arm-none-eabi/5.4.1/armv6-m\libgcc.a(_aeabi_ldivmod.o)
 .ARM.attributes
                0x000005f8       0x2c c:/program files (x86)/cypress/psoc creator/4.2/psoc creator/import/gnu/arm/5.4.1/bin/../lib/gcc/arm-none-eabi/5.4.1/armv6-m\libgcc.a(_muldi3.o)
 .ARM.attributes
                0x00000624       0x2c c:/program files (x86)/cypress/psoc creator/4.2/psoc creator/import/gnu/arm/5.4.1/bin/../lib/gcc/arm-none-eabi/5.4.1/armv6-m\libgcc.a(bpabi.o)
 .ARM.attributes
                0x00000650       0x2c c:/program files (x86)/cypress/psoc creator/4.2/psoc creator/import/gnu/arm/5.4.1/bin/../lib/gcc/arm-none-eabi/5.4.1/armv6-m\libgcc.a(divsf3.o)
 .ARM.attributes
                0x0000067c       0x2c c:/program files (x86)/cypress/psoc creator/4.2/psoc creator/import/gnu/arm/5.4.1/bin/../lib/gcc/arm-none-eabi/5.4.1/armv6-m\libgcc.a(mulsf3.o)
 .ARM.attributes
                0x000006a8       0x2c c:/program files (x86)/cypress/psoc creator/4.2/psoc creator/import/gnu/arm/5.4.1/bin/../lib/gcc/arm-none-eabi/5.4.1/armv6-m\libgcc.a(floatsisf.o)
 .ARM.attributes
                0x000006d4       0x1e c:/program files (x86)/cypress/psoc creator/4.2/psoc creator/import/gnu/arm/5.4.1/bin/../lib/gcc/arm-none-eabi/5.4.1/armv6-m\libgcc.a(_clzsi2.o)
 .ARM.attributes
                0x000006f2       0x2c c:/program files (x86)/cypress/psoc creator/4.2/psoc creator/import/gnu/arm/5.4.1/bin/../lib/gcc/arm-none-eabi/5.4.1/armv6-m\libgcc.a(_divdi3.o)
 .ARM.attributes
                0x0000071e       0x1e c:/program files (x86)/cypress/psoc creator/4.2/psoc creator/import/gnu/arm/5.4.1/bin/../lib/gcc/arm-none-eabi/5.4.1/armv6-m\libgcc.a(_clzdi2.o)
 .ARM.attributes
                0x0000073c       0x2c c:/program files (x86)/cypress/psoc creator/4.2/psoc creator/import/gnu/arm/5.4.1/bin/../lib/gcc/arm-none-eabi/5.4.1/../../../../arm-none-eabi/lib/armv6-m\libg_nano.a(lib_a-atoi.o)
 .ARM.attributes
                0x00000768       0x2c c:/program files (x86)/cypress/psoc creator/4.2/psoc creator/import/gnu/arm/5.4.1/bin/../lib/gcc/arm-none-eabi/5.4.1/../../../../arm-none-eabi/lib/armv6-m\libg_nano.a(lib_a-errno.o)
 .ARM.attributes
                0x00000794       0x2c c:/program files (x86)/cypress/psoc creator/4.2/psoc creator/import/gnu/arm/5.4.1/bin/../lib/gcc/arm-none-eabi/5.4.1/../../../../arm-none-eabi/lib/armv6-m\libg_nano.a(lib_a-exit.o)
 .ARM.attributes
                0x000007c0       0x2c c:/program files (x86)/cypress/psoc creator/4.2/psoc creator/import/gnu/arm/5.4.1/bin/../lib/gcc/arm-none-eabi/5.4.1/../../../../arm-none-eabi/lib/armv6-m\libg_nano.a(lib_a-impure.o)
 .ARM.attributes
                0x000007ec       0x2c c:/program files (x86)/cypress/psoc creator/4.2/psoc creator/import/gnu/arm/5.4.1/bin/../lib/gcc/arm-none-eabi/5.4.1/../../../../arm-none-eabi/lib/armv6-m\libg_nano.a(lib_a-init.o)
 .ARM.attributes
                0x00000818       0x2c c:/program files (x86)/cypress/psoc creator/4.2/psoc creator/import/gnu/arm/5.4.1/bin/../lib/gcc/arm-none-eabi/5.4.1/../../../../arm-none-eabi/lib/armv6-m\libg_nano.a(lib_a-memcpy-stub.o)
 .ARM.attributes
                0x00000844       0x2c c:/program files (x86)/cypress/psoc creator/4.2/psoc creator/import/gnu/arm/5.4.1/bin/../lib/gcc/arm-none-eabi/5.4.1/../../../../arm-none-eabi/lib/armv6-m\libg_nano.a(lib_a-memset.o)
 .ARM.attributes
                0x00000870       0x2c c:/program files (x86)/cypress/psoc creator/4.2/psoc creator/import/gnu/arm/5.4.1/bin/../lib/gcc/arm-none-eabi/5.4.1/../../../../arm-none-eabi/lib/armv6-m\libg_nano.a(lib_a-strtol.o)
 .ARM.attributes
                0x0000089c       0x2c c:/program files (x86)/cypress/psoc creator/4.2/psoc creator/import/gnu/arm/5.4.1/bin/../lib/gcc/arm-none-eabi/5.4.1/../../../../arm-none-eabi/lib/armv6-m\libg_nano.a(lib_a-ctype_.o)
 .ARM.attributes
                0x000008c8       0x2c c:/program files (x86)/cypress/psoc creator/4.2/psoc creator/import/gnu/arm/5.4.1/bin/../lib/gcc/arm-none-eabi/5.4.1/armv6-m/crtend.o
 .ARM.attributes
                0x000008f4       0x1e c:/program files (x86)/cypress/psoc creator/4.2/psoc creator/import/gnu/arm/5.4.1/bin/../lib/gcc/arm-none-eabi/5.4.1/armv6-m/crtn.o

/DISCARD/
 *(.note.GNU-stack)
OUTPUT(C:\Users\0\Documents\PSoC Creator\Workspace02\Ds1307.cydsn\CortexM0\ARM_GCC_541\Debug\Ds1307.elf elf32-littlearm)
