ARM GAS  C:\Users\0\AppData\Local\Temp\ccHsGWta.s 			page 1


   1              		.syntax unified
   2              		.cpu cortex-m0plus
   3              		.fpu softvfp
   4              		.eabi_attribute 20, 1
   5              		.eabi_attribute 21, 1
   6              		.eabi_attribute 23, 3
   7              		.eabi_attribute 24, 1
   8              		.eabi_attribute 25, 1
   9              		.eabi_attribute 26, 1
  10              		.eabi_attribute 30, 1
  11              		.eabi_attribute 34, 0
  12              		.eabi_attribute 18, 4
  13              		.thumb
  14              		.syntax unified
  15              		.file	"cyfitter_cfg.c"
  16              		.text
  17              	.Ltext0:
  18              		.cfi_sections	.debug_frame
  19              		.section	.psocinit,"ax",%progbits
  20              		.align	2
  21              		.code	16
  22              		.thumb_func
  23              		.type	ClockSetup, %function
  24              	ClockSetup:
  25              	.LFB4:
  26              		.file 1 "Generated_Source\\PSoC4\\cyfitter_cfg.c"
   1:Generated_Source\PSoC4/cyfitter_cfg.c **** 
   2:Generated_Source\PSoC4/cyfitter_cfg.c **** /*******************************************************************************
   3:Generated_Source\PSoC4/cyfitter_cfg.c **** * File Name: cyfitter_cfg.c
   4:Generated_Source\PSoC4/cyfitter_cfg.c **** * 
   5:Generated_Source\PSoC4/cyfitter_cfg.c **** * PSoC Creator  4.2
   6:Generated_Source\PSoC4/cyfitter_cfg.c **** *
   7:Generated_Source\PSoC4/cyfitter_cfg.c **** * Description:
   8:Generated_Source\PSoC4/cyfitter_cfg.c **** * This file contains device initialization code.
   9:Generated_Source\PSoC4/cyfitter_cfg.c **** * Except for the user defined sections in CyClockStartupError(), this file should not be modified.
  10:Generated_Source\PSoC4/cyfitter_cfg.c **** * This file is automatically generated by PSoC Creator.
  11:Generated_Source\PSoC4/cyfitter_cfg.c **** *
  12:Generated_Source\PSoC4/cyfitter_cfg.c **** ********************************************************************************
  13:Generated_Source\PSoC4/cyfitter_cfg.c **** * Copyright (c) 2007-2018 Cypress Semiconductor.  All rights reserved.
  14:Generated_Source\PSoC4/cyfitter_cfg.c **** * You may use this file only in accordance with the license, terms, conditions, 
  15:Generated_Source\PSoC4/cyfitter_cfg.c **** * disclaimers, and limitations in the end user license agreement accompanying 
  16:Generated_Source\PSoC4/cyfitter_cfg.c **** * the software package with which this file was provided.
  17:Generated_Source\PSoC4/cyfitter_cfg.c **** ********************************************************************************/
  18:Generated_Source\PSoC4/cyfitter_cfg.c **** 
  19:Generated_Source\PSoC4/cyfitter_cfg.c **** #include <string.h>
  20:Generated_Source\PSoC4/cyfitter_cfg.c **** #include "cytypes.h"
  21:Generated_Source\PSoC4/cyfitter_cfg.c **** #include "cydevice_trm.h"
  22:Generated_Source\PSoC4/cyfitter_cfg.c **** #include "cyfitter.h"
  23:Generated_Source\PSoC4/cyfitter_cfg.c **** #include "CyLib.h"
  24:Generated_Source\PSoC4/cyfitter_cfg.c **** #include "CyLFClk.h"
  25:Generated_Source\PSoC4/cyfitter_cfg.c **** #include "cyfitter_cfg.h"
  26:Generated_Source\PSoC4/cyfitter_cfg.c **** #include "cyapicallbacks.h"
  27:Generated_Source\PSoC4/cyfitter_cfg.c **** 
  28:Generated_Source\PSoC4/cyfitter_cfg.c **** 
  29:Generated_Source\PSoC4/cyfitter_cfg.c **** #if defined(__GNUC__) || defined(__ARMCC_VERSION)
  30:Generated_Source\PSoC4/cyfitter_cfg.c ****     #define CYPACKED 
  31:Generated_Source\PSoC4/cyfitter_cfg.c ****     #define CYPACKED_ATTR __attribute__ ((packed))
ARM GAS  C:\Users\0\AppData\Local\Temp\ccHsGWta.s 			page 2


  32:Generated_Source\PSoC4/cyfitter_cfg.c ****     #define CYALIGNED __attribute__ ((aligned))
  33:Generated_Source\PSoC4/cyfitter_cfg.c ****     #define CY_CFG_UNUSED __attribute__ ((unused))
  34:Generated_Source\PSoC4/cyfitter_cfg.c ****     #ifndef CY_CFG_SECTION
  35:Generated_Source\PSoC4/cyfitter_cfg.c ****         #define CY_CFG_SECTION __attribute__ ((section(".psocinit")))
  36:Generated_Source\PSoC4/cyfitter_cfg.c ****     #endif
  37:Generated_Source\PSoC4/cyfitter_cfg.c ****     
  38:Generated_Source\PSoC4/cyfitter_cfg.c ****     #if defined(__ARMCC_VERSION)
  39:Generated_Source\PSoC4/cyfitter_cfg.c ****         #define CY_CFG_MEMORY_BARRIER() __memory_changed()
  40:Generated_Source\PSoC4/cyfitter_cfg.c ****     #else
  41:Generated_Source\PSoC4/cyfitter_cfg.c ****         #define CY_CFG_MEMORY_BARRIER() __sync_synchronize()
  42:Generated_Source\PSoC4/cyfitter_cfg.c ****     #endif
  43:Generated_Source\PSoC4/cyfitter_cfg.c ****     
  44:Generated_Source\PSoC4/cyfitter_cfg.c **** #elif defined(__ICCARM__)
  45:Generated_Source\PSoC4/cyfitter_cfg.c ****     #include <intrinsics.h>
  46:Generated_Source\PSoC4/cyfitter_cfg.c **** 
  47:Generated_Source\PSoC4/cyfitter_cfg.c ****     #define CYPACKED __packed
  48:Generated_Source\PSoC4/cyfitter_cfg.c ****     #define CYPACKED_ATTR 
  49:Generated_Source\PSoC4/cyfitter_cfg.c ****     #define CYALIGNED _Pragma("data_alignment=4")
  50:Generated_Source\PSoC4/cyfitter_cfg.c ****     #define CY_CFG_UNUSED _Pragma("diag_suppress=Pe177")
  51:Generated_Source\PSoC4/cyfitter_cfg.c ****     #define CY_CFG_SECTION _Pragma("location=\".psocinit\"")
  52:Generated_Source\PSoC4/cyfitter_cfg.c ****     
  53:Generated_Source\PSoC4/cyfitter_cfg.c ****     #define CY_CFG_MEMORY_BARRIER() __DMB()
  54:Generated_Source\PSoC4/cyfitter_cfg.c ****     
  55:Generated_Source\PSoC4/cyfitter_cfg.c **** #else
  56:Generated_Source\PSoC4/cyfitter_cfg.c ****     #error Unsupported toolchain
  57:Generated_Source\PSoC4/cyfitter_cfg.c **** #endif
  58:Generated_Source\PSoC4/cyfitter_cfg.c **** 
  59:Generated_Source\PSoC4/cyfitter_cfg.c **** #ifndef CYCODE
  60:Generated_Source\PSoC4/cyfitter_cfg.c ****     #define CYCODE
  61:Generated_Source\PSoC4/cyfitter_cfg.c **** #endif
  62:Generated_Source\PSoC4/cyfitter_cfg.c **** #ifndef CYDATA
  63:Generated_Source\PSoC4/cyfitter_cfg.c ****     #define CYDATA
  64:Generated_Source\PSoC4/cyfitter_cfg.c **** #endif
  65:Generated_Source\PSoC4/cyfitter_cfg.c **** #ifndef CYFAR
  66:Generated_Source\PSoC4/cyfitter_cfg.c ****     #define CYFAR
  67:Generated_Source\PSoC4/cyfitter_cfg.c **** #endif
  68:Generated_Source\PSoC4/cyfitter_cfg.c **** #ifndef CYXDATA
  69:Generated_Source\PSoC4/cyfitter_cfg.c ****     #define CYXDATA
  70:Generated_Source\PSoC4/cyfitter_cfg.c **** #endif
  71:Generated_Source\PSoC4/cyfitter_cfg.c **** 
  72:Generated_Source\PSoC4/cyfitter_cfg.c **** 
  73:Generated_Source\PSoC4/cyfitter_cfg.c **** CY_CFG_UNUSED
  74:Generated_Source\PSoC4/cyfitter_cfg.c **** static void CYMEMZERO(void *s, size_t n);
  75:Generated_Source\PSoC4/cyfitter_cfg.c **** CY_CFG_UNUSED
  76:Generated_Source\PSoC4/cyfitter_cfg.c **** static void CYMEMZERO(void *s, size_t n)
  77:Generated_Source\PSoC4/cyfitter_cfg.c **** {
  78:Generated_Source\PSoC4/cyfitter_cfg.c **** 	(void)memset(s, 0, n);
  79:Generated_Source\PSoC4/cyfitter_cfg.c **** }
  80:Generated_Source\PSoC4/cyfitter_cfg.c **** CY_CFG_UNUSED
  81:Generated_Source\PSoC4/cyfitter_cfg.c **** static void CYCONFIGCPY(void *dest, const void *src, size_t n);
  82:Generated_Source\PSoC4/cyfitter_cfg.c **** CY_CFG_UNUSED
  83:Generated_Source\PSoC4/cyfitter_cfg.c **** static void CYCONFIGCPY(void *dest, const void *src, size_t n)
  84:Generated_Source\PSoC4/cyfitter_cfg.c **** {
  85:Generated_Source\PSoC4/cyfitter_cfg.c **** 	(void)memcpy(dest, src, n);
  86:Generated_Source\PSoC4/cyfitter_cfg.c **** }
  87:Generated_Source\PSoC4/cyfitter_cfg.c **** CY_CFG_UNUSED
  88:Generated_Source\PSoC4/cyfitter_cfg.c **** static void CYCONFIGCPYCODE(void *dest, const void *src, size_t n);
ARM GAS  C:\Users\0\AppData\Local\Temp\ccHsGWta.s 			page 3


  89:Generated_Source\PSoC4/cyfitter_cfg.c **** CY_CFG_UNUSED
  90:Generated_Source\PSoC4/cyfitter_cfg.c **** static void CYCONFIGCPYCODE(void *dest, const void *src, size_t n)
  91:Generated_Source\PSoC4/cyfitter_cfg.c **** {
  92:Generated_Source\PSoC4/cyfitter_cfg.c **** 	(void)memcpy(dest, src, n);
  93:Generated_Source\PSoC4/cyfitter_cfg.c **** }
  94:Generated_Source\PSoC4/cyfitter_cfg.c **** 
  95:Generated_Source\PSoC4/cyfitter_cfg.c **** 
  96:Generated_Source\PSoC4/cyfitter_cfg.c **** 
  97:Generated_Source\PSoC4/cyfitter_cfg.c **** 
  98:Generated_Source\PSoC4/cyfitter_cfg.c **** /* Clock startup error codes                                                   */
  99:Generated_Source\PSoC4/cyfitter_cfg.c **** #define CYCLOCKSTART_NO_ERROR    0u
 100:Generated_Source\PSoC4/cyfitter_cfg.c **** #define CYCLOCKSTART_XTAL_ERROR  1u
 101:Generated_Source\PSoC4/cyfitter_cfg.c **** #define CYCLOCKSTART_32KHZ_ERROR 2u
 102:Generated_Source\PSoC4/cyfitter_cfg.c **** #define CYCLOCKSTART_PLL_ERROR   3u
 103:Generated_Source\PSoC4/cyfitter_cfg.c **** #define CYCLOCKSTART_FLL_ERROR   4u
 104:Generated_Source\PSoC4/cyfitter_cfg.c **** #define CYCLOCKSTART_WCO_ERROR   5u
 105:Generated_Source\PSoC4/cyfitter_cfg.c **** 
 106:Generated_Source\PSoC4/cyfitter_cfg.c **** 
 107:Generated_Source\PSoC4/cyfitter_cfg.c **** #ifdef CY_NEED_CYCLOCKSTARTUPERROR
 108:Generated_Source\PSoC4/cyfitter_cfg.c **** /*******************************************************************************
 109:Generated_Source\PSoC4/cyfitter_cfg.c **** * Function Name: CyClockStartupError
 110:Generated_Source\PSoC4/cyfitter_cfg.c **** ********************************************************************************
 111:Generated_Source\PSoC4/cyfitter_cfg.c **** * Summary:
 112:Generated_Source\PSoC4/cyfitter_cfg.c **** *  If an error is encountered during clock configuration (crystal startup error,
 113:Generated_Source\PSoC4/cyfitter_cfg.c **** *  PLL lock error, etc.), the system will end up here.  Unless reimplemented by
 114:Generated_Source\PSoC4/cyfitter_cfg.c **** *  the customer, this function will stop in an infinite loop.
 115:Generated_Source\PSoC4/cyfitter_cfg.c **** *
 116:Generated_Source\PSoC4/cyfitter_cfg.c **** * Parameters:
 117:Generated_Source\PSoC4/cyfitter_cfg.c **** *   void
 118:Generated_Source\PSoC4/cyfitter_cfg.c **** *
 119:Generated_Source\PSoC4/cyfitter_cfg.c **** * Return:
 120:Generated_Source\PSoC4/cyfitter_cfg.c **** *   void
 121:Generated_Source\PSoC4/cyfitter_cfg.c **** *
 122:Generated_Source\PSoC4/cyfitter_cfg.c **** *******************************************************************************/
 123:Generated_Source\PSoC4/cyfitter_cfg.c **** CY_CFG_UNUSED
 124:Generated_Source\PSoC4/cyfitter_cfg.c **** static void CyClockStartupError(uint8 errorCode);
 125:Generated_Source\PSoC4/cyfitter_cfg.c **** CY_CFG_UNUSED
 126:Generated_Source\PSoC4/cyfitter_cfg.c **** static void CyClockStartupError(uint8 errorCode)
 127:Generated_Source\PSoC4/cyfitter_cfg.c **** {
 128:Generated_Source\PSoC4/cyfitter_cfg.c ****     /* To remove the compiler warning if errorCode not used.                */
 129:Generated_Source\PSoC4/cyfitter_cfg.c ****     errorCode = errorCode;
 130:Generated_Source\PSoC4/cyfitter_cfg.c **** 
 131:Generated_Source\PSoC4/cyfitter_cfg.c ****     /* If we have a clock startup error (bad MHz crystal, PLL lock, etc.),  */
 132:Generated_Source\PSoC4/cyfitter_cfg.c ****     /* we will end up here to allow the customer to implement something to  */
 133:Generated_Source\PSoC4/cyfitter_cfg.c ****     /* deal with the clock condition.                                       */
 134:Generated_Source\PSoC4/cyfitter_cfg.c **** 
 135:Generated_Source\PSoC4/cyfitter_cfg.c **** #ifdef CY_CFG_CLOCK_STARTUP_ERROR_CALLBACK
 136:Generated_Source\PSoC4/cyfitter_cfg.c ****     CY_CFG_Clock_Startup_ErrorCallback();
 137:Generated_Source\PSoC4/cyfitter_cfg.c **** #else
 138:Generated_Source\PSoC4/cyfitter_cfg.c ****     /*  If not using CY_CFG_CLOCK_STARTUP_ERROR_CALLBACK, place your clock startup code here. */
 139:Generated_Source\PSoC4/cyfitter_cfg.c ****     /* `#START CyClockStartupError` */
 140:Generated_Source\PSoC4/cyfitter_cfg.c **** 
 141:Generated_Source\PSoC4/cyfitter_cfg.c **** 
 142:Generated_Source\PSoC4/cyfitter_cfg.c **** 
 143:Generated_Source\PSoC4/cyfitter_cfg.c ****     /* `#END` */
 144:Generated_Source\PSoC4/cyfitter_cfg.c **** 
 145:Generated_Source\PSoC4/cyfitter_cfg.c ****     while(1) {}
ARM GAS  C:\Users\0\AppData\Local\Temp\ccHsGWta.s 			page 4


 146:Generated_Source\PSoC4/cyfitter_cfg.c **** #endif /* CY_CFG_CLOCK_STARTUP_ERROR_CALLBACK */
 147:Generated_Source\PSoC4/cyfitter_cfg.c **** }
 148:Generated_Source\PSoC4/cyfitter_cfg.c **** #endif
 149:Generated_Source\PSoC4/cyfitter_cfg.c **** 
 150:Generated_Source\PSoC4/cyfitter_cfg.c **** 
 151:Generated_Source\PSoC4/cyfitter_cfg.c **** 
 152:Generated_Source\PSoC4/cyfitter_cfg.c **** /*******************************************************************************
 153:Generated_Source\PSoC4/cyfitter_cfg.c **** * Function Name: ClockSetup
 154:Generated_Source\PSoC4/cyfitter_cfg.c **** ********************************************************************************
 155:Generated_Source\PSoC4/cyfitter_cfg.c **** *
 156:Generated_Source\PSoC4/cyfitter_cfg.c **** * Summary:
 157:Generated_Source\PSoC4/cyfitter_cfg.c **** *   Performs the initialization of all of the clocks in the device based on the
 158:Generated_Source\PSoC4/cyfitter_cfg.c **** *   settings in the Clock tab of the DWR.  This includes enabling the requested
 159:Generated_Source\PSoC4/cyfitter_cfg.c **** *   clocks and setting the necessary dividers to produce the desired frequency. 
 160:Generated_Source\PSoC4/cyfitter_cfg.c **** *
 161:Generated_Source\PSoC4/cyfitter_cfg.c **** * Parameters:
 162:Generated_Source\PSoC4/cyfitter_cfg.c **** *   void
 163:Generated_Source\PSoC4/cyfitter_cfg.c **** *
 164:Generated_Source\PSoC4/cyfitter_cfg.c **** * Return:
 165:Generated_Source\PSoC4/cyfitter_cfg.c **** *   void
 166:Generated_Source\PSoC4/cyfitter_cfg.c **** *
 167:Generated_Source\PSoC4/cyfitter_cfg.c **** *******************************************************************************/
 168:Generated_Source\PSoC4/cyfitter_cfg.c **** static void ClockSetup(void);
 169:Generated_Source\PSoC4/cyfitter_cfg.c **** CY_CFG_SECTION
 170:Generated_Source\PSoC4/cyfitter_cfg.c **** static void ClockSetup(void)
 171:Generated_Source\PSoC4/cyfitter_cfg.c **** {
  27              		.loc 1 171 0
  28              		.cfi_startproc
  29              		@ args = 0, pretend = 0, frame = 0
  30              		@ frame_needed = 0, uses_anonymous_args = 0
  31 0000 10B5     		push	{r4, lr}
  32              		.cfi_def_cfa_offset 8
  33              		.cfi_offset 4, -8
  34              		.cfi_offset 14, -4
 172:Generated_Source\PSoC4/cyfitter_cfg.c **** 
 173:Generated_Source\PSoC4/cyfitter_cfg.c **** 	/* Set Flash Cycles based on max possible frequency in case a glitch occurs during ClockSetup(). *
 174:Generated_Source\PSoC4/cyfitter_cfg.c **** 	CY_SET_REG32((void CYXDATA *)(CYREG_CPUSS_FLASH_CTL), (0x0012u));
  35              		.loc 1 174 0
  36 0002 1A4C     		ldr	r4, .L2
  37 0004 1223     		movs	r3, #18
  38 0006 2360     		str	r3, [r4]
 175:Generated_Source\PSoC4/cyfitter_cfg.c **** 	/* Update IMO to new clock speed. */
 176:Generated_Source\PSoC4/cyfitter_cfg.c **** 	CySysClkWriteImoFreq(24u);
  39              		.loc 1 176 0
  40 0008 1820     		movs	r0, #24
  41 000a FFF7FEFF 		bl	CySysClkWriteImoFreq
  42              	.LVL0:
 177:Generated_Source\PSoC4/cyfitter_cfg.c **** 
 178:Generated_Source\PSoC4/cyfitter_cfg.c **** 	/* Setup phase aligned clocks */
 179:Generated_Source\PSoC4/cyfitter_cfg.c **** 	CY_SET_REG32((void *)CYREG_PERI_DIV_16_CTL2, 0x00001700u);
  43              		.loc 1 179 0
  44 000e B822     		movs	r2, #184
  45 0010 5201     		lsls	r2, r2, #5
  46 0012 174B     		ldr	r3, .L2+4
  47 0014 1A60     		str	r2, [r3]
 180:Generated_Source\PSoC4/cyfitter_cfg.c **** 	CY_SET_REG32((void *)CYREG_PERI_DIV_CMD, 0x8000FF42u);
  48              		.loc 1 180 0
ARM GAS  C:\Users\0\AppData\Local\Temp\ccHsGWta.s 			page 5


  49 0016 174B     		ldr	r3, .L2+8
  50 0018 174A     		ldr	r2, .L2+12
  51 001a 1A60     		str	r2, [r3]
 181:Generated_Source\PSoC4/cyfitter_cfg.c **** 	CY_SET_REG32((void *)CYREG_PERI_DIV_16_CTL0, 0x00000100u);
  52              		.loc 1 181 0
  53 001c 8021     		movs	r1, #128
  54 001e 4900     		lsls	r1, r1, #1
  55 0020 164A     		ldr	r2, .L2+16
  56 0022 1160     		str	r1, [r2]
 182:Generated_Source\PSoC4/cyfitter_cfg.c **** 	CY_SET_REG32((void *)CYREG_PERI_DIV_CMD, 0x8000FF40u);
  57              		.loc 1 182 0
  58 0024 164A     		ldr	r2, .L2+20
  59 0026 1A60     		str	r2, [r3]
 183:Generated_Source\PSoC4/cyfitter_cfg.c **** 	CY_SET_REG32((void *)CYREG_PERI_DIV_16_CTL1, 0x00001000u);
  60              		.loc 1 183 0
  61 0028 8021     		movs	r1, #128
  62 002a 4901     		lsls	r1, r1, #5
  63 002c 154A     		ldr	r2, .L2+24
  64 002e 1160     		str	r1, [r2]
 184:Generated_Source\PSoC4/cyfitter_cfg.c **** 	CY_SET_REG32((void *)CYREG_PERI_DIV_CMD, 0x8000FF41u);
  65              		.loc 1 184 0
  66 0030 154A     		ldr	r2, .L2+28
  67 0032 1A60     		str	r2, [r3]
 185:Generated_Source\PSoC4/cyfitter_cfg.c **** 
 186:Generated_Source\PSoC4/cyfitter_cfg.c **** 	/* CYDEV_CLK_SELECT Starting address: CYDEV_CLK_SELECT */
 187:Generated_Source\PSoC4/cyfitter_cfg.c **** 	CY_SET_REG32((void *)(CYREG_CLK_SELECT), 0x00000020u);
  68              		.loc 1 187 0
  69 0034 2022     		movs	r2, #32
  70 0036 154B     		ldr	r3, .L2+32
  71 0038 1A60     		str	r2, [r3]
 188:Generated_Source\PSoC4/cyfitter_cfg.c **** 
 189:Generated_Source\PSoC4/cyfitter_cfg.c **** 	/* CYDEV_PERI_PCLK_CTL18 Starting address: CYDEV_PERI_PCLK_CTL18 */
 190:Generated_Source\PSoC4/cyfitter_cfg.c **** 	CY_SET_REG32((void *)(CYREG_PERI_PCLK_CTL18), 0x00000042u);
  72              		.loc 1 190 0
  73 003a 2232     		adds	r2, r2, #34
  74 003c 144B     		ldr	r3, .L2+36
  75 003e 1A60     		str	r2, [r3]
 191:Generated_Source\PSoC4/cyfitter_cfg.c **** 
 192:Generated_Source\PSoC4/cyfitter_cfg.c **** 	/* CYDEV_PERI_PCLK_CTL6 Starting address: CYDEV_PERI_PCLK_CTL6 */
 193:Generated_Source\PSoC4/cyfitter_cfg.c **** 	CY_SET_REG32((void *)(CYREG_PERI_PCLK_CTL6), 0x00000040u);
  76              		.loc 1 193 0
  77 0040 023A     		subs	r2, r2, #2
  78 0042 144B     		ldr	r3, .L2+40
  79 0044 1A60     		str	r2, [r3]
 194:Generated_Source\PSoC4/cyfitter_cfg.c **** 
 195:Generated_Source\PSoC4/cyfitter_cfg.c **** 	/* CYDEV_PERI_PCLK_CTL0 Starting address: CYDEV_PERI_PCLK_CTL0 */
 196:Generated_Source\PSoC4/cyfitter_cfg.c **** 	CY_SET_REG32((void *)(CYREG_PERI_PCLK_CTL0), 0x00000041u);
  80              		.loc 1 196 0
  81 0046 0132     		adds	r2, r2, #1
  82 0048 134B     		ldr	r3, .L2+44
  83 004a 1A60     		str	r2, [r3]
 197:Generated_Source\PSoC4/cyfitter_cfg.c **** 
 198:Generated_Source\PSoC4/cyfitter_cfg.c **** 	(void)CyIntSetVector(13u, &CySysTimerIsr);
  84              		.loc 1 198 0
  85 004c 1349     		ldr	r1, .L2+48
  86 004e 0D20     		movs	r0, #13
  87 0050 FFF7FEFF 		bl	CyIntSetVector
ARM GAS  C:\Users\0\AppData\Local\Temp\ccHsGWta.s 			page 6


  88              	.LVL1:
 199:Generated_Source\PSoC4/cyfitter_cfg.c **** 	CyIntEnable(13u);
  89              		.loc 1 199 0
  90 0054 0D20     		movs	r0, #13
  91 0056 FFF7FEFF 		bl	CyIntEnable
  92              	.LVL2:
 200:Generated_Source\PSoC4/cyfitter_cfg.c **** 	CY_SET_REG32((void *)(CYREG_WCO_WDT_CONFIG), 0x00000000u);
  93              		.loc 1 200 0
  94 005a 0022     		movs	r2, #0
  95 005c 104B     		ldr	r3, .L2+52
  96 005e 1A60     		str	r2, [r3]
 201:Generated_Source\PSoC4/cyfitter_cfg.c **** 	CySysClkSetTimerSource(CY_SYS_CLK_TIMER_SRC_ILO);
  97              		.loc 1 201 0
  98 0060 0020     		movs	r0, #0
  99 0062 FFF7FEFF 		bl	CySysClkSetTimerSource
 100              	.LVL3:
 202:Generated_Source\PSoC4/cyfitter_cfg.c **** 	/* Set Flash Cycles based on newly configured 24.00MHz HFCLK. */
 203:Generated_Source\PSoC4/cyfitter_cfg.c **** 	CY_SET_REG32((void CYXDATA *)(CYREG_CPUSS_FLASH_CTL), (0x0011u));
 101              		.loc 1 203 0
 102 0066 1123     		movs	r3, #17
 103 0068 2360     		str	r3, [r4]
 204:Generated_Source\PSoC4/cyfitter_cfg.c **** }
 104              		.loc 1 204 0
 105              		@ sp needed
 106 006a 10BD     		pop	{r4, pc}
 107              	.L3:
 108              		.align	2
 109              	.L2:
 110 006c 30001040 		.word	1074790448
 111 0070 08030140 		.word	1073808136
 112 0074 00000140 		.word	1073807360
 113 0078 42FF0080 		.word	-2147418302
 114 007c 00030140 		.word	1073808128
 115 0080 40FF0080 		.word	-2147418304
 116 0084 04030140 		.word	1073808132
 117 0088 41FF0080 		.word	-2147418303
 118 008c 28000340 		.word	1073938472
 119 0090 48010140 		.word	1073807688
 120 0094 18010140 		.word	1073807640
 121 0098 00010140 		.word	1073807616
 122 009c 00000000 		.word	CySysTimerIsr
 123 00a0 0C022240 		.word	1075970572
 124              		.cfi_endproc
 125              	.LFE4:
 126              		.size	ClockSetup, .-ClockSetup
 127              		.section	.text.SetAnalogRoutingPumps,"ax",%progbits
 128              		.align	2
 129              		.global	SetAnalogRoutingPumps
 130              		.code	16
 131              		.thumb_func
 132              		.type	SetAnalogRoutingPumps, %function
 133              	SetAnalogRoutingPumps:
 134              	.LFB6:
 205:Generated_Source\PSoC4/cyfitter_cfg.c **** 
 206:Generated_Source\PSoC4/cyfitter_cfg.c **** 
 207:Generated_Source\PSoC4/cyfitter_cfg.c **** /* Analog API Functions */
 208:Generated_Source\PSoC4/cyfitter_cfg.c **** 
ARM GAS  C:\Users\0\AppData\Local\Temp\ccHsGWta.s 			page 7


 209:Generated_Source\PSoC4/cyfitter_cfg.c **** 
 210:Generated_Source\PSoC4/cyfitter_cfg.c **** /*******************************************************************************
 211:Generated_Source\PSoC4/cyfitter_cfg.c **** * Function Name: AnalogSetDefault
 212:Generated_Source\PSoC4/cyfitter_cfg.c **** ********************************************************************************
 213:Generated_Source\PSoC4/cyfitter_cfg.c **** *
 214:Generated_Source\PSoC4/cyfitter_cfg.c **** * Summary:
 215:Generated_Source\PSoC4/cyfitter_cfg.c **** *  Sets up the analog portions of the chip to default values based on chip
 216:Generated_Source\PSoC4/cyfitter_cfg.c **** *  configuration options from the project.
 217:Generated_Source\PSoC4/cyfitter_cfg.c **** *
 218:Generated_Source\PSoC4/cyfitter_cfg.c **** * Parameters:
 219:Generated_Source\PSoC4/cyfitter_cfg.c **** *  void
 220:Generated_Source\PSoC4/cyfitter_cfg.c **** *
 221:Generated_Source\PSoC4/cyfitter_cfg.c **** * Return:
 222:Generated_Source\PSoC4/cyfitter_cfg.c **** *  void
 223:Generated_Source\PSoC4/cyfitter_cfg.c **** *
 224:Generated_Source\PSoC4/cyfitter_cfg.c **** *******************************************************************************/
 225:Generated_Source\PSoC4/cyfitter_cfg.c **** static void AnalogSetDefault(void);
 226:Generated_Source\PSoC4/cyfitter_cfg.c **** static void AnalogSetDefault(void)
 227:Generated_Source\PSoC4/cyfitter_cfg.c **** {
 228:Generated_Source\PSoC4/cyfitter_cfg.c **** 	CY_SET_XTND_REG32((void CYFAR *)CYREG_CTBM0_DFT_CTRL, 0x00000003u);
 229:Generated_Source\PSoC4/cyfitter_cfg.c **** 	CY_SET_XTND_REG32((void CYFAR *)CYREG_SAR_CTRL, 0x80000000u);
 230:Generated_Source\PSoC4/cyfitter_cfg.c **** 	CY_SET_XTND_REG32((void CYFAR *)CYREG_SAR_MUX_SWITCH0, 0x00000020u);
 231:Generated_Source\PSoC4/cyfitter_cfg.c **** 	CY_SET_XTND_REG32((void CYFAR *)CYREG_PASS_DSAB_DSAB_CTRL, 0x00000020u);
 232:Generated_Source\PSoC4/cyfitter_cfg.c **** 	SetAnalogRoutingPumps(1);
 233:Generated_Source\PSoC4/cyfitter_cfg.c **** }
 234:Generated_Source\PSoC4/cyfitter_cfg.c **** 
 235:Generated_Source\PSoC4/cyfitter_cfg.c **** 
 236:Generated_Source\PSoC4/cyfitter_cfg.c **** /*******************************************************************************
 237:Generated_Source\PSoC4/cyfitter_cfg.c **** * Function Name: SetAnalogRoutingPumps
 238:Generated_Source\PSoC4/cyfitter_cfg.c **** ********************************************************************************
 239:Generated_Source\PSoC4/cyfitter_cfg.c **** *
 240:Generated_Source\PSoC4/cyfitter_cfg.c **** * Summary:
 241:Generated_Source\PSoC4/cyfitter_cfg.c **** * Enables or disables the analog pumps feeding analog routing switches.
 242:Generated_Source\PSoC4/cyfitter_cfg.c **** * Intended to be called at startup, based on the Vdda system configuration;
 243:Generated_Source\PSoC4/cyfitter_cfg.c **** * may be called during operation when the user informs us that the Vdda voltage crossed the pump th
 244:Generated_Source\PSoC4/cyfitter_cfg.c **** *
 245:Generated_Source\PSoC4/cyfitter_cfg.c **** * Parameters:
 246:Generated_Source\PSoC4/cyfitter_cfg.c **** *  enabled - 1 to enable the pumps, 0 to disable the pumps
 247:Generated_Source\PSoC4/cyfitter_cfg.c **** *
 248:Generated_Source\PSoC4/cyfitter_cfg.c **** * Return:
 249:Generated_Source\PSoC4/cyfitter_cfg.c **** *  void
 250:Generated_Source\PSoC4/cyfitter_cfg.c **** *
 251:Generated_Source\PSoC4/cyfitter_cfg.c **** *******************************************************************************/
 252:Generated_Source\PSoC4/cyfitter_cfg.c **** void SetAnalogRoutingPumps(uint8 enabled)
 253:Generated_Source\PSoC4/cyfitter_cfg.c **** {
 135              		.loc 1 253 0
 136              		.cfi_startproc
 137              		@ args = 0, pretend = 0, frame = 0
 138              		@ frame_needed = 0, uses_anonymous_args = 0
 139              		@ link register save eliminated.
 140              	.LVL4:
 254:Generated_Source\PSoC4/cyfitter_cfg.c **** 	uint32 regValue = CY_GET_XTND_REG32((void *)(CYREG_SAR_PUMP_CTRL));
 141              		.loc 1 254 0
 142 0000 064B     		ldr	r3, .L7
 143 0002 1B68     		ldr	r3, [r3]
 144              	.LVL5:
 255:Generated_Source\PSoC4/cyfitter_cfg.c **** 	if (enabled != 0u)
ARM GAS  C:\Users\0\AppData\Local\Temp\ccHsGWta.s 			page 8


 145              		.loc 1 255 0
 146 0004 0028     		cmp	r0, #0
 147 0006 03D0     		beq	.L5
 256:Generated_Source\PSoC4/cyfitter_cfg.c **** 	{
 257:Generated_Source\PSoC4/cyfitter_cfg.c **** 		regValue |= 0x80000000u;
 148              		.loc 1 257 0
 149 0008 8022     		movs	r2, #128
 150 000a 1206     		lsls	r2, r2, #24
 151 000c 1343     		orrs	r3, r2
 152              	.LVL6:
 153 000e 01E0     		b	.L6
 154              	.L5:
 258:Generated_Source\PSoC4/cyfitter_cfg.c **** 	}
 259:Generated_Source\PSoC4/cyfitter_cfg.c **** 	else
 260:Generated_Source\PSoC4/cyfitter_cfg.c **** 	{
 261:Generated_Source\PSoC4/cyfitter_cfg.c **** 		regValue &= ~0x80000000u;
 155              		.loc 1 261 0
 156 0010 5B00     		lsls	r3, r3, #1
 157              	.LVL7:
 158 0012 5B08     		lsrs	r3, r3, #1
 159              	.LVL8:
 160              	.L6:
 262:Generated_Source\PSoC4/cyfitter_cfg.c **** 	}
 263:Generated_Source\PSoC4/cyfitter_cfg.c **** 	CY_SET_XTND_REG32((void *)(CYREG_SAR_PUMP_CTRL), regValue);
 161              		.loc 1 263 0
 162 0014 014A     		ldr	r2, .L7
 163 0016 1360     		str	r3, [r2]
 264:Generated_Source\PSoC4/cyfitter_cfg.c **** }
 164              		.loc 1 264 0
 165              		@ sp needed
 166 0018 7047     		bx	lr
 167              	.L8:
 168 001a C046     		.align	2
 169              	.L7:
 170 001c 80033A40 		.word	1077543808
 171              		.cfi_endproc
 172              	.LFE6:
 173              		.size	SetAnalogRoutingPumps, .-SetAnalogRoutingPumps
 174              		.section	.text.AnalogSetDefault,"ax",%progbits
 175              		.align	2
 176              		.code	16
 177              		.thumb_func
 178              		.type	AnalogSetDefault, %function
 179              	AnalogSetDefault:
 180              	.LFB5:
 227:Generated_Source\PSoC4/cyfitter_cfg.c **** 	CY_SET_XTND_REG32((void CYFAR *)CYREG_CTBM0_DFT_CTRL, 0x00000003u);
 181              		.loc 1 227 0
 182              		.cfi_startproc
 183              		@ args = 0, pretend = 0, frame = 0
 184              		@ frame_needed = 0, uses_anonymous_args = 0
 185 0000 10B5     		push	{r4, lr}
 186              		.cfi_def_cfa_offset 8
 187              		.cfi_offset 4, -8
 188              		.cfi_offset 14, -4
 228:Generated_Source\PSoC4/cyfitter_cfg.c **** 	CY_SET_XTND_REG32((void CYFAR *)CYREG_SAR_CTRL, 0x80000000u);
 189              		.loc 1 228 0
 190 0002 0322     		movs	r2, #3
ARM GAS  C:\Users\0\AppData\Local\Temp\ccHsGWta.s 			page 9


 191 0004 074B     		ldr	r3, .L10
 192 0006 1A60     		str	r2, [r3]
 229:Generated_Source\PSoC4/cyfitter_cfg.c **** 	CY_SET_XTND_REG32((void CYFAR *)CYREG_SAR_MUX_SWITCH0, 0x00000020u);
 193              		.loc 1 229 0
 194 0008 8022     		movs	r2, #128
 195 000a 1206     		lsls	r2, r2, #24
 196 000c 064B     		ldr	r3, .L10+4
 197 000e 1A60     		str	r2, [r3]
 230:Generated_Source\PSoC4/cyfitter_cfg.c **** 	CY_SET_XTND_REG32((void CYFAR *)CYREG_PASS_DSAB_DSAB_CTRL, 0x00000020u);
 198              		.loc 1 230 0
 199 0010 2023     		movs	r3, #32
 200 0012 064A     		ldr	r2, .L10+8
 201 0014 1360     		str	r3, [r2]
 231:Generated_Source\PSoC4/cyfitter_cfg.c **** 	SetAnalogRoutingPumps(1);
 202              		.loc 1 231 0
 203 0016 064A     		ldr	r2, .L10+12
 204 0018 1360     		str	r3, [r2]
 232:Generated_Source\PSoC4/cyfitter_cfg.c **** }
 205              		.loc 1 232 0
 206 001a 0120     		movs	r0, #1
 207 001c FFF7FEFF 		bl	SetAnalogRoutingPumps
 208              	.LVL9:
 233:Generated_Source\PSoC4/cyfitter_cfg.c **** 
 209              		.loc 1 233 0
 210              		@ sp needed
 211 0020 10BD     		pop	{r4, pc}
 212              	.L11:
 213 0022 C046     		.align	2
 214              	.L10:
 215 0024 30003040 		.word	1076887600
 216 0028 00003A40 		.word	1077542912
 217 002c 00033A40 		.word	1077543680
 218 0030 000E3F40 		.word	1077874176
 219              		.cfi_endproc
 220              	.LFE5:
 221              		.size	AnalogSetDefault, .-AnalogSetDefault
 222              		.section	.psocinit
 223              		.align	2
 224              		.global	cyfitter_cfg
 225              		.code	16
 226              		.thumb_func
 227              		.type	cyfitter_cfg, %function
 228              	cyfitter_cfg:
 229              	.LFB7:
 265:Generated_Source\PSoC4/cyfitter_cfg.c **** 
 266:Generated_Source\PSoC4/cyfitter_cfg.c **** 
 267:Generated_Source\PSoC4/cyfitter_cfg.c **** 
 268:Generated_Source\PSoC4/cyfitter_cfg.c **** 
 269:Generated_Source\PSoC4/cyfitter_cfg.c **** /*******************************************************************************
 270:Generated_Source\PSoC4/cyfitter_cfg.c **** * Function Name: cyfitter_cfg
 271:Generated_Source\PSoC4/cyfitter_cfg.c **** ********************************************************************************
 272:Generated_Source\PSoC4/cyfitter_cfg.c **** * Summary:
 273:Generated_Source\PSoC4/cyfitter_cfg.c **** *  This function is called by the start-up code for the selected device. It
 274:Generated_Source\PSoC4/cyfitter_cfg.c **** *  performs all of the necessary device configuration based on the design
 275:Generated_Source\PSoC4/cyfitter_cfg.c **** *  settings.  This includes settings from the Design Wide Resources (DWR) such
 276:Generated_Source\PSoC4/cyfitter_cfg.c **** *  as Clocks and Pins as well as any component configuration that is necessary.
 277:Generated_Source\PSoC4/cyfitter_cfg.c **** *
ARM GAS  C:\Users\0\AppData\Local\Temp\ccHsGWta.s 			page 10


 278:Generated_Source\PSoC4/cyfitter_cfg.c **** * Parameters:
 279:Generated_Source\PSoC4/cyfitter_cfg.c **** *   void
 280:Generated_Source\PSoC4/cyfitter_cfg.c **** *
 281:Generated_Source\PSoC4/cyfitter_cfg.c **** * Return:
 282:Generated_Source\PSoC4/cyfitter_cfg.c **** *   void
 283:Generated_Source\PSoC4/cyfitter_cfg.c **** *
 284:Generated_Source\PSoC4/cyfitter_cfg.c **** *******************************************************************************/
 285:Generated_Source\PSoC4/cyfitter_cfg.c **** CY_CFG_SECTION
 286:Generated_Source\PSoC4/cyfitter_cfg.c **** void cyfitter_cfg(void)
 287:Generated_Source\PSoC4/cyfitter_cfg.c **** {
 230              		.loc 1 287 0
 231              		.cfi_startproc
 232              		@ args = 0, pretend = 0, frame = 0
 233              		@ frame_needed = 0, uses_anonymous_args = 0
 234 00a4 10B5     		push	{r4, lr}
 235              		.cfi_def_cfa_offset 8
 236              		.cfi_offset 4, -8
 237              		.cfi_offset 14, -4
 288:Generated_Source\PSoC4/cyfitter_cfg.c **** 	/* Disable interrupts by default. Let user enable if/when they want. */
 289:Generated_Source\PSoC4/cyfitter_cfg.c **** 	CyGlobalIntDisable;
 238              		.loc 1 289 0
 239              		.syntax divided
 240              	@ 289 "Generated_Source\PSoC4\cyfitter_cfg.c" 1
 241 00a6 72B6     		CPSID   i
 242              	@ 0 "" 2
 290:Generated_Source\PSoC4/cyfitter_cfg.c **** 
 291:Generated_Source\PSoC4/cyfitter_cfg.c **** 	{
 292:Generated_Source\PSoC4/cyfitter_cfg.c **** 		/* HSIOM Starting address: CYDEV_HSIOM_BASE */
 293:Generated_Source\PSoC4/cyfitter_cfg.c **** 		CY_SET_REG32((void *)(CYREG_HSIOM_PORT_SEL1), 0x00000099u);
 243              		.loc 1 293 0
 244              		.thumb
 245              		.syntax unified
 246 00a8 9922     		movs	r2, #153
 247 00aa 0F4B     		ldr	r3, .L13
 248 00ac 1A60     		str	r2, [r3]
 294:Generated_Source\PSoC4/cyfitter_cfg.c **** 		CY_SET_REG32((void *)(CYREG_HSIOM_PORT_SEL3), 0x0000EE00u);
 249              		.loc 1 294 0
 250 00ae EE22     		movs	r2, #238
 251 00b0 1202     		lsls	r2, r2, #8
 252 00b2 0E4B     		ldr	r3, .L13+4
 253 00b4 1A60     		str	r2, [r3]
 295:Generated_Source\PSoC4/cyfitter_cfg.c **** 
 296:Generated_Source\PSoC4/cyfitter_cfg.c **** 	}
 297:Generated_Source\PSoC4/cyfitter_cfg.c **** 
 298:Generated_Source\PSoC4/cyfitter_cfg.c **** 	/* Perform second pass device configuration. These items must be configured in specific order afte
 299:Generated_Source\PSoC4/cyfitter_cfg.c **** 	/* IOPINS0_1 Starting address: CYDEV_GPIO_PRT1_BASE */
 300:Generated_Source\PSoC4/cyfitter_cfg.c **** 	CY_SET_REG32((void *)(CYDEV_GPIO_PRT1_BASE), 0x00000002u);
 254              		.loc 1 300 0
 255 00b6 0223     		movs	r3, #2
 256 00b8 0D4A     		ldr	r2, .L13+8
 257 00ba 1360     		str	r3, [r2]
 301:Generated_Source\PSoC4/cyfitter_cfg.c **** 	CY_SET_REG32((void *)(CYREG_GPIO_PRT1_PC), 0x00000031u);
 258              		.loc 1 301 0
 259 00bc 3121     		movs	r1, #49
 260 00be 0D4A     		ldr	r2, .L13+12
 261 00c0 1160     		str	r1, [r2]
 302:Generated_Source\PSoC4/cyfitter_cfg.c **** 	CY_SET_REG32((void *)(CYREG_GPIO_PRT1_PC2), 0x00000002u);
ARM GAS  C:\Users\0\AppData\Local\Temp\ccHsGWta.s 			page 11


 262              		.loc 1 302 0
 263 00c2 0D4A     		ldr	r2, .L13+16
 264 00c4 1360     		str	r3, [r2]
 303:Generated_Source\PSoC4/cyfitter_cfg.c **** 
 304:Generated_Source\PSoC4/cyfitter_cfg.c **** 	/* IOPINS0_2 Starting address: CYDEV_GPIO_PRT2_BASE */
 305:Generated_Source\PSoC4/cyfitter_cfg.c **** 	CY_SET_REG32((void *)(CYDEV_GPIO_PRT2_BASE), 0x00000020u);
 265              		.loc 1 305 0
 266 00c6 1E33     		adds	r3, r3, #30
 267 00c8 0C4A     		ldr	r2, .L13+20
 268 00ca 1360     		str	r3, [r2]
 306:Generated_Source\PSoC4/cyfitter_cfg.c **** 	CY_SET_REG32((void *)(CYREG_GPIO_PRT2_PC2), 0x00000020u);
 269              		.loc 1 306 0
 270 00cc 0C4A     		ldr	r2, .L13+24
 271 00ce 1360     		str	r3, [r2]
 307:Generated_Source\PSoC4/cyfitter_cfg.c **** 
 308:Generated_Source\PSoC4/cyfitter_cfg.c **** 	/* IOPINS0_3 Starting address: CYDEV_GPIO_PRT3_BASE */
 309:Generated_Source\PSoC4/cyfitter_cfg.c **** 	CY_SET_REG32((void *)(CYREG_GPIO_PRT3_PC), 0x00000D80u);
 272              		.loc 1 309 0
 273 00d0 D822     		movs	r2, #216
 274 00d2 1201     		lsls	r2, r2, #4
 275 00d4 0B4B     		ldr	r3, .L13+28
 276 00d6 1A60     		str	r2, [r3]
 310:Generated_Source\PSoC4/cyfitter_cfg.c **** 
 311:Generated_Source\PSoC4/cyfitter_cfg.c **** 	/* IOPINS0_4 Starting address: CYDEV_GPIO_PRT4_BASE */
 312:Generated_Source\PSoC4/cyfitter_cfg.c **** 	CY_SET_REG32((void *)(CYREG_GPIO_PRT4_PC), 0x00000030u);
 277              		.loc 1 312 0
 278 00d8 3022     		movs	r2, #48
 279 00da 0B4B     		ldr	r3, .L13+32
 280 00dc 1A60     		str	r2, [r3]
 313:Generated_Source\PSoC4/cyfitter_cfg.c **** 
 314:Generated_Source\PSoC4/cyfitter_cfg.c **** 
 315:Generated_Source\PSoC4/cyfitter_cfg.c **** 	/* Setup clocks based on selections from Clock DWR */
 316:Generated_Source\PSoC4/cyfitter_cfg.c **** 	ClockSetup();
 281              		.loc 1 316 0
 282 00de FFF78FFF 		bl	ClockSetup
 283              	.LVL10:
 317:Generated_Source\PSoC4/cyfitter_cfg.c **** 
 318:Generated_Source\PSoC4/cyfitter_cfg.c **** 	/* Perform basic analog initialization to defaults */
 319:Generated_Source\PSoC4/cyfitter_cfg.c **** 	AnalogSetDefault();
 284              		.loc 1 319 0
 285 00e2 FFF7FEFF 		bl	AnalogSetDefault
 286              	.LVL11:
 320:Generated_Source\PSoC4/cyfitter_cfg.c **** 
 321:Generated_Source\PSoC4/cyfitter_cfg.c **** }
 287              		.loc 1 321 0
 288              		@ sp needed
 289 00e6 10BD     		pop	{r4, pc}
 290              	.L14:
 291              		.align	2
 292              	.L13:
 293 00e8 00010240 		.word	1073873152
 294 00ec 00030240 		.word	1073873664
 295 00f0 00010440 		.word	1074004224
 296 00f4 08010440 		.word	1074004232
 297 00f8 18010440 		.word	1074004248
 298 00fc 00020440 		.word	1074004480
 299 0100 18020440 		.word	1074004504
ARM GAS  C:\Users\0\AppData\Local\Temp\ccHsGWta.s 			page 12


 300 0104 08030440 		.word	1074004744
 301 0108 08040440 		.word	1074005000
 302              		.cfi_endproc
 303              	.LFE7:
 304              		.size	cyfitter_cfg, .-cyfitter_cfg
 305              		.text
 306              	.Letext0:
 307              		.file 2 "Generated_Source\\PSoC4\\cytypes.h"
 308              		.file 3 "Generated_Source\\PSoC4\\CyLib.h"
 309              		.file 4 "Generated_Source\\PSoC4\\CyLFClk.h"
 310              		.section	.debug_info,"",%progbits
 311              	.Ldebug_info0:
 312 0000 BE010000 		.4byte	0x1be
 313 0004 0400     		.2byte	0x4
 314 0006 00000000 		.4byte	.Ldebug_abbrev0
 315 000a 04       		.byte	0x4
 316 000b 01       		.uleb128 0x1
 317 000c 80010000 		.4byte	.LASF25
 318 0010 0C       		.byte	0xc
 319 0011 1E020000 		.4byte	.LASF26
 320 0015 E8000000 		.4byte	.LASF27
 321 0019 00000000 		.4byte	.Ldebug_ranges0+0
 322 001d 00000000 		.4byte	0
 323 0021 00000000 		.4byte	.Ldebug_line0
 324 0025 02       		.uleb128 0x2
 325 0026 04       		.byte	0x4
 326 0027 05       		.byte	0x5
 327 0028 696E7400 		.ascii	"int\000"
 328 002c 03       		.uleb128 0x3
 329 002d 04       		.byte	0x4
 330 002e 07       		.byte	0x7
 331 002f C4000000 		.4byte	.LASF0
 332 0033 03       		.uleb128 0x3
 333 0034 08       		.byte	0x8
 334 0035 05       		.byte	0x5
 335 0036 31010000 		.4byte	.LASF1
 336 003a 03       		.uleb128 0x3
 337 003b 08       		.byte	0x8
 338 003c 04       		.byte	0x4
 339 003d 74010000 		.4byte	.LASF2
 340 0041 03       		.uleb128 0x3
 341 0042 01       		.byte	0x1
 342 0043 06       		.byte	0x6
 343 0044 12020000 		.4byte	.LASF3
 344 0048 03       		.uleb128 0x3
 345 0049 01       		.byte	0x1
 346 004a 08       		.byte	0x8
 347 004b 61000000 		.4byte	.LASF4
 348 004f 03       		.uleb128 0x3
 349 0050 02       		.byte	0x2
 350 0051 05       		.byte	0x5
 351 0052 4C010000 		.4byte	.LASF5
 352 0056 03       		.uleb128 0x3
 353 0057 02       		.byte	0x2
 354 0058 07       		.byte	0x7
 355 0059 48000000 		.4byte	.LASF6
 356 005d 03       		.uleb128 0x3
ARM GAS  C:\Users\0\AppData\Local\Temp\ccHsGWta.s 			page 13


 357 005e 04       		.byte	0x4
 358 005f 05       		.byte	0x5
 359 0060 6B010000 		.4byte	.LASF7
 360 0064 03       		.uleb128 0x3
 361 0065 04       		.byte	0x4
 362 0066 07       		.byte	0x7
 363 0067 6F000000 		.4byte	.LASF8
 364 006b 03       		.uleb128 0x3
 365 006c 08       		.byte	0x8
 366 006d 07       		.byte	0x7
 367 006e D1000000 		.4byte	.LASF9
 368 0072 03       		.uleb128 0x3
 369 0073 04       		.byte	0x4
 370 0074 07       		.byte	0x7
 371 0075 28010000 		.4byte	.LASF10
 372 0079 03       		.uleb128 0x3
 373 007a 01       		.byte	0x1
 374 007b 08       		.byte	0x8
 375 007c 3F010000 		.4byte	.LASF11
 376 0080 04       		.uleb128 0x4
 377 0081 81000000 		.4byte	.LASF12
 378 0085 02       		.byte	0x2
 379 0086 E601     		.2byte	0x1e6
 380 0088 48000000 		.4byte	0x48
 381 008c 04       		.uleb128 0x4
 382 008d BD000000 		.4byte	.LASF13
 383 0091 02       		.byte	0x2
 384 0092 E801     		.2byte	0x1e8
 385 0094 64000000 		.4byte	0x64
 386 0098 03       		.uleb128 0x3
 387 0099 04       		.byte	0x4
 388 009a 04       		.byte	0x4
 389 009b 5B000000 		.4byte	.LASF14
 390 009f 03       		.uleb128 0x3
 391 00a0 08       		.byte	0x8
 392 00a1 04       		.byte	0x4
 393 00a2 AA000000 		.4byte	.LASF15
 394 00a6 04       		.uleb128 0x4
 395 00a7 00000000 		.4byte	.LASF16
 396 00ab 02       		.byte	0x2
 397 00ac 9202     		.2byte	0x292
 398 00ae B2000000 		.4byte	0xb2
 399 00b2 05       		.uleb128 0x5
 400 00b3 8C000000 		.4byte	0x8c
 401 00b7 06       		.uleb128 0x6
 402 00b8 3D000000 		.4byte	.LASF17
 403 00bc 01       		.byte	0x1
 404 00bd AA       		.byte	0xaa
 405 00be 00000000 		.4byte	.LFB4
 406 00c2 A4000000 		.4byte	.LFE4-.LFB4
 407 00c6 01       		.uleb128 0x1
 408 00c7 9C       		.byte	0x9c
 409 00c8 15010000 		.4byte	0x115
 410 00cc 07       		.uleb128 0x7
 411 00cd 0E000000 		.4byte	.LVL0
 412 00d1 95010000 		.4byte	0x195
 413 00d5 DF000000 		.4byte	0xdf
ARM GAS  C:\Users\0\AppData\Local\Temp\ccHsGWta.s 			page 14


 414 00d9 08       		.uleb128 0x8
 415 00da 01       		.uleb128 0x1
 416 00db 50       		.byte	0x50
 417 00dc 01       		.uleb128 0x1
 418 00dd 48       		.byte	0x48
 419 00de 00       		.byte	0
 420 00df 07       		.uleb128 0x7
 421 00e0 54000000 		.4byte	.LVL1
 422 00e4 A0010000 		.4byte	0x1a0
 423 00e8 F2000000 		.4byte	0xf2
 424 00ec 08       		.uleb128 0x8
 425 00ed 01       		.uleb128 0x1
 426 00ee 50       		.byte	0x50
 427 00ef 01       		.uleb128 0x1
 428 00f0 3D       		.byte	0x3d
 429 00f1 00       		.byte	0
 430 00f2 07       		.uleb128 0x7
 431 00f3 5A000000 		.4byte	.LVL2
 432 00f7 AB010000 		.4byte	0x1ab
 433 00fb 05010000 		.4byte	0x105
 434 00ff 08       		.uleb128 0x8
 435 0100 01       		.uleb128 0x1
 436 0101 50       		.byte	0x50
 437 0102 01       		.uleb128 0x1
 438 0103 3D       		.byte	0x3d
 439 0104 00       		.byte	0
 440 0105 09       		.uleb128 0x9
 441 0106 66000000 		.4byte	.LVL3
 442 010a B6010000 		.4byte	0x1b6
 443 010e 08       		.uleb128 0x8
 444 010f 01       		.uleb128 0x1
 445 0110 50       		.byte	0x50
 446 0111 01       		.uleb128 0x1
 447 0112 30       		.byte	0x30
 448 0113 00       		.byte	0
 449 0114 00       		.byte	0
 450 0115 0A       		.uleb128 0xa
 451 0116 94000000 		.4byte	.LASF19
 452 011a 01       		.byte	0x1
 453 011b FC       		.byte	0xfc
 454 011c 00000000 		.4byte	.LFB6
 455 0120 20000000 		.4byte	.LFE6-.LFB6
 456 0124 01       		.uleb128 0x1
 457 0125 9C       		.byte	0x9c
 458 0126 47010000 		.4byte	0x147
 459 012a 0B       		.uleb128 0xb
 460 012b 44010000 		.4byte	.LASF28
 461 012f 01       		.byte	0x1
 462 0130 FC       		.byte	0xfc
 463 0131 80000000 		.4byte	0x80
 464 0135 01       		.uleb128 0x1
 465 0136 50       		.byte	0x50
 466 0137 0C       		.uleb128 0xc
 467 0138 44020000 		.4byte	.LASF29
 468 013c 01       		.byte	0x1
 469 013d FE       		.byte	0xfe
 470 013e 8C000000 		.4byte	0x8c
ARM GAS  C:\Users\0\AppData\Local\Temp\ccHsGWta.s 			page 15


 471 0142 00000000 		.4byte	.LLST0
 472 0146 00       		.byte	0
 473 0147 06       		.uleb128 0x6
 474 0148 06000000 		.4byte	.LASF18
 475 014c 01       		.byte	0x1
 476 014d E2       		.byte	0xe2
 477 014e 00000000 		.4byte	.LFB5
 478 0152 34000000 		.4byte	.LFE5-.LFB5
 479 0156 01       		.uleb128 0x1
 480 0157 9C       		.byte	0x9c
 481 0158 6C010000 		.4byte	0x16c
 482 015c 09       		.uleb128 0x9
 483 015d 20000000 		.4byte	.LVL9
 484 0161 15010000 		.4byte	0x115
 485 0165 08       		.uleb128 0x8
 486 0166 01       		.uleb128 0x1
 487 0167 50       		.byte	0x50
 488 0168 01       		.uleb128 0x1
 489 0169 31       		.byte	0x31
 490 016a 00       		.byte	0
 491 016b 00       		.byte	0
 492 016c 0D       		.uleb128 0xd
 493 016d 87000000 		.4byte	.LASF20
 494 0171 01       		.byte	0x1
 495 0172 1E01     		.2byte	0x11e
 496 0174 A4000000 		.4byte	.LFB7
 497 0178 68000000 		.4byte	.LFE7-.LFB7
 498 017c 01       		.uleb128 0x1
 499 017d 9C       		.byte	0x9c
 500 017e 95010000 		.4byte	0x195
 501 0182 0E       		.uleb128 0xe
 502 0183 E2000000 		.4byte	.LVL10
 503 0187 B7000000 		.4byte	0xb7
 504 018b 0E       		.uleb128 0xe
 505 018c E6000000 		.4byte	.LVL11
 506 0190 47010000 		.4byte	0x147
 507 0194 00       		.byte	0
 508 0195 0F       		.uleb128 0xf
 509 0196 56010000 		.4byte	.LASF21
 510 019a 56010000 		.4byte	.LASF21
 511 019e 03       		.byte	0x3
 512 019f 6C       		.byte	0x6c
 513 01a0 0F       		.uleb128 0xf
 514 01a1 2E000000 		.4byte	.LASF22
 515 01a5 2E000000 		.4byte	.LASF22
 516 01a9 03       		.byte	0x3
 517 01aa BD       		.byte	0xbd
 518 01ab 0F       		.uleb128 0xf
 519 01ac B1000000 		.4byte	.LASF23
 520 01b0 B1000000 		.4byte	.LASF23
 521 01b4 03       		.byte	0x3
 522 01b5 C3       		.byte	0xc3
 523 01b6 0F       		.uleb128 0xf
 524 01b7 17000000 		.4byte	.LASF24
 525 01bb 17000000 		.4byte	.LASF24
 526 01bf 04       		.byte	0x4
 527 01c0 9F       		.byte	0x9f
ARM GAS  C:\Users\0\AppData\Local\Temp\ccHsGWta.s 			page 16


 528 01c1 00       		.byte	0
 529              		.section	.debug_abbrev,"",%progbits
 530              	.Ldebug_abbrev0:
 531 0000 01       		.uleb128 0x1
 532 0001 11       		.uleb128 0x11
 533 0002 01       		.byte	0x1
 534 0003 25       		.uleb128 0x25
 535 0004 0E       		.uleb128 0xe
 536 0005 13       		.uleb128 0x13
 537 0006 0B       		.uleb128 0xb
 538 0007 03       		.uleb128 0x3
 539 0008 0E       		.uleb128 0xe
 540 0009 1B       		.uleb128 0x1b
 541 000a 0E       		.uleb128 0xe
 542 000b 55       		.uleb128 0x55
 543 000c 17       		.uleb128 0x17
 544 000d 11       		.uleb128 0x11
 545 000e 01       		.uleb128 0x1
 546 000f 10       		.uleb128 0x10
 547 0010 17       		.uleb128 0x17
 548 0011 00       		.byte	0
 549 0012 00       		.byte	0
 550 0013 02       		.uleb128 0x2
 551 0014 24       		.uleb128 0x24
 552 0015 00       		.byte	0
 553 0016 0B       		.uleb128 0xb
 554 0017 0B       		.uleb128 0xb
 555 0018 3E       		.uleb128 0x3e
 556 0019 0B       		.uleb128 0xb
 557 001a 03       		.uleb128 0x3
 558 001b 08       		.uleb128 0x8
 559 001c 00       		.byte	0
 560 001d 00       		.byte	0
 561 001e 03       		.uleb128 0x3
 562 001f 24       		.uleb128 0x24
 563 0020 00       		.byte	0
 564 0021 0B       		.uleb128 0xb
 565 0022 0B       		.uleb128 0xb
 566 0023 3E       		.uleb128 0x3e
 567 0024 0B       		.uleb128 0xb
 568 0025 03       		.uleb128 0x3
 569 0026 0E       		.uleb128 0xe
 570 0027 00       		.byte	0
 571 0028 00       		.byte	0
 572 0029 04       		.uleb128 0x4
 573 002a 16       		.uleb128 0x16
 574 002b 00       		.byte	0
 575 002c 03       		.uleb128 0x3
 576 002d 0E       		.uleb128 0xe
 577 002e 3A       		.uleb128 0x3a
 578 002f 0B       		.uleb128 0xb
 579 0030 3B       		.uleb128 0x3b
 580 0031 05       		.uleb128 0x5
 581 0032 49       		.uleb128 0x49
 582 0033 13       		.uleb128 0x13
 583 0034 00       		.byte	0
 584 0035 00       		.byte	0
ARM GAS  C:\Users\0\AppData\Local\Temp\ccHsGWta.s 			page 17


 585 0036 05       		.uleb128 0x5
 586 0037 35       		.uleb128 0x35
 587 0038 00       		.byte	0
 588 0039 49       		.uleb128 0x49
 589 003a 13       		.uleb128 0x13
 590 003b 00       		.byte	0
 591 003c 00       		.byte	0
 592 003d 06       		.uleb128 0x6
 593 003e 2E       		.uleb128 0x2e
 594 003f 01       		.byte	0x1
 595 0040 03       		.uleb128 0x3
 596 0041 0E       		.uleb128 0xe
 597 0042 3A       		.uleb128 0x3a
 598 0043 0B       		.uleb128 0xb
 599 0044 3B       		.uleb128 0x3b
 600 0045 0B       		.uleb128 0xb
 601 0046 27       		.uleb128 0x27
 602 0047 19       		.uleb128 0x19
 603 0048 11       		.uleb128 0x11
 604 0049 01       		.uleb128 0x1
 605 004a 12       		.uleb128 0x12
 606 004b 06       		.uleb128 0x6
 607 004c 40       		.uleb128 0x40
 608 004d 18       		.uleb128 0x18
 609 004e 9742     		.uleb128 0x2117
 610 0050 19       		.uleb128 0x19
 611 0051 01       		.uleb128 0x1
 612 0052 13       		.uleb128 0x13
 613 0053 00       		.byte	0
 614 0054 00       		.byte	0
 615 0055 07       		.uleb128 0x7
 616 0056 898201   		.uleb128 0x4109
 617 0059 01       		.byte	0x1
 618 005a 11       		.uleb128 0x11
 619 005b 01       		.uleb128 0x1
 620 005c 31       		.uleb128 0x31
 621 005d 13       		.uleb128 0x13
 622 005e 01       		.uleb128 0x1
 623 005f 13       		.uleb128 0x13
 624 0060 00       		.byte	0
 625 0061 00       		.byte	0
 626 0062 08       		.uleb128 0x8
 627 0063 8A8201   		.uleb128 0x410a
 628 0066 00       		.byte	0
 629 0067 02       		.uleb128 0x2
 630 0068 18       		.uleb128 0x18
 631 0069 9142     		.uleb128 0x2111
 632 006b 18       		.uleb128 0x18
 633 006c 00       		.byte	0
 634 006d 00       		.byte	0
 635 006e 09       		.uleb128 0x9
 636 006f 898201   		.uleb128 0x4109
 637 0072 01       		.byte	0x1
 638 0073 11       		.uleb128 0x11
 639 0074 01       		.uleb128 0x1
 640 0075 31       		.uleb128 0x31
 641 0076 13       		.uleb128 0x13
ARM GAS  C:\Users\0\AppData\Local\Temp\ccHsGWta.s 			page 18


 642 0077 00       		.byte	0
 643 0078 00       		.byte	0
 644 0079 0A       		.uleb128 0xa
 645 007a 2E       		.uleb128 0x2e
 646 007b 01       		.byte	0x1
 647 007c 3F       		.uleb128 0x3f
 648 007d 19       		.uleb128 0x19
 649 007e 03       		.uleb128 0x3
 650 007f 0E       		.uleb128 0xe
 651 0080 3A       		.uleb128 0x3a
 652 0081 0B       		.uleb128 0xb
 653 0082 3B       		.uleb128 0x3b
 654 0083 0B       		.uleb128 0xb
 655 0084 27       		.uleb128 0x27
 656 0085 19       		.uleb128 0x19
 657 0086 11       		.uleb128 0x11
 658 0087 01       		.uleb128 0x1
 659 0088 12       		.uleb128 0x12
 660 0089 06       		.uleb128 0x6
 661 008a 40       		.uleb128 0x40
 662 008b 18       		.uleb128 0x18
 663 008c 9742     		.uleb128 0x2117
 664 008e 19       		.uleb128 0x19
 665 008f 01       		.uleb128 0x1
 666 0090 13       		.uleb128 0x13
 667 0091 00       		.byte	0
 668 0092 00       		.byte	0
 669 0093 0B       		.uleb128 0xb
 670 0094 05       		.uleb128 0x5
 671 0095 00       		.byte	0
 672 0096 03       		.uleb128 0x3
 673 0097 0E       		.uleb128 0xe
 674 0098 3A       		.uleb128 0x3a
 675 0099 0B       		.uleb128 0xb
 676 009a 3B       		.uleb128 0x3b
 677 009b 0B       		.uleb128 0xb
 678 009c 49       		.uleb128 0x49
 679 009d 13       		.uleb128 0x13
 680 009e 02       		.uleb128 0x2
 681 009f 18       		.uleb128 0x18
 682 00a0 00       		.byte	0
 683 00a1 00       		.byte	0
 684 00a2 0C       		.uleb128 0xc
 685 00a3 34       		.uleb128 0x34
 686 00a4 00       		.byte	0
 687 00a5 03       		.uleb128 0x3
 688 00a6 0E       		.uleb128 0xe
 689 00a7 3A       		.uleb128 0x3a
 690 00a8 0B       		.uleb128 0xb
 691 00a9 3B       		.uleb128 0x3b
 692 00aa 0B       		.uleb128 0xb
 693 00ab 49       		.uleb128 0x49
 694 00ac 13       		.uleb128 0x13
 695 00ad 02       		.uleb128 0x2
 696 00ae 17       		.uleb128 0x17
 697 00af 00       		.byte	0
 698 00b0 00       		.byte	0
ARM GAS  C:\Users\0\AppData\Local\Temp\ccHsGWta.s 			page 19


 699 00b1 0D       		.uleb128 0xd
 700 00b2 2E       		.uleb128 0x2e
 701 00b3 01       		.byte	0x1
 702 00b4 3F       		.uleb128 0x3f
 703 00b5 19       		.uleb128 0x19
 704 00b6 03       		.uleb128 0x3
 705 00b7 0E       		.uleb128 0xe
 706 00b8 3A       		.uleb128 0x3a
 707 00b9 0B       		.uleb128 0xb
 708 00ba 3B       		.uleb128 0x3b
 709 00bb 05       		.uleb128 0x5
 710 00bc 27       		.uleb128 0x27
 711 00bd 19       		.uleb128 0x19
 712 00be 11       		.uleb128 0x11
 713 00bf 01       		.uleb128 0x1
 714 00c0 12       		.uleb128 0x12
 715 00c1 06       		.uleb128 0x6
 716 00c2 40       		.uleb128 0x40
 717 00c3 18       		.uleb128 0x18
 718 00c4 9742     		.uleb128 0x2117
 719 00c6 19       		.uleb128 0x19
 720 00c7 01       		.uleb128 0x1
 721 00c8 13       		.uleb128 0x13
 722 00c9 00       		.byte	0
 723 00ca 00       		.byte	0
 724 00cb 0E       		.uleb128 0xe
 725 00cc 898201   		.uleb128 0x4109
 726 00cf 00       		.byte	0
 727 00d0 11       		.uleb128 0x11
 728 00d1 01       		.uleb128 0x1
 729 00d2 31       		.uleb128 0x31
 730 00d3 13       		.uleb128 0x13
 731 00d4 00       		.byte	0
 732 00d5 00       		.byte	0
 733 00d6 0F       		.uleb128 0xf
 734 00d7 2E       		.uleb128 0x2e
 735 00d8 00       		.byte	0
 736 00d9 3F       		.uleb128 0x3f
 737 00da 19       		.uleb128 0x19
 738 00db 3C       		.uleb128 0x3c
 739 00dc 19       		.uleb128 0x19
 740 00dd 6E       		.uleb128 0x6e
 741 00de 0E       		.uleb128 0xe
 742 00df 03       		.uleb128 0x3
 743 00e0 0E       		.uleb128 0xe
 744 00e1 3A       		.uleb128 0x3a
 745 00e2 0B       		.uleb128 0xb
 746 00e3 3B       		.uleb128 0x3b
 747 00e4 0B       		.uleb128 0xb
 748 00e5 00       		.byte	0
 749 00e6 00       		.byte	0
 750 00e7 00       		.byte	0
 751              		.section	.debug_loc,"",%progbits
 752              	.Ldebug_loc0:
 753              	.LLST0:
 754 0000 04000000 		.4byte	.LVL5
 755 0004 12000000 		.4byte	.LVL7
ARM GAS  C:\Users\0\AppData\Local\Temp\ccHsGWta.s 			page 20


 756 0008 0100     		.2byte	0x1
 757 000a 53       		.byte	0x53
 758 000b 14000000 		.4byte	.LVL8
 759 000f 20000000 		.4byte	.LFE6
 760 0013 0100     		.2byte	0x1
 761 0015 53       		.byte	0x53
 762 0016 00000000 		.4byte	0
 763 001a 00000000 		.4byte	0
 764              		.section	.debug_aranges,"",%progbits
 765 0000 34000000 		.4byte	0x34
 766 0004 0200     		.2byte	0x2
 767 0006 00000000 		.4byte	.Ldebug_info0
 768 000a 04       		.byte	0x4
 769 000b 00       		.byte	0
 770 000c 0000     		.2byte	0
 771 000e 0000     		.2byte	0
 772 0010 00000000 		.4byte	.LFB4
 773 0014 A4000000 		.4byte	.LFE4-.LFB4
 774 0018 00000000 		.4byte	.LFB6
 775 001c 20000000 		.4byte	.LFE6-.LFB6
 776 0020 00000000 		.4byte	.LFB5
 777 0024 34000000 		.4byte	.LFE5-.LFB5
 778 0028 A4000000 		.4byte	.LFB7
 779 002c 68000000 		.4byte	.LFE7-.LFB7
 780 0030 00000000 		.4byte	0
 781 0034 00000000 		.4byte	0
 782              		.section	.debug_ranges,"",%progbits
 783              	.Ldebug_ranges0:
 784 0000 00000000 		.4byte	.LFB4
 785 0004 A4000000 		.4byte	.LFE4
 786 0008 00000000 		.4byte	.LFB6
 787 000c 20000000 		.4byte	.LFE6
 788 0010 00000000 		.4byte	.LFB5
 789 0014 34000000 		.4byte	.LFE5
 790 0018 A4000000 		.4byte	.LFB7
 791 001c 0C010000 		.4byte	.LFE7
 792 0020 00000000 		.4byte	0
 793 0024 00000000 		.4byte	0
 794              		.section	.debug_line,"",%progbits
 795              	.Ldebug_line0:
 796 0000 C7000000 		.section	.debug_str,"MS",%progbits,1
 796      02006100 
 796      00000201 
 796      FB0E0D00 
 796      01010101 
 797              	.LASF16:
 798 0000 72656733 		.ascii	"reg32\000"
 798      3200
 799              	.LASF18:
 800 0006 416E616C 		.ascii	"AnalogSetDefault\000"
 800      6F675365 
 800      74446566 
 800      61756C74 
 800      00
 801              	.LASF24:
 802 0017 43795379 		.ascii	"CySysClkSetTimerSource\000"
 802      73436C6B 
ARM GAS  C:\Users\0\AppData\Local\Temp\ccHsGWta.s 			page 21


 802      53657454 
 802      696D6572 
 802      536F7572 
 803              	.LASF22:
 804 002e 4379496E 		.ascii	"CyIntSetVector\000"
 804      74536574 
 804      56656374 
 804      6F7200
 805              	.LASF17:
 806 003d 436C6F63 		.ascii	"ClockSetup\000"
 806      6B536574 
 806      757000
 807              	.LASF6:
 808 0048 73686F72 		.ascii	"short unsigned int\000"
 808      7420756E 
 808      7369676E 
 808      65642069 
 808      6E7400
 809              	.LASF14:
 810 005b 666C6F61 		.ascii	"float\000"
 810      7400
 811              	.LASF4:
 812 0061 756E7369 		.ascii	"unsigned char\000"
 812      676E6564 
 812      20636861 
 812      7200
 813              	.LASF8:
 814 006f 6C6F6E67 		.ascii	"long unsigned int\000"
 814      20756E73 
 814      69676E65 
 814      6420696E 
 814      7400
 815              	.LASF12:
 816 0081 75696E74 		.ascii	"uint8\000"
 816      3800
 817              	.LASF20:
 818 0087 63796669 		.ascii	"cyfitter_cfg\000"
 818      74746572 
 818      5F636667 
 818      00
 819              	.LASF19:
 820 0094 53657441 		.ascii	"SetAnalogRoutingPumps\000"
 820      6E616C6F 
 820      67526F75 
 820      74696E67 
 820      50756D70 
 821              	.LASF15:
 822 00aa 646F7562 		.ascii	"double\000"
 822      6C6500
 823              	.LASF23:
 824 00b1 4379496E 		.ascii	"CyIntEnable\000"
 824      74456E61 
 824      626C6500 
 825              	.LASF13:
 826 00bd 75696E74 		.ascii	"uint32\000"
 826      333200
 827              	.LASF0:
ARM GAS  C:\Users\0\AppData\Local\Temp\ccHsGWta.s 			page 22


 828 00c4 756E7369 		.ascii	"unsigned int\000"
 828      676E6564 
 828      20696E74 
 828      00
 829              	.LASF9:
 830 00d1 6C6F6E67 		.ascii	"long long unsigned int\000"
 830      206C6F6E 
 830      6720756E 
 830      7369676E 
 830      65642069 
 831              	.LASF27:
 832 00e8 433A5C55 		.ascii	"C:\\Users\\0\\Documents\\PSoC Creator\\Workspace05\\"
 832      73657273 
 832      5C305C44 
 832      6F63756D 
 832      656E7473 
 833 0116 52656164 		.ascii	"ReadVoltage.cydsn\000"
 833      566F6C74 
 833      6167652E 
 833      63796473 
 833      6E00
 834              	.LASF10:
 835 0128 73697A65 		.ascii	"sizetype\000"
 835      74797065 
 835      00
 836              	.LASF1:
 837 0131 6C6F6E67 		.ascii	"long long int\000"
 837      206C6F6E 
 837      6720696E 
 837      7400
 838              	.LASF11:
 839 013f 63686172 		.ascii	"char\000"
 839      00
 840              	.LASF28:
 841 0144 656E6162 		.ascii	"enabled\000"
 841      6C656400 
 842              	.LASF5:
 843 014c 73686F72 		.ascii	"short int\000"
 843      7420696E 
 843      7400
 844              	.LASF21:
 845 0156 43795379 		.ascii	"CySysClkWriteImoFreq\000"
 845      73436C6B 
 845      57726974 
 845      65496D6F 
 845      46726571 
 846              	.LASF7:
 847 016b 6C6F6E67 		.ascii	"long int\000"
 847      20696E74 
 847      00
 848              	.LASF2:
 849 0174 6C6F6E67 		.ascii	"long double\000"
 849      20646F75 
 849      626C6500 
 850              	.LASF25:
 851 0180 474E5520 		.ascii	"GNU C11 5.4.1 20160609 (release) [ARM/embedded-5-br"
 851      43313120 
ARM GAS  C:\Users\0\AppData\Local\Temp\ccHsGWta.s 			page 23


 851      352E342E 
 851      31203230 
 851      31363036 
 852 01b3 616E6368 		.ascii	"anch revision 237715] -mcpu=cortex-m0plus -mthumb -"
 852      20726576 
 852      6973696F 
 852      6E203233 
 852      37373135 
 853 01e6 67202D4F 		.ascii	"g -Og -ffunction-sections -ffat-lto-objects\000"
 853      67202D66 
 853      66756E63 
 853      74696F6E 
 853      2D736563 
 854              	.LASF3:
 855 0212 7369676E 		.ascii	"signed char\000"
 855      65642063 
 855      68617200 
 856              	.LASF26:
 857 021e 47656E65 		.ascii	"Generated_Source\\PSoC4\\cyfitter_cfg.c\000"
 857      72617465 
 857      645F536F 
 857      75726365 
 857      5C50536F 
 858              	.LASF29:
 859 0244 72656756 		.ascii	"regValue\000"
 859      616C7565 
 859      00
 860              		.ident	"GCC: (GNU Tools for ARM Embedded Processors) 5.4.1 20160609 (release) [ARM/embedded-5-bran
