Archive member included to satisfy reference by file (symbol)

.\CortexM0p\ARM_GCC_541\Debug\ReadVoltage.a(CyLib.o)
                              .\CortexM0p\ARM_GCC_541\Debug\cyfitter_cfg.o (CyIntEnable)
.\CortexM0p\ARM_GCC_541\Debug\ReadVoltage.a(CyLFClk.o)
                              .\CortexM0p\ARM_GCC_541\Debug\ReadVoltage.a(CyLib.o) (CySysClkWcoEnabled)
.\CortexM0p\ARM_GCC_541\Debug\ReadVoltage.a(UART.o)
                              .\CortexM0p\ARM_GCC_541\Debug\main.o (UART_Start)
.\CortexM0p\ARM_GCC_541\Debug\ReadVoltage.a(UART_UART.o)
                              .\CortexM0p\ARM_GCC_541\Debug\ReadVoltage.a(UART.o) (UART_UartInit)
.\CortexM0p\ARM_GCC_541\Debug\ReadVoltage.a(ADC.o)
                              .\CortexM0p\ARM_GCC_541\Debug\main.o (ADC_Start)
.\CortexM0p\ARM_GCC_541\Debug\ReadVoltage.a(ADC_INT.o)
                              .\CortexM0p\ARM_GCC_541\Debug\ReadVoltage.a(ADC.o) (ADC_ISR)
.\CortexM0p\ARM_GCC_541\Debug\ReadVoltage.a(Timer_1.o)
                              .\CortexM0p\ARM_GCC_541\Debug\main.o (Timer_1_Start)
.\CortexM0p\ARM_GCC_541\Debug\ReadVoltage.a(isr_1.o)
                              .\CortexM0p\ARM_GCC_541\Debug\main.o (isr_1_StartEx)
.\CortexM0p\ARM_GCC_541\Debug\ReadVoltage.a(CyBootAsmGnu.o)
                              .\CortexM0p\ARM_GCC_541\Debug\ReadVoltage.a(CyLib.o) (CyDelayCycles)
.\CortexM0p\ARM_GCC_541\Debug\ReadVoltage.a(CyFlash.o)
                              .\CortexM0p\ARM_GCC_541\Debug\ReadVoltage.a(CyLib.o) (CySysFlashSetWaitCycles)
.\CortexM0p\ARM_GCC_541\Debug\ReadVoltage.a(UART_SPI_UART.o)
                              .\CortexM0p\ARM_GCC_541\Debug\ReadVoltage.a(UART_UART.o) (UART_SpiUartReadRxData)
c:/program files (x86)/cypress/psoc creator/4.2/psoc creator/import/gnu/arm/5.4.1/bin/../lib/gcc/arm-none-eabi/5.4.1/armv6-m\libgcc.a(_udivsi3.o)
                              .\CortexM0p\ARM_GCC_541\Debug\ReadVoltage.a(CyLib.o) (__aeabi_uidiv)
c:/program files (x86)/cypress/psoc creator/4.2/psoc creator/import/gnu/arm/5.4.1/bin/../lib/gcc/arm-none-eabi/5.4.1/armv6-m\libgcc.a(_divsi3.o)
                              .\CortexM0p\ARM_GCC_541\Debug\ReadVoltage.a(CyLib.o) (__aeabi_idiv)
c:/program files (x86)/cypress/psoc creator/4.2/psoc creator/import/gnu/arm/5.4.1/bin/../lib/gcc/arm-none-eabi/5.4.1/armv6-m\libgcc.a(_dvmd_tls.o)
                              c:/program files (x86)/cypress/psoc creator/4.2/psoc creator/import/gnu/arm/5.4.1/bin/../lib/gcc/arm-none-eabi/5.4.1/armv6-m\libgcc.a(_udivsi3.o) (__aeabi_idiv0)
c:/program files (x86)/cypress/psoc creator/4.2/psoc creator/import/gnu/arm/5.4.1/bin/../lib/gcc/arm-none-eabi/5.4.1/armv6-m\libgcc.a(_aeabi_ldivmod.o)
                              .\CortexM0p\ARM_GCC_541\Debug\ReadVoltage.a(ADC.o) (__aeabi_ldivmod)
c:/program files (x86)/cypress/psoc creator/4.2/psoc creator/import/gnu/arm/5.4.1/bin/../lib/gcc/arm-none-eabi/5.4.1/armv6-m\libgcc.a(_muldi3.o)
                              .\CortexM0p\ARM_GCC_541\Debug\ReadVoltage.a(ADC.o) (__aeabi_lmul)
c:/program files (x86)/cypress/psoc creator/4.2/psoc creator/import/gnu/arm/5.4.1/bin/../lib/gcc/arm-none-eabi/5.4.1/armv6-m\libgcc.a(bpabi.o)
                              c:/program files (x86)/cypress/psoc creator/4.2/psoc creator/import/gnu/arm/5.4.1/bin/../lib/gcc/arm-none-eabi/5.4.1/armv6-m\libgcc.a(_aeabi_ldivmod.o) (__gnu_ldivmod_helper)
c:/program files (x86)/cypress/psoc creator/4.2/psoc creator/import/gnu/arm/5.4.1/bin/../lib/gcc/arm-none-eabi/5.4.1/armv6-m\libgcc.a(divsf3.o)
                              .\CortexM0p\ARM_GCC_541\Debug\ReadVoltage.a(ADC.o) (__aeabi_fdiv)
c:/program files (x86)/cypress/psoc creator/4.2/psoc creator/import/gnu/arm/5.4.1/bin/../lib/gcc/arm-none-eabi/5.4.1/armv6-m\libgcc.a(mulsf3.o)
                              .\CortexM0p\ARM_GCC_541\Debug\ReadVoltage.a(ADC.o) (__aeabi_fmul)
c:/program files (x86)/cypress/psoc creator/4.2/psoc creator/import/gnu/arm/5.4.1/bin/../lib/gcc/arm-none-eabi/5.4.1/armv6-m\libgcc.a(floatsisf.o)
                              .\CortexM0p\ARM_GCC_541\Debug\ReadVoltage.a(ADC.o) (__aeabi_i2f)
c:/program files (x86)/cypress/psoc creator/4.2/psoc creator/import/gnu/arm/5.4.1/bin/../lib/gcc/arm-none-eabi/5.4.1/armv6-m\libgcc.a(_clzsi2.o)
                              c:/program files (x86)/cypress/psoc creator/4.2/psoc creator/import/gnu/arm/5.4.1/bin/../lib/gcc/arm-none-eabi/5.4.1/armv6-m\libgcc.a(divsf3.o) (__clzsi2)
c:/program files (x86)/cypress/psoc creator/4.2/psoc creator/import/gnu/arm/5.4.1/bin/../lib/gcc/arm-none-eabi/5.4.1/armv6-m\libgcc.a(_divdi3.o)
                              c:/program files (x86)/cypress/psoc creator/4.2/psoc creator/import/gnu/arm/5.4.1/bin/../lib/gcc/arm-none-eabi/5.4.1/armv6-m\libgcc.a(bpabi.o) (__divdi3)
c:/program files (x86)/cypress/psoc creator/4.2/psoc creator/import/gnu/arm/5.4.1/bin/../lib/gcc/arm-none-eabi/5.4.1/armv6-m\libgcc.a(_clzdi2.o)
[...]
Memory Configuration

Name             Origin             Length             Attributes
rom              0x00000000         0x00020000         xr
ram              0x20000000         0x00004000         xrw
*default*        0x00000000         0xffffffff

Linker script and memory map

LOAD c:/program files (x86)/cypress/psoc creator/4.2/psoc creator/import/gnu/arm/5.4.1/bin/../lib/gcc/arm-none-eabi/5.4.1/armv6-m/crti.o
LOAD c:/program files (x86)/cypress/psoc creator/4.2/psoc creator/import/gnu/arm/5.4.1/bin/../lib/gcc/arm-none-eabi/5.4.1/armv6-m/crtbegin.o
LOAD c:/program files (x86)/cypress/psoc creator/4.2/psoc creator/import/gnu/arm/5.4.1/bin/../lib/gcc/arm-none-eabi/5.4.1/../../../../arm-none-eabi/lib/armv6-m/crt0.o
START GROUP
LOAD .\CortexM0p\ARM_GCC_541\Debug\main.o
LOAD .\CortexM0p\ARM_GCC_541\Debug\PowerAnalyzer.o
LOAD .\CortexM0p\ARM_GCC_541\Debug\trace.o
LOAD .\CortexM0p\ARM_GCC_541\Debug\cyfitter_cfg.o
LOAD .\CortexM0p\ARM_GCC_541\Debug\cymetadata.o
LOAD .\CortexM0p\ARM_GCC_541\Debug\Cm0plusStart.o
LOAD .\CortexM0p\ARM_GCC_541\Debug\ReadVoltage.a
LOAD c:/program files (x86)/cypress/psoc creator/4.2/psoc creator/import/gnu/arm/5.4.1/bin/../lib/gcc/arm-none-eabi/5.4.1/../../../../arm-none-eabi/lib/armv6-m\libm.a
END GROUP
START GROUP
LOAD c:/program files (x86)/cypress/psoc creator/4.2/psoc creator/import/gnu/arm/5.4.1/bin/../lib/gcc/arm-none-eabi/5.4.1/armv6-m\libgcc.a
LOAD c:/program files (x86)/cypress/psoc creator/4.2/psoc creator/import/gnu/arm/5.4.1/bin/../lib/gcc/arm-none-eabi/5.4.1/../../../../arm-none-eabi/lib/armv6-m\libg_nano.a
LOAD c:/program files (x86)/cypress/psoc creator/4.2/psoc creator/import/gnu/arm/5.4.1/bin/../lib/gcc/arm-none-eabi/5.4.1/../../../../arm-none-eabi/lib/armv6-m\libc_nano.a
END GROUP
START GROUP
LOAD c:/program files (x86)/cypress/psoc creator/4.2/psoc creator/import/gnu/arm/5.4.1/bin/../lib/gcc/arm-none-eabi/5.4.1/armv6-m\libgcc.a
LOAD c:/program files (x86)/cypress/psoc creator/4.2/psoc creator/import/gnu/arm/5.4.1/bin/../lib/gcc/arm-none-eabi/5.4.1/../../../../arm-none-eabi/lib/armv6-m\libc_nano.a
END GROUP
LOAD c:/program files (x86)/cypress/psoc creator/4.2/psoc creator/import/gnu/arm/5.4.1/bin/../lib/gcc/arm-none-eabi/5.4.1/armv6-m/crtend.o
LOAD c:/program files (x86)/cypress/psoc creator/4.2/psoc creator/import/gnu/arm/5.4.1/bin/../lib/gcc/arm-none-eabi/5.4.1/armv6-m/crtn.o
START GROUP
LOAD c:/program files (x86)/cypress/psoc creator/4.2/psoc creator/import/gnu/arm/5.4.1/bin/../lib/gcc/arm-none-eabi/5.4.1/armv6-m\libgcc.a
LOAD c:/program files (x86)/cypress/psoc creator/4.2/psoc creator/import/gnu/arm/5.4.1/bin/../lib/gcc/arm-none-eabi/5.4.1/../../../../arm-none-eabi/lib/armv6-m\libc.a
LOAD c:/program files (x86)/cypress/psoc creator/4.2/psoc creator/import/gnu/arm/5.4.1/bin/../lib/gcc/arm-none-eabi/5.4.1/../../../../arm-none-eabi/lib/armv6-m\libnosys.a
END GROUP
                0x00000000                CY_APPL_ORIGIN = 0x0
                0x00000100                CY_FLASH_ROW_SIZE = 0x100
                0x00000001                CY_APPL_NUM = 0x1
                0x00000001                CY_APPL_MAX = 0x1
                0x00000040                CY_METADATA_SIZE = 0x40
                0x00000000                CY_APPL_LOADABLE = 0x0
                0x00000000                CY_CHECKSUM_EXCLUDE_SIZE = ALIGN (0x0, CY_FLASH_ROW_SIZE)
                0x00000000                CY_APP_FOR_STACK_AND_COPIER = 0x0
                [!provide]                PROVIDE (__cy_heap_start, _end)
                0x00000001                PROVIDE (__cy_region_num, ((__cy_regions_end - __cy_regions) / 0x10))
                0x20004000                PROVIDE (__cy_stack, (ORIGIN (ram) + LENGTH (ram)))
                [!provide]                PROVIDE (__cy_heap_end, (__cy_stack - 0x800))

.cybootloader   0x00000000        0x0
 *(.cybootloader)
                0x00000000                appl1_start = CY_APPL_ORIGIN?CY_APPL_ORIGIN:ALIGN (CY_FLASH_ROW_SIZE)
                0x0000ff00                appl2_start = (appl1_start + ALIGN ((((LENGTH (rom) - appl1_start) - (0x2 * CY_FLASH_ROW_SIZE)) / 0x2), CY_FLASH_ROW_SIZE))
                0x00000000                appl_start = (CY_APPL_NUM == 0x1)?appl1_start:appl2_start
                0x00000001                cy_project_type_bootloader = (appl_start == 0x0)?0x1:0x0
                0x00000000                cy_project_type_app_for_stack_and_copier = (CY_APP_FOR_STACK_AND_COPIER == 0x1)?0x1:0x0

.text           0x00000000     0x161e
 CREATE_OBJECT_SYMBOLS
                0x00000000                PROVIDE (__cy_interrupt_vector, RomVectors)
 *(.romvectors)
 .romvectors    0x00000000       0x10 .\CortexM0p\ARM_GCC_541\Debug\Cm0plusStart.o
                0x00000000                RomVectors
                0x00000001                ASSERT ((. != __cy_interrupt_vector), No interrupt vector)
                0x00000001                ASSERT (CY_APPL_ORIGIN?(SIZEOF (.cybootloader) <= CY_APPL_ORIGIN):0x1, Wrong image location)
                0x00000010                PROVIDE (__cy_reset, Reset)
 *(.text.Reset)
 .text.Reset    0x00000010        0xc .\CortexM0p\ARM_GCC_541\Debug\Cm0plusStart.o
                0x00000010                Reset
                0x00000001                ASSERT ((. != __cy_reset), No reset code)
 *(.psocinit)
 .psocinit      0x0000001c      0x10c .\CortexM0p\ARM_GCC_541\Debug\cyfitter_cfg.o
                0x000000c0                cyfitter_cfg
                0x00000128                . = MAX (., 0x100)
 *(.text .text.* .gnu.linkonce.t.*)
 .text          0x00000128       0x60 c:/program files (x86)/cypress/psoc creator/4.2/psoc creator/import/gnu/arm/5.4.1/bin/../lib/gcc/arm-none-eabi/5.4.1/armv6-m/crtbegin.o
 .text.MY_ISR   0x00000188        0xc .\CortexM0p\ARM_GCC_541\Debug\main.o
                0x00000188                MY_ISR
 .text.measure_rms
                0x00000194       0x24 .\CortexM0p\ARM_GCC_541\Debug\main.o
                0x00000194                measure_rms
 .text.main     0x000001b8       0x2c .\CortexM0p\ARM_GCC_541\Debug\main.o
                0x000001b8                main
 .text.ADC_Read
                0x000001e4        0x8 .\CortexM0p\ARM_GCC_541\Debug\PowerAnalyzer.o
                0x000001e4                ADC_Read
 .text.vprint   0x000001ec       0x1c .\CortexM0p\ARM_GCC_541\Debug\trace.o
                0x000001ec                vprint
 .text.my_printf
                0x00000208       0x18 .\CortexM0p\ARM_GCC_541\Debug\trace.o
                0x00000208                my_printf
 .text.SetAnalogRoutingPumps
                0x00000220       0x20 .\CortexM0p\ARM_GCC_541\Debug\cyfitter_cfg.o
                0x00000220                SetAnalogRoutingPumps
 .text.AnalogSetDefault
                0x00000240       0x34 .\CortexM0p\ARM_GCC_541\Debug\cyfitter_cfg.o
 .text.IntDefaultHandler
                0x00000274       0x10 .\CortexM0p\ARM_GCC_541\Debug\Cm0plusStart.o
                0x00000274                IntDefaultHandler
 .text._sbrk    0x00000284       0x30 .\CortexM0p\ARM_GCC_541\Debug\Cm0plusStart.o
                0x00000284                _sbrk
 .text.Start_c  0x000002b4       0x48 .\CortexM0p\ARM_GCC_541\Debug\Cm0plusStart.o
                0x000002b4                Start_c
 .text.initialize_psoc
                0x000002fc       0x40 .\CortexM0p\ARM_GCC_541\Debug\Cm0plusStart.o
                0x000002fc                initialize_psoc
 .text.CySysClkImoDisableWcoLock
                0x0000033c       0x4c .\CortexM0p\ARM_GCC_541\Debug\ReadVoltage.a(CyLib.o)
                0x0000033c                CySysClkImoDisableWcoLock
 .text.CySysClkImoGetWcoLock
                0x00000388       0x14 .\CortexM0p\ARM_GCC_541\Debug\ReadVoltage.a(CyLib.o)
                0x00000388                CySysClkImoGetWcoLock
 .text.CyIntEnable
                0x0000039c       0x14 .\CortexM0p\ARM_GCC_541\Debug\ReadVoltage.a(CyLib.o)
                0x0000039c                CyIntEnable
 .text.CyHalt   0x000003b0        0x4 .\CortexM0p\ARM_GCC_541\Debug\ReadVoltage.a(CyLib.o)
                0x000003b0                CyHalt
 .text.CyIntSetVector
                0x000003b4       0x24 .\CortexM0p\ARM_GCC_541\Debug\ReadVoltage.a(CyLib.o)
                0x000003b4                CyIntSetVector
 .text.CyIntSetPriority
                0x000003d8       0x4c .\CortexM0p\ARM_GCC_541\Debug\ReadVoltage.a(CyLib.o)
                0x000003d8                CyIntSetPriority
 .text.CyDelay  0x00000424       0x30 .\CortexM0p\ARM_GCC_541\Debug\ReadVoltage.a(CyLib.o)
                0x00000424                CyDelay
 .text.CySysClkImoEnableWcoLock
                0x00000454       0xd0 .\CortexM0p\ARM_GCC_541\Debug\ReadVoltage.a(CyLib.o)
                0x00000454                CySysClkImoEnableWcoLock
 .text.CySysClkWriteImoFreq
                0x00000524       0xd8 .\CortexM0p\ARM_GCC_541\Debug\ReadVoltage.a(CyLib.o)
                0x00000524                CySysClkWriteImoFreq
 .text.CyDelayUs
                0x000005fc       0x14 .\CortexM0p\ARM_GCC_541\Debug\ReadVoltage.a(CyLib.o)
                0x000005fc                CyDelayUs
 .text.CySysClkGetTimerSource
                0x00000610       0x10 .\CortexM0p\ARM_GCC_541\Debug\ReadVoltage.a(CyLFClk.o)
 .text.CySysClkWcoEnabled
                0x00000620       0x14 .\CortexM0p\ARM_GCC_541\Debug\ReadVoltage.a(CyLFClk.o)
                0x00000620                CySysClkWcoEnabled
 .text.CySysWdtDisable
                0x00000634       0x10 .\CortexM0p\ARM_GCC_541\Debug\ReadVoltage.a(CyLFClk.o)
                0x00000634                CySysWdtDisable
 .text.CySysClkSetTimerSource
                0x00000644       0x68 .\CortexM0p\ARM_GCC_541\Debug\ReadVoltage.a(CyLFClk.o)
                0x00000644                CySysClkSetTimerSource
 .text.CySysTimerClearInterrupt
                0x000006ac       0x2c .\CortexM0p\ARM_GCC_541\Debug\ReadVoltage.a(CyLFClk.o)
                0x000006ac                CySysTimerClearInterrupt
 .text.CySysTimerIsr
                0x000006d8       0xa4 .\CortexM0p\ARM_GCC_541\Debug\ReadVoltage.a(CyLFClk.o)
                0x000006d8                CySysTimerIsr
 .text.UART_ScbModePostEnable
                0x0000077c        0x8 .\CortexM0p\ARM_GCC_541\Debug\ReadVoltage.a(UART.o)
 .text.UART_ScbModeStop
                0x00000784        0x8 .\CortexM0p\ARM_GCC_541\Debug\ReadVoltage.a(UART.o)
 .text.UART_Init
                0x0000078c        0x8 .\CortexM0p\ARM_GCC_541\Debug\ReadVoltage.a(UART.o)
                0x0000078c                UART_Init
 .text.UART_Enable
                0x00000794       0x18 .\CortexM0p\ARM_GCC_541\Debug\ReadVoltage.a(UART.o)
                0x00000794                UART_Enable
 .text.UART_Start
                0x000007ac       0x20 .\CortexM0p\ARM_GCC_541\Debug\ReadVoltage.a(UART.o)
                0x000007ac                UART_Start
 .text.UART_Stop
                0x000007cc       0x20 .\CortexM0p\ARM_GCC_541\Debug\ReadVoltage.a(UART.o)
                0x000007cc                UART_Stop
 .text.UART_UartInit
                0x000007ec       0xa8 .\CortexM0p\ARM_GCC_541\Debug\ReadVoltage.a(UART_UART.o)
                0x000007ec                UART_UartInit
 .text.UART_UartPostEnable
                0x00000894       0x24 .\CortexM0p\ARM_GCC_541\Debug\ReadVoltage.a(UART_UART.o)
                0x00000894                UART_UartPostEnable
 .text.UART_UartStop
                0x000008b8       0x28 .\CortexM0p\ARM_GCC_541\Debug\ReadVoltage.a(UART_UART.o)
                0x000008b8                UART_UartStop
 .text.UART_UartPutString
                0x000008e0       0x18 .\CortexM0p\ARM_GCC_541\Debug\ReadVoltage.a(UART_UART.o)
                0x000008e0                UART_UartPutString
 .text.ADC_Init
                0x000008f8       0xf4 .\CortexM0p\ARM_GCC_541\Debug\ReadVoltage.a(ADC.o)
                0x000008f8                ADC_Init
 .text.ADC_Enable
                0x000009ec       0x30 .\CortexM0p\ARM_GCC_541\Debug\ReadVoltage.a(ADC.o)
                0x000009ec                ADC_Enable
 .text.ADC_Start
                0x00000a1c       0x20 .\CortexM0p\ARM_GCC_541\Debug\ReadVoltage.a(ADC.o)
                0x00000a1c                ADC_Start
 .text.ADC_StartConvert
                0x00000a3c       0x14 .\CortexM0p\ARM_GCC_541\Debug\ReadVoltage.a(ADC.o)
                0x00000a3c                ADC_StartConvert
 .text.ADC_GetResult16
                0x00000a50       0x2c .\CortexM0p\ARM_GCC_541\Debug\ReadVoltage.a(ADC.o)
                0x00000a50                ADC_GetResult16
 .text.ADC_ISR  0x00000a7c        0xc .\CortexM0p\ARM_GCC_541\Debug\ReadVoltage.a(ADC_INT.o)
                0x00000a7c                ADC_ISR
 .text.Timer_1_WriteCounter
                0x00000a88       0x10 .\CortexM0p\ARM_GCC_541\Debug\ReadVoltage.a(Timer_1.o)
                0x00000a88                Timer_1_WriteCounter
 .text.Timer_1_WritePeriod
                0x00000a98       0x10 .\CortexM0p\ARM_GCC_541\Debug\ReadVoltage.a(Timer_1.o)
                0x00000a98                Timer_1_WritePeriod
 .text.Timer_1_TriggerCommand
                0x00000aa8       0x1c .\CortexM0p\ARM_GCC_541\Debug\ReadVoltage.a(Timer_1.o)
                0x00000aa8                Timer_1_TriggerCommand
 .text.Timer_1_Enable
                0x00000ac4       0x24 .\CortexM0p\ARM_GCC_541\Debug\ReadVoltage.a(Timer_1.o)
                0x00000ac4                Timer_1_Enable
 .text.Timer_1_SetInterruptMode
                0x00000ae8        0xc .\CortexM0p\ARM_GCC_541\Debug\ReadVoltage.a(Timer_1.o)
                0x00000ae8                Timer_1_SetInterruptMode
 .text.Timer_1_Init
                0x00000af4       0x30 .\CortexM0p\ARM_GCC_541\Debug\ReadVoltage.a(Timer_1.o)
                0x00000af4                Timer_1_Init
 .text.Timer_1_Start
                0x00000b24       0x20 .\CortexM0p\ARM_GCC_541\Debug\ReadVoltage.a(Timer_1.o)
                0x00000b24                Timer_1_Start
 .text.Timer_1_ClearInterrupt
                0x00000b44        0xc .\CortexM0p\ARM_GCC_541\Debug\ReadVoltage.a(Timer_1.o)
                0x00000b44                Timer_1_ClearInterrupt
 .text.isr_1_SetVector
                0x00000b50        0xc .\CortexM0p\ARM_GCC_541\Debug\ReadVoltage.a(isr_1.o)
                0x00000b50                isr_1_SetVector
 .text.isr_1_SetPriority
                0x00000b5c       0x24 .\CortexM0p\ARM_GCC_541\Debug\ReadVoltage.a(isr_1.o)
                0x00000b5c                isr_1_SetPriority
 .text.isr_1_Enable
                0x00000b80       0x10 .\CortexM0p\ARM_GCC_541\Debug\ReadVoltage.a(isr_1.o)
                0x00000b80                isr_1_Enable
 .text.isr_1_Disable
                0x00000b90       0x10 .\CortexM0p\ARM_GCC_541\Debug\ReadVoltage.a(isr_1.o)
                0x00000b90                isr_1_Disable
 .text.isr_1_StartEx
                0x00000ba0       0x1c .\CortexM0p\ARM_GCC_541\Debug\ReadVoltage.a(isr_1.o)
                0x00000ba0                isr_1_StartEx
 *fill*         0x00000bbc        0x4 
 .text          0x00000bc0       0x20 .\CortexM0p\ARM_GCC_541\Debug\ReadVoltage.a(CyBootAsmGnu.o)
                0x00000bc0                CyDelayCycles
                0x00000bd2                CyEnterCriticalSection
                0x00000bda                CyExitCriticalSection
 .text.CySysFlashSetWaitCycles
                0x00000be0       0x54 .\CortexM0p\ARM_GCC_541\Debug\ReadVoltage.a(CyFlash.o)
                0x00000be0                CySysFlashSetWaitCycles
 .text.UART_SpiUartWriteTxData
                0x00000c34       0x1c .\CortexM0p\ARM_GCC_541\Debug\ReadVoltage.a(UART_SPI_UART.o)
                0x00000c34                UART_SpiUartWriteTxData
 .text          0x00000c50      0x114 c:/program files (x86)/cypress/psoc creator/4.2/psoc creator/import/gnu/arm/5.4.1/bin/../lib/gcc/arm-none-eabi/5.4.1/armv6-m\libgcc.a(_udivsi3.o)
                0x00000c50                __aeabi_uidiv
                0x00000c50                __udivsi3
                0x00000d5c                __aeabi_uidivmod
 .text          0x00000d64        0x4 c:/program files (x86)/cypress/psoc creator/4.2/psoc creator/import/gnu/arm/5.4.1/bin/../lib/gcc/arm-none-eabi/5.4.1/armv6-m\libgcc.a(_dvmd_tls.o)
                0x00000d64                __aeabi_idiv0
                0x00000d64                __aeabi_ldiv0
 .text.__errno  0x00000d68        0xc c:/program files (x86)/cypress/psoc creator/4.2/psoc creator/import/gnu/arm/5.4.1/bin/../lib/gcc/arm-none-eabi/5.4.1/../../../../arm-none-eabi/lib/armv6-m\libg_nano.a(lib_a-errno.o)
                0x00000d68                __errno
 .text.__libc_init_array
                0x00000d74       0x4c c:/program files (x86)/cypress/psoc creator/4.2/psoc creator/import/gnu/arm/5.4.1/bin/../lib/gcc/arm-none-eabi/5.4.1/../../../../arm-none-eabi/lib/armv6-m\libg_nano.a(lib_a-init.o)
                0x00000d74                __libc_init_array
 .text.memcpy   0x00000dc0       0x12 c:/program files (x86)/cypress/psoc creator/4.2/psoc creator/import/gnu/arm/5.4.1/bin/../lib/gcc/arm-none-eabi/5.4.1/../../../../arm-none-eabi/lib/armv6-m\libg_nano.a(lib_a-memcpy-stub.o)
                0x00000dc0                memcpy
 *fill*         0x00000dd2        0x2 
 .text._vsprintf_r
                0x00000dd4       0x30 c:/program files (x86)/cypress/psoc creator/4.2/psoc creator/import/gnu/arm/5.4.1/bin/../lib/gcc/arm-none-eabi/5.4.1/../../../../arm-none-eabi/lib/armv6-m\libg_nano.a(lib_a-vsprintf.o)
                0x00000dd4                _vsprintf_r
                0x00000dd4                _vsiprintf_r
 .text.vsprintf
                0x00000e04       0x18 c:/program files (x86)/cypress/psoc creator/4.2/psoc creator/import/gnu/arm/5.4.1/bin/../lib/gcc/arm-none-eabi/5.4.1/../../../../arm-none-eabi/lib/armv6-m\libg_nano.a(lib_a-vsprintf.o)
                0x00000e04                vsiprintf
                0x00000e04                vsprintf
 .text.__ssputs_r
                0x00000e1c       0xc4 c:/program files (x86)/cypress/psoc creator/4.2/psoc creator/import/gnu/arm/5.4.1/bin/../lib/gcc/arm-none-eabi/5.4.1/../../../../arm-none-eabi/lib/armv6-m\libg_nano.a(lib_a-nano-svfprintf.o)
                0x00000e1c                __ssputs_r
 .text._svfprintf_r
                0x00000ee0      0x1fc c:/program files (x86)/cypress/psoc creator/4.2/psoc creator/import/gnu/arm/5.4.1/bin/../lib/gcc/arm-none-eabi/5.4.1/../../../../arm-none-eabi/lib/armv6-m\libg_nano.a(lib_a-nano-svfprintf.o)
                0x00000ee0                _svfiprintf_r
                0x00000ee0                _svfprintf_r
 .text._printf_common
                0x000010dc       0xdc c:/program files (x86)/cypress/psoc creator/4.2/psoc creator/import/gnu/arm/5.4.1/bin/../lib/gcc/arm-none-eabi/5.4.1/../../../../arm-none-eabi/lib/armv6-m\libg_nano.a(lib_a-nano-vfprintf_i.o)
                0x000010dc                _printf_common
 .text._printf_i
                0x000011b8      0x244 c:/program files (x86)/cypress/psoc creator/4.2/psoc creator/import/gnu/arm/5.4.1/bin/../lib/gcc/arm-none-eabi/5.4.1/../../../../arm-none-eabi/lib/armv6-m\libg_nano.a(lib_a-nano-vfprintf_i.o)
                0x000011b8                _printf_i
 .text.memchr   0x000013fc       0x16 c:/program files (x86)/cypress/psoc creator/4.2/psoc creator/import/gnu/arm/5.4.1/bin/../lib/gcc/arm-none-eabi/5.4.1/../../../../arm-none-eabi/lib/armv6-m\libg_nano.a(lib_a-memchr-stub.o)
                0x000013fc                memchr
 .text.memmove  0x00001412       0x2a c:/program files (x86)/cypress/psoc creator/4.2/psoc creator/import/gnu/arm/5.4.1/bin/../lib/gcc/arm-none-eabi/5.4.1/../../../../arm-none-eabi/lib/armv6-m\libg_nano.a(lib_a-memmove.o)
                0x00001412                memmove
 .text._free_r  0x0000143c       0x98 c:/program files (x86)/cypress/psoc creator/4.2/psoc creator/import/gnu/arm/5.4.1/bin/../lib/gcc/arm-none-eabi/5.4.1/../../../../arm-none-eabi/lib/armv6-m\libg_nano.a(lib_a-nano-freer.o)
                0x0000143c                _free_r
 .text._malloc_r
                0x000014d4       0xc0 c:/program files (x86)/cypress/psoc creator/4.2/psoc creator/import/gnu/arm/5.4.1/bin/../lib/gcc/arm-none-eabi/5.4.1/../../../../arm-none-eabi/lib/armv6-m\libg_nano.a(lib_a-nano-mallocr.o)
                0x000014d4                _malloc_r
 .text._realloc_r
                0x00001594       0x4c c:/program files (x86)/cypress/psoc creator/4.2/psoc creator/import/gnu/arm/5.4.1/bin/../lib/gcc/arm-none-eabi/5.4.1/../../../../arm-none-eabi/lib/armv6-m\libg_nano.a(lib_a-nano-reallocr.o)
                0x00001594                _realloc_r
 .text._sbrk_r  0x000015e0       0x24 c:/program files (x86)/cypress/psoc creator/4.2/psoc creator/import/gnu/arm/5.4.1/bin/../lib/gcc/arm-none-eabi/5.4.1/../../../../arm-none-eabi/lib/armv6-m\libg_nano.a(lib_a-sbrkr.o)
                0x000015e0                _sbrk_r
 .text.__malloc_lock
                0x00001604        0x2 c:/program files (x86)/cypress/psoc creator/4.2/psoc creator/import/gnu/arm/5.4.1/bin/../lib/gcc/arm-none-eabi/5.4.1/../../../../arm-none-eabi/lib/armv6-m\libg_nano.a(lib_a-mlock.o)
                0x00001604                __malloc_lock
 .text.__malloc_unlock
                0x00001606        0x2 c:/program files (x86)/cypress/psoc creator/4.2/psoc creator/import/gnu/arm/5.4.1/bin/../lib/gcc/arm-none-eabi/5.4.1/../../../../arm-none-eabi/lib/armv6-m\libg_nano.a(lib_a-mlock.o)
                0x00001606                __malloc_unlock
 .text._malloc_usable_size_r
                0x00001608       0x16 c:/program files (x86)/cypress/psoc creator/4.2/psoc creator/import/gnu/arm/5.4.1/bin/../lib/gcc/arm-none-eabi/5.4.1/../../../../arm-none-eabi/lib/armv6-m\libg_nano.a(lib_a-nano-msizer.o)
                0x00001608                _malloc_usable_size_r
 *(.plt)
 *(.gnu.warning)
 *(.glue_7t)
 .glue_7t       0x0000161e        0x0 linker stubs
 *(.glue_7)
 .glue_7        0x0000161e        0x0 linker stubs
 *(.vfp11_veneer)
 .vfp11_veneer  0x0000161e        0x0 linker stubs
 *(.bootloader)
 *(.ARM.extab* .gnu.linkonce.armextab.*)
 *(.gcc_except_table)

.v4_bx          0x00001620        0x0
 .v4_bx         0x00001620        0x0 linker stubs

.iplt           0x00001620        0x0
 .iplt          0x00001620        0x0 c:/program files (x86)/cypress/psoc creator/4.2/psoc creator/import/gnu/arm/5.4.1/bin/../lib/gcc/arm-none-eabi/5.4.1/armv6-m/crtbegin.o

.eh_frame_hdr
 *(.eh_frame_hdr)

.eh_frame       0x00001620        0x4
 *(.eh_frame)
 .eh_frame      0x00001620        0x0 c:/program files (x86)/cypress/psoc creator/4.2/psoc creator/import/gnu/arm/5.4.1/bin/../lib/gcc/arm-none-eabi/5.4.1/armv6-m/crtbegin.o
 .eh_frame      0x00001620        0x4 c:/program files (x86)/cypress/psoc creator/4.2/psoc creator/import/gnu/arm/5.4.1/bin/../lib/gcc/arm-none-eabi/5.4.1/armv6-m/crtend.o
                [!provide]                PROVIDE (__exidx_start, .)

.ARM.exidx
 *(.ARM.exidx* .gnu.linkonce.armexidx.*)
                0x00001624                __exidx_end = .

.rodata         0x00001624       0x84
 *(.rodata .rodata.* .gnu.linkonce.r.*)
 .rodata.str1.4
                0x00001624       0x14 .\CortexM0p\ARM_GCC_541\Debug\main.o
                                 0x13 (size before relaxing)
 .rodata.str1.1
                0x00001638        0x2 c:/program files (x86)/cypress/psoc creator/4.2/psoc creator/import/gnu/arm/5.4.1/bin/../lib/gcc/arm-none-eabi/5.4.1/../../../../arm-none-eabi/lib/armv6-m\libg_nano.a(lib_a-impure.o)
 .rodata.str1.1
                0x0000163a       0x11 c:/program files (x86)/cypress/psoc creator/4.2/psoc creator/import/gnu/arm/5.4.1/bin/../lib/gcc/arm-none-eabi/5.4.1/../../../../arm-none-eabi/lib/armv6-m\libg_nano.a(lib_a-nano-svfprintf.o)
 .rodata.str1.1
                0x0000164b       0x22 c:/program files (x86)/cypress/psoc creator/4.2/psoc creator/import/gnu/arm/5.4.1/bin/../lib/gcc/arm-none-eabi/5.4.1/../../../../arm-none-eabi/lib/armv6-m\libg_nano.a(lib_a-nano-vfprintf_i.o)
                0x00001670                . = ALIGN (0x4)
 *fill*         0x0000166d        0x3 
 *(.init)
 .init          0x00001670        0x4 c:/program files (x86)/cypress/psoc creator/4.2/psoc creator/import/gnu/arm/5.4.1/bin/../lib/gcc/arm-none-eabi/5.4.1/armv6-m/crti.o
                0x00001670                _init
 .init          0x00001674        0x8 c:/program files (x86)/cypress/psoc creator/4.2/psoc creator/import/gnu/arm/5.4.1/bin/../lib/gcc/arm-none-eabi/5.4.1/armv6-m/crtn.o
                0x0000167c                . = ALIGN (0x4)
                0x0000167c                __preinit_array_start = .
 *(.preinit_array)
                0x0000167c                __preinit_array_end = .
                0x0000167c                . = ALIGN (0x4)
                0x0000167c                __init_array_start = .
 *(SORT(.init_array.*))
 *(.init_array)
 .init_array    0x0000167c        0x4 c:/program files (x86)/cypress/psoc creator/4.2/psoc creator/import/gnu/arm/5.4.1/bin/../lib/gcc/arm-none-eabi/5.4.1/armv6-m/crtbegin.o
 .init_array    0x00001680        0x4 .\CortexM0p\ARM_GCC_541\Debug\Cm0plusStart.o
                0x00001684                __init_array_end = .
                0x00001684                . = ALIGN (0x4)
 *(.fini)
 .fini          0x00001684        0x4 c:/program files (x86)/cypress/psoc creator/4.2/psoc creator/import/gnu/arm/5.4.1/bin/../lib/gcc/arm-none-eabi/5.4.1/armv6-m/crti.o
                0x00001684                _fini
 .fini          0x00001688        0x8 c:/program files (x86)/cypress/psoc creator/4.2/psoc creator/import/gnu/arm/5.4.1/bin/../lib/gcc/arm-none-eabi/5.4.1/armv6-m/crtn.o
                0x00001690                . = ALIGN (0x4)
                0x00001690                __fini_array_start = .
 *(.fini_array)
 .fini_array    0x00001690        0x4 c:/program files (x86)/cypress/psoc creator/4.2/psoc creator/import/gnu/arm/5.4.1/bin/../lib/gcc/arm-none-eabi/5.4.1/armv6-m/crtbegin.o
 *(SORT(.fini_array.*))
                0x00001694                __fini_array_end = .
                0x00001694                . = ALIGN (0x4)
 *crtbegin.o(.ctors)
 *(EXCLUDE_FILE(*crtend.o) .ctors)
 *(SORT(.ctors.*))
 *crtend.o(.ctors)
                0x00001694                . = ALIGN (0x4)
 *crtbegin.o(.dtors)
 *(EXCLUDE_FILE(*crtend.o) .dtors)
 *(SORT(.dtors.*))
 *crtend.o(.dtors)
                0x00001694                . = ALIGN (0x4)
                0x00001694                __cy_regions = .
                0x00001694        0x4 LONG 0x16a8 __cy_region_init_ram
                0x00001698        0x4 LONG 0x200000b0 __cy_region_start_data
                0x0000169c        0x4 LONG 0x88 __cy_region_init_size_ram
                0x000016a0        0x4 LONG 0x50 __cy_region_zero_size_ram
                0x000016a4                __cy_regions_end = .
                0x000016a8                . = ALIGN (0x8)
 *fill*         0x000016a4        0x4 
                0x000016a8                _etext = .

.cy_checksum_exclude
                0x000016a8        0x0
 *(.cy_checksum_exclude)

.ramvectors     0x20000000       0xb0
                0x20000000                __cy_region_start_ram = .
 *(.ramvectors)
 .ramvectors    0x20000000       0xb0 .\CortexM0p\ARM_GCC_541\Debug\Cm0plusStart.o
                0x20000000                CyRamVectors

.noinit
 *(.noinit)

.data           0x200000b0       0x88 load address 0x000016a8
                0x200000b0                __cy_region_start_data = .
 *(.jcr)
 .jcr           0x200000b0        0x0 c:/program files (x86)/cypress/psoc creator/4.2/psoc creator/import/gnu/arm/5.4.1/bin/../lib/gcc/arm-none-eabi/5.4.1/armv6-m/crtbegin.o
 .jcr           0x200000b0        0x4 c:/program files (x86)/cypress/psoc creator/4.2/psoc creator/import/gnu/arm/5.4.1/bin/../lib/gcc/arm-none-eabi/5.4.1/armv6-m/crtend.o
 *(.got.plt)
 *(.got)
 *(.shdata)
 *(.data .data.* .gnu.linkonce.d.*)
 .data          0x200000b4        0x4 .\CortexM0p\ARM_GCC_541\Debug\Cm0plusStart.o
 .data          0x200000b8       0x14 .\CortexM0p\ARM_GCC_541\Debug\ReadVoltage.a(CyLib.o)
                0x200000b8                CySysClkPumpConfig
                0x200000bc                cydelay32kMs
                0x200000c0                cydelayFreqKhz
                0x200000c4                cydelayFreqMhz
                0x200000c8                cydelayFreqHz
 .data          0x200000cc        0x4 .\CortexM0p\ARM_GCC_541\Debug\ReadVoltage.a(CyLFClk.o)
 .data.impure_data
                0x200000d0       0x60 c:/program files (x86)/cypress/psoc creator/4.2/psoc creator/import/gnu/arm/5.4.1/bin/../lib/gcc/arm-none-eabi/5.4.1/../../../../arm-none-eabi/lib/armv6-m\libg_nano.a(lib_a-impure.o)
 .data._impure_ptr
                0x20000130        0x4 c:/program files (x86)/cypress/psoc creator/4.2/psoc creator/import/gnu/arm/5.4.1/bin/../lib/gcc/arm-none-eabi/5.4.1/../../../../arm-none-eabi/lib/armv6-m\libg_nano.a(lib_a-impure.o)
                0x20000130                _impure_ptr
                0x20000138                . = ALIGN (0x8)
 *fill*         0x20000134        0x4 
 *(.ram)
                0x20000138                _edata = .

.igot.plt       0x20000138        0x0 load address 0x00001730
 .igot.plt      0x20000138        0x0 c:/program files (x86)/cypress/psoc creator/4.2/psoc creator/import/gnu/arm/5.4.1/bin/../lib/gcc/arm-none-eabi/5.4.1/armv6-m/crtbegin.o

.bss            0x20000138       0x50 load address 0x00001730
                0x20000138                PROVIDE (__bss_start__, .)
 *(.shbss)
 *(.bss .bss.* .gnu.linkonce.b.*)
 .bss           0x20000138       0x1c c:/program files (x86)/cypress/psoc creator/4.2/psoc creator/import/gnu/arm/5.4.1/bin/../lib/gcc/arm-none-eabi/5.4.1/armv6-m/crtbegin.o
 .bss           0x20000154       0x18 .\CortexM0p\ARM_GCC_541\Debug\ReadVoltage.a(CyLFClk.o)
 .bss           0x2000016c        0x4 .\CortexM0p\ARM_GCC_541\Debug\ReadVoltage.a(UART.o)
                0x2000016c                UART_initVar
                0x2000016e                UART_IntrTxMask
 .bss           0x20000170        0x1 .\CortexM0p\ARM_GCC_541\Debug\ReadVoltage.a(ADC.o)
                0x20000170                ADC_initVar
 .bss           0x20000171        0x1 .\CortexM0p\ARM_GCC_541\Debug\ReadVoltage.a(Timer_1.o)
                0x20000171                Timer_1_initVar
 *fill*         0x20000172        0x2 
 .bss.__malloc_sbrk_start
                0x20000174        0x4 c:/program files (x86)/cypress/psoc creator/4.2/psoc creator/import/gnu/arm/5.4.1/bin/../lib/gcc/arm-none-eabi/5.4.1/../../../../arm-none-eabi/lib/armv6-m\libg_nano.a(lib_a-nano-mallocr.o)
                0x20000174                __malloc_sbrk_start
 .bss.__malloc_free_list
                0x20000178        0x4 c:/program files (x86)/cypress/psoc creator/4.2/psoc creator/import/gnu/arm/5.4.1/bin/../lib/gcc/arm-none-eabi/5.4.1/../../../../arm-none-eabi/lib/armv6-m\libg_nano.a(lib_a-nano-mallocr.o)
                0x20000178                __malloc_free_list
 *(COMMON)
 COMMON         0x2000017c        0x6 .\CortexM0p\ARM_GCC_541\Debug\ReadVoltage.a(ADC.o)
                0x2000017c                ADC_countsPer10Volt
                0x20000180                ADC_offset
 *fill*         0x20000182        0x2 
 COMMON         0x20000184        0x4 c:/program files (x86)/cypress/psoc creator/4.2/psoc creator/import/gnu/arm/5.4.1/bin/../lib/gcc/arm-none-eabi/5.4.1/../../../../arm-none-eabi/lib/armv6-m\libg_nano.a(lib_a-reent.o)
                0x20000184                errno
                0x20000188                . = ALIGN (0x8)
 *(.ram.b)
                0x20000188                _end = .
                0x20000188                __end = .
                0x20000188                PROVIDE (end, .)
                0x20000188                PROVIDE (__bss_end__, .)
                0x000016a8                __cy_region_init_ram = LOADADDR (.data)
                0x00000088                __cy_region_init_size_ram = (_edata - ADDR (.data))
                0x00000050                __cy_region_zero_size_ram = (_end - _edata)

.heap           0x20000188       0x80 load address 0x00001730
                0x20000188                . = _end
                0x20000208                . = (. + 0x80)
 *fill*         0x20000188       0x80 
                0x20000208                __cy_heap_limit = .

.stack          0x20003800      0x800
                0x20003800                __cy_stack_limit = .
                0x20004000                . = (. + 0x800)
 *fill*         0x20003800      0x800 
                0x00000001                ASSERT ((__cy_stack_limit >= __cy_heap_limit), region RAM overflowed with stack)
                0x00000000                cy_checksum_exclude_size = (CY_APPL_LOADABLE == 0x1)?SIZEOF (.cy_checksum_exclude):0x0
                0x00000001                ASSERT ((cy_checksum_exclude_size <= CY_CHECKSUM_EXCLUDE_SIZE), CY_BOOT: Section .cy_checksum_exclude size exceedes specified limit.)
                0x0001ffc0                cyloadermeta_start = (cy_project_type_bootloader || cy_project_type_app_for_stack_and_copier)?(LENGTH (rom) - CY_METADATA_SIZE):0xf0000000

.cyloadermeta
 *(.cyloadermeta)
                0x0001ffc0                cyloadablemeta_start = cy_project_type_app_for_stack_and_copier?((LENGTH (rom) - CY_FLASH_ROW_SIZE) - CY_METADATA_SIZE):((LENGTH (rom) - (CY_FLASH_ROW_SIZE * (CY_APPL_NUM - 0x1))) - CY_METADATA_SIZE)

.cyloadablemeta
 *(.cyloadablemeta)

.cyflashprotect
                0x90400000       0x40
 *(.cyflashprotect)
 .cyflashprotect
                0x90400000       0x40 .\CortexM0p\ARM_GCC_541\Debug\cymetadata.o
                0x90400000                cy_meta_flashprotect

.cymeta         0x90500000        0xc
 *(.cymeta)
 .cymeta        0x90500000        0xc .\CortexM0p\ARM_GCC_541\Debug\cymetadata.o
                0x90500000                cy_metadata

.cychipprotect  0x90600000        0x1
 *(.cychipprotect)
 .cychipprotect
                0x90600000        0x1 .\CortexM0p\ARM_GCC_541\Debug\cymetadata.o
                0x90600000                cy_meta_chipprotect

.rel.dyn        0x00001730        0x0 load address 0x90600004
 .rel.iplt      0x00001730        0x0 c:/program files (x86)/cypress/psoc creator/4.2/psoc creator/import/gnu/arm/5.4.1/bin/../lib/gcc/arm-none-eabi/5.4.1/armv6-m/crtbegin.o

.stab
 *(.stab)

.stabstr
 *(.stabstr)

.debug
 *(.debug)

.line
 *(.line)

.debug_srcinfo
 *(.debug_srcinfo)

.debug_sfnames
 *(.debug_sfnames)

.debug_aranges  0x00000000      0x938
 *(.debug_aranges)
 .debug_aranges
                0x00000000       0x30 .\CortexM0p\ARM_GCC_541\Debug\main.o
 .debug_aranges
                0x00000030       0x20 .\CortexM0p\ARM_GCC_541\Debug\PowerAnalyzer.o
 .debug_aranges
                0x00000050       0x28 .\CortexM0p\ARM_GCC_541\Debug\trace.o
 .debug_aranges
                0x00000078       0x38 .\CortexM0p\ARM_GCC_541\Debug\cyfitter_cfg.o
 .debug_aranges
                0x000000b0       0x18 .\CortexM0p\ARM_GCC_541\Debug\cymetadata.o
 .debug_aranges
                0x000000c8       0x48 .\CortexM0p\ARM_GCC_541\Debug\Cm0plusStart.o
 .debug_aranges
                0x00000110      0x230 .\CortexM0p\ARM_GCC_541\Debug\ReadVoltage.a(CyLib.o)
 .debug_aranges
                0x00000340      0x1a8 .\CortexM0p\ARM_GCC_541\Debug\ReadVoltage.a(CyLFClk.o)
 .debug_aranges
                0x000004e8       0x58 .\CortexM0p\ARM_GCC_541\Debug\ReadVoltage.a(UART.o)
 .debug_aranges
                0x00000540       0x90 .\CortexM0p\ARM_GCC_541\Debug\ReadVoltage.a(UART_UART.o)
 .debug_aranges
                0x000005d0       0xa8 .\CortexM0p\ARM_GCC_541\Debug\ReadVoltage.a(ADC.o)
 .debug_aranges
                0x00000678       0x20 .\CortexM0p\ARM_GCC_541\Debug\ReadVoltage.a(ADC_INT.o)
 .debug_aranges
                0x00000698      0x158 .\CortexM0p\ARM_GCC_541\Debug\ReadVoltage.a(Timer_1.o)
 .debug_aranges
                0x000007f0       0x80 .\CortexM0p\ARM_GCC_541\Debug\ReadVoltage.a(isr_1.o)
 .debug_aranges
                0x00000870       0x20 .\CortexM0p\ARM_GCC_541\Debug\ReadVoltage.a(CyBootAsmGnu.o)
 .debug_aranges
                0x00000890       0x48 .\CortexM0p\ARM_GCC_541\Debug\ReadVoltage.a(CyFlash.o)
 .debug_aranges
                0x000008d8       0x60 .\CortexM0p\ARM_GCC_541\Debug\ReadVoltage.a(UART_SPI_UART.o)

.debug_pubnames
 *(.debug_pubnames)

.debug_info     0x00000000     0x4d26
 *(.debug_info .gnu.linkonce.wi.*)
 .debug_info    0x00000000      0x23a .\CortexM0p\ARM_GCC_541\Debug\main.o
 .debug_info    0x0000023a       0xf1 .\CortexM0p\ARM_GCC_541\Debug\PowerAnalyzer.o
 .debug_info    0x0000032b      0x1a8 .\CortexM0p\ARM_GCC_541\Debug\trace.o
 .debug_info    0x000004d3      0x1c2 .\CortexM0p\ARM_GCC_541\Debug\cyfitter_cfg.o
 .debug_info    0x00000695       0xf8 .\CortexM0p\ARM_GCC_541\Debug\cymetadata.o
 .debug_info    0x0000078d      0x3a5 .\CortexM0p\ARM_GCC_541\Debug\Cm0plusStart.o
 .debug_info    0x00000b32     0x15f9 .\CortexM0p\ARM_GCC_541\Debug\ReadVoltage.a(CyLib.o)
 .debug_info    0x0000212b      0xd06 .\CortexM0p\ARM_GCC_541\Debug\ReadVoltage.a(CyLFClk.o)
 .debug_info    0x00002e31      0x23a .\CortexM0p\ARM_GCC_541\Debug\ReadVoltage.a(UART.o)
 .debug_info    0x0000306b      0x3b5 .\CortexM0p\ARM_GCC_541\Debug\ReadVoltage.a(UART_UART.o)
 .debug_info    0x00003420      0x579 .\CortexM0p\ARM_GCC_541\Debug\ReadVoltage.a(ADC.o)
 .debug_info    0x00003999       0xcb .\CortexM0p\ARM_GCC_541\Debug\ReadVoltage.a(ADC_INT.o)
 .debug_info    0x00003a64      0x8f6 .\CortexM0p\ARM_GCC_541\Debug\ReadVoltage.a(Timer_1.o)
 .debug_info    0x0000435a      0x305 .\CortexM0p\ARM_GCC_541\Debug\ReadVoltage.a(isr_1.o)
 .debug_info    0x0000465f       0x8e .\CortexM0p\ARM_GCC_541\Debug\ReadVoltage.a(CyBootAsmGnu.o)
 .debug_info    0x000046ed      0x419 .\CortexM0p\ARM_GCC_541\Debug\ReadVoltage.a(CyFlash.o)
 .debug_info    0x00004b06      0x220 .\CortexM0p\ARM_GCC_541\Debug\ReadVoltage.a(UART_SPI_UART.o)

.debug_abbrev   0x00000000     0x1401
 *(.debug_abbrev)
 .debug_abbrev  0x00000000      0x125 .\CortexM0p\ARM_GCC_541\Debug\main.o
 .debug_abbrev  0x00000125       0x8d .\CortexM0p\ARM_GCC_541\Debug\PowerAnalyzer.o
 .debug_abbrev  0x000001b2      0x11d .\CortexM0p\ARM_GCC_541\Debug\trace.o
 .debug_abbrev  0x000002cf       0xe8 .\CortexM0p\ARM_GCC_541\Debug\cyfitter_cfg.o
 .debug_abbrev  0x000003b7       0x5d .\CortexM0p\ARM_GCC_541\Debug\cymetadata.o
 .debug_abbrev  0x00000414      0x1d0 .\CortexM0p\ARM_GCC_541\Debug\Cm0plusStart.o
 .debug_abbrev  0x000005e4      0x272 .\CortexM0p\ARM_GCC_541\Debug\ReadVoltage.a(CyLib.o)
 .debug_abbrev  0x00000856      0x207 .\CortexM0p\ARM_GCC_541\Debug\ReadVoltage.a(CyLFClk.o)
 .debug_abbrev  0x00000a5d       0xd5 .\CortexM0p\ARM_GCC_541\Debug\ReadVoltage.a(UART.o)
 .debug_abbrev  0x00000b32      0x132 .\CortexM0p\ARM_GCC_541\Debug\ReadVoltage.a(UART_UART.o)
 .debug_abbrev  0x00000c64      0x184 .\CortexM0p\ARM_GCC_541\Debug\ReadVoltage.a(ADC.o)
 .debug_abbrev  0x00000de8       0x65 .\CortexM0p\ARM_GCC_541\Debug\ReadVoltage.a(ADC_INT.o)
 .debug_abbrev  0x00000e4d      0x119 .\CortexM0p\ARM_GCC_541\Debug\ReadVoltage.a(Timer_1.o)
 .debug_abbrev  0x00000f66      0x19a .\CortexM0p\ARM_GCC_541\Debug\ReadVoltage.a(isr_1.o)
 .debug_abbrev  0x00001100       0x14 .\CortexM0p\ARM_GCC_541\Debug\ReadVoltage.a(CyBootAsmGnu.o)
 .debug_abbrev  0x00001114      0x19e .\CortexM0p\ARM_GCC_541\Debug\ReadVoltage.a(CyFlash.o)
 .debug_abbrev  0x000012b2      0x14f .\CortexM0p\ARM_GCC_541\Debug\ReadVoltage.a(UART_SPI_UART.o)

.debug_line     0x00000000     0x22fc
 *(.debug_line)
 .debug_line    0x00000000       0xed .\CortexM0p\ARM_GCC_541\Debug\main.o
 .debug_line    0x000000ed       0x6e .\CortexM0p\ARM_GCC_541\Debug\PowerAnalyzer.o
 .debug_line    0x0000015b      0x179 .\CortexM0p\ARM_GCC_541\Debug\trace.o
 .debug_line    0x000002d4       0xcb .\CortexM0p\ARM_GCC_541\Debug\cyfitter_cfg.o
 .debug_line    0x0000039f      0x141 .\CortexM0p\ARM_GCC_541\Debug\cymetadata.o
 .debug_line    0x000004e0      0x247 .\CortexM0p\ARM_GCC_541\Debug\Cm0plusStart.o
 .debug_line    0x00000727      0x837 .\CortexM0p\ARM_GCC_541\Debug\ReadVoltage.a(CyLib.o)
 .debug_line    0x00000f5e      0x5c1 .\CortexM0p\ARM_GCC_541\Debug\ReadVoltage.a(CyLFClk.o)
 .debug_line    0x0000151f      0x108 .\CortexM0p\ARM_GCC_541\Debug\ReadVoltage.a(UART.o)
 .debug_line    0x00001627      0x1cf .\CortexM0p\ARM_GCC_541\Debug\ReadVoltage.a(UART_UART.o)
 .debug_line    0x000017f6      0x275 .\CortexM0p\ARM_GCC_541\Debug\ReadVoltage.a(ADC.o)
 .debug_line    0x00001a6b       0x62 .\CortexM0p\ARM_GCC_541\Debug\ReadVoltage.a(ADC_INT.o)
 .debug_line    0x00001acd      0x37b .\CortexM0p\ARM_GCC_541\Debug\ReadVoltage.a(Timer_1.o)
 .debug_line    0x00001e48      0x151 .\CortexM0p\ARM_GCC_541\Debug\ReadVoltage.a(isr_1.o)
 .debug_line    0x00001f99       0x68 .\CortexM0p\ARM_GCC_541\Debug\ReadVoltage.a(CyBootAsmGnu.o)
 .debug_line    0x00002001      0x1e1 .\CortexM0p\ARM_GCC_541\Debug\ReadVoltage.a(CyFlash.o)
 .debug_line    0x000021e2      0x11a .\CortexM0p\ARM_GCC_541\Debug\ReadVoltage.a(UART_SPI_UART.o)

.debug_frame    0x00000000     0x1bd8
 *(.debug_frame)
 .debug_frame   0x00000000       0x68 .\CortexM0p\ARM_GCC_541\Debug\main.o
 .debug_frame   0x00000068       0x2c .\CortexM0p\ARM_GCC_541\Debug\PowerAnalyzer.o
 .debug_frame   0x00000094       0x48 .\CortexM0p\ARM_GCC_541\Debug\trace.o
 .debug_frame   0x000000dc       0x74 .\CortexM0p\ARM_GCC_541\Debug\cyfitter_cfg.o
 .debug_frame   0x00000150       0xbc .\CortexM0p\ARM_GCC_541\Debug\Cm0plusStart.o
 .debug_frame   0x0000020c      0x678 .\CortexM0p\ARM_GCC_541\Debug\ReadVoltage.a(CyLib.o)
 .debug_frame   0x00000884      0x484 .\CortexM0p\ARM_GCC_541\Debug\ReadVoltage.a(CyLFClk.o)
 .debug_frame   0x00000d08       0xd8 .\CortexM0p\ARM_GCC_541\Debug\ReadVoltage.a(UART.o)
 .debug_frame   0x00000de0      0x144 .\CortexM0p\ARM_GCC_541\Debug\ReadVoltage.a(UART_UART.o)
 .debug_frame   0x00000f24      0x1b0 .\CortexM0p\ARM_GCC_541\Debug\ReadVoltage.a(ADC.o)
 .debug_frame   0x000010d4       0x20 .\CortexM0p\ARM_GCC_541\Debug\ReadVoltage.a(ADC_INT.o)
 .debug_frame   0x000010f4      0x3a0 .\CortexM0p\ARM_GCC_541\Debug\ReadVoltage.a(Timer_1.o)
 .debug_frame   0x00001494      0x110 .\CortexM0p\ARM_GCC_541\Debug\ReadVoltage.a(isr_1.o)
 .debug_frame   0x000015a4       0xa8 .\CortexM0p\ARM_GCC_541\Debug\ReadVoltage.a(CyFlash.o)
 .debug_frame   0x0000164c       0xb0 .\CortexM0p\ARM_GCC_541\Debug\ReadVoltage.a(UART_SPI_UART.o)
 .debug_frame   0x000016fc       0x20 c:/program files (x86)/cypress/psoc creator/4.2/psoc creator/import/gnu/arm/5.4.1/bin/../lib/gcc/arm-none-eabi/5.4.1/armv6-m\libgcc.a(_udivsi3.o)
 .debug_frame   0x0000171c       0x20 c:/program files (x86)/cypress/psoc creator/4.2/psoc creator/import/gnu/arm/5.4.1/bin/../lib/gcc/arm-none-eabi/5.4.1/armv6-m\libgcc.a(_divsi3.o)
 .debug_frame   0x0000173c       0x34 c:/program files (x86)/cypress/psoc creator/4.2/psoc creator/import/gnu/arm/5.4.1/bin/../lib/gcc/arm-none-eabi/5.4.1/armv6-m\libgcc.a(_muldi3.o)
 .debug_frame   0x00001770       0x30 c:/program files (x86)/cypress/psoc creator/4.2/psoc creator/import/gnu/arm/5.4.1/bin/../lib/gcc/arm-none-eabi/5.4.1/armv6-m\libgcc.a(bpabi.o)
 .debug_frame   0x000017a0       0x3c c:/program files (x86)/cypress/psoc creator/4.2/psoc creator/import/gnu/arm/5.4.1/bin/../lib/gcc/arm-none-eabi/5.4.1/armv6-m\libgcc.a(divsf3.o)
 .debug_frame   0x000017dc       0x38 c:/program files (x86)/cypress/psoc creator/4.2/psoc creator/import/gnu/arm/5.4.1/bin/../lib/gcc/arm-none-eabi/5.4.1/armv6-m\libgcc.a(mulsf3.o)
 .debug_frame   0x00001814       0x2c c:/program files (x86)/cypress/psoc creator/4.2/psoc creator/import/gnu/arm/5.4.1/bin/../lib/gcc/arm-none-eabi/5.4.1/armv6-m\libgcc.a(floatsisf.o)
 .debug_frame   0x00001840       0x3c c:/program files (x86)/cypress/psoc creator/4.2/psoc creator/import/gnu/arm/5.4.1/bin/../lib/gcc/arm-none-eabi/5.4.1/armv6-m\libgcc.a(_divdi3.o)
 .debug_frame   0x0000187c       0x20 c:/program files (x86)/cypress/psoc creator/4.2/psoc creator/import/gnu/arm/5.4.1/bin/../lib/gcc/arm-none-eabi/5.4.1/../../../../arm-none-eabi/lib/armv6-m\libg_nano.a(lib_a-errno.o)
 .debug_frame   0x0000189c       0x28 c:/program files (x86)/cypress/psoc creator/4.2/psoc creator/import/gnu/arm/5.4.1/bin/../lib/gcc/arm-none-eabi/5.4.1/../../../../arm-none-eabi/lib/armv6-m\libg_nano.a(lib_a-exit.o)
 .debug_frame   0x000018c4       0x2c c:/program files (x86)/cypress/psoc creator/4.2/psoc creator/import/gnu/arm/5.4.1/bin/../lib/gcc/arm-none-eabi/5.4.1/../../../../arm-none-eabi/lib/armv6-m\libg_nano.a(lib_a-init.o)
 .debug_frame   0x000018f0       0x28 c:/program files (x86)/cypress/psoc creator/4.2/psoc creator/import/gnu/arm/5.4.1/bin/../lib/gcc/arm-none-eabi/5.4.1/../../../../arm-none-eabi/lib/armv6-m\libg_nano.a(lib_a-memcpy-stub.o)
 .debug_frame   0x00001918       0x20 c:/program files (x86)/cypress/psoc creator/4.2/psoc creator/import/gnu/arm/5.4.1/bin/../lib/gcc/arm-none-eabi/5.4.1/../../../../arm-none-eabi/lib/armv6-m\libg_nano.a(lib_a-memset.o)
 .debug_frame   0x00001938       0x44 c:/program files (x86)/cypress/psoc creator/4.2/psoc creator/import/gnu/arm/5.4.1/bin/../lib/gcc/arm-none-eabi/5.4.1/../../../../arm-none-eabi/lib/armv6-m\libg_nano.a(lib_a-vsprintf.o)
 .debug_frame   0x0000197c       0x74 c:/program files (x86)/cypress/psoc creator/4.2/psoc creator/import/gnu/arm/5.4.1/bin/../lib/gcc/arm-none-eabi/5.4.1/../../../../arm-none-eabi/lib/armv6-m\libg_nano.a(lib_a-nano-svfprintf.o)
 .debug_frame   0x000019f0       0x54 c:/program files (x86)/cypress/psoc creator/4.2/psoc creator/import/gnu/arm/5.4.1/bin/../lib/gcc/arm-none-eabi/5.4.1/../../../../arm-none-eabi/lib/armv6-m\libg_nano.a(lib_a-nano-vfprintf_i.o)
 .debug_frame   0x00001a44       0x20 c:/program files (x86)/cypress/psoc creator/4.2/psoc creator/import/gnu/arm/5.4.1/bin/../lib/gcc/arm-none-eabi/5.4.1/../../../../arm-none-eabi/lib/armv6-m\libg_nano.a(lib_a-memchr-stub.o)
 .debug_frame   0x00001a64       0x28 c:/program files (x86)/cypress/psoc creator/4.2/psoc creator/import/gnu/arm/5.4.1/bin/../lib/gcc/arm-none-eabi/5.4.1/../../../../arm-none-eabi/lib/armv6-m\libg_nano.a(lib_a-memmove.o)
 .debug_frame   0x00001a8c       0x2c c:/program files (x86)/cypress/psoc creator/4.2/psoc creator/import/gnu/arm/5.4.1/bin/../lib/gcc/arm-none-eabi/5.4.1/../../../../arm-none-eabi/lib/armv6-m\libg_nano.a(lib_a-nano-freer.o)
 .debug_frame   0x00001ab8       0x2c c:/program files (x86)/cypress/psoc creator/4.2/psoc creator/import/gnu/arm/5.4.1/bin/../lib/gcc/arm-none-eabi/5.4.1/../../../../arm-none-eabi/lib/armv6-m\libg_nano.a(lib_a-nano-mallocr.o)
 .debug_frame   0x00001ae4       0x30 c:/program files (x86)/cypress/psoc creator/4.2/psoc creator/import/gnu/arm/5.4.1/bin/../lib/gcc/arm-none-eabi/5.4.1/../../../../arm-none-eabi/lib/armv6-m\libg_nano.a(lib_a-nano-reallocr.o)
 .debug_frame   0x00001b14       0x2c c:/program files (x86)/cypress/psoc creator/4.2/psoc creator/import/gnu/arm/5.4.1/bin/../lib/gcc/arm-none-eabi/5.4.1/../../../../arm-none-eabi/lib/armv6-m\libg_nano.a(lib_a-sbrkr.o)
 .debug_frame   0x00001b40       0x30 c:/program files (x86)/cypress/psoc creator/4.2/psoc creator/import/gnu/arm/5.4.1/bin/../lib/gcc/arm-none-eabi/5.4.1/../../../../arm-none-eabi/lib/armv6-m\libg_nano.a(lib_a-mlock.o)
 .debug_frame   0x00001b70       0x20 c:/program files (x86)/cypress/psoc creator/4.2/psoc creator/import/gnu/arm/5.4.1/bin/../lib/gcc/arm-none-eabi/5.4.1/../../../../arm-none-eabi/lib/armv6-m\libg_nano.a(lib_a-nano-msizer.o)
 .debug_frame   0x00001b90       0x48 c:/program files (x86)/cypress/psoc creator/4.2/psoc creator/import/gnu/arm/5.4.1/bin/../lib/gcc/arm-none-eabi/5.4.1/../../../../arm-none-eabi/lib/armv6-m\libg_nano.a(lib_a-reent.o)

.debug_str      0x00000000     0x1eec
 *(.debug_str)
 .debug_str     0x00000000      0x1f6 .\CortexM0p\ARM_GCC_541\Debug\main.o
                                0x243 (size before relaxing)
 .debug_str     0x000001f6       0x31 .\CortexM0p\ARM_GCC_541\Debug\PowerAnalyzer.o
                                0x1bd (size before relaxing)
 .debug_str     0x00000227       0x55 .\CortexM0p\ARM_GCC_541\Debug\trace.o
                                0x1e4 (size before relaxing)
 .debug_str     0x0000027c       0xc3 .\CortexM0p\ARM_GCC_541\Debug\cyfitter_cfg.o
                                0x24d (size before relaxing)
 .debug_str     0x0000033f       0x63 .\CortexM0p\ARM_GCC_541\Debug\cymetadata.o
                                0x1ca (size before relaxing)
 .debug_str     0x000003a2      0x15b .\CortexM0p\ARM_GCC_541\Debug\Cm0plusStart.o
                                0x311 (size before relaxing)
 .debug_str     0x000004fd      0x826 .\CortexM0p\ARM_GCC_541\Debug\ReadVoltage.a(CyLib.o)
                                0xa21 (size before relaxing)
 .debug_str     0x00000d23      0x639 .\CortexM0p\ARM_GCC_541\Debug\ReadVoltage.a(CyLFClk.o)
                                0x89b (size before relaxing)
 .debug_str     0x0000135c       0xed .\CortexM0p\ARM_GCC_541\Debug\ReadVoltage.a(UART.o)
                                0x299 (size before relaxing)
 .debug_str     0x00001449      0x1d1 .\CortexM0p\ARM_GCC_541\Debug\ReadVoltage.a(UART_UART.o)
                                0x3ca (size before relaxing)
 .debug_str     0x0000161a      0x19a .\CortexM0p\ARM_GCC_541\Debug\ReadVoltage.a(ADC.o)
                                0x3c6 (size before relaxing)
 .debug_str     0x000017b4       0x35 .\CortexM0p\ARM_GCC_541\Debug\ReadVoltage.a(ADC_INT.o)
                                0x1bf (size before relaxing)
 .debug_str     0x000017e9      0x415 .\CortexM0p\ARM_GCC_541\Debug\ReadVoltage.a(Timer_1.o)
                                0x607 (size before relaxing)
 .debug_str     0x00001bfe       0xe7 .\CortexM0p\ARM_GCC_541\Debug\ReadVoltage.a(isr_1.o)
                                0x2ec (size before relaxing)
 .debug_str     0x00001ce5      0x124 .\CortexM0p\ARM_GCC_541\Debug\ReadVoltage.a(CyFlash.o)
                                0x324 (size before relaxing)
 .debug_str     0x00001e09       0xe3 .\CortexM0p\ARM_GCC_541\Debug\ReadVoltage.a(UART_SPI_UART.o)
                                0x2d0 (size before relaxing)

.debug_loc      0x00000000     0x3164
 *(.debug_loc)
 .debug_loc     0x00000000       0x5f .\CortexM0p\ARM_GCC_541\Debug\main.o
 .debug_loc     0x0000005f       0x21 .\CortexM0p\ARM_GCC_541\Debug\PowerAnalyzer.o
 .debug_loc     0x00000080       0x3f .\CortexM0p\ARM_GCC_541\Debug\trace.o
 .debug_loc     0x000000bf       0x1e .\CortexM0p\ARM_GCC_541\Debug\cyfitter_cfg.o
 .debug_loc     0x000000dd      0x14f .\CortexM0p\ARM_GCC_541\Debug\Cm0plusStart.o
 .debug_loc     0x0000022c     0x1649 .\CortexM0p\ARM_GCC_541\Debug\ReadVoltage.a(CyLib.o)
 .debug_loc     0x00001875      0xa88 .\CortexM0p\ARM_GCC_541\Debug\ReadVoltage.a(CyLFClk.o)
 .debug_loc     0x000022fd       0x7e .\CortexM0p\ARM_GCC_541\Debug\ReadVoltage.a(UART.o)
 .debug_loc     0x0000237b      0x223 .\CortexM0p\ARM_GCC_541\Debug\ReadVoltage.a(UART_UART.o)
 .debug_loc     0x0000259e      0x3aa .\CortexM0p\ARM_GCC_541\Debug\ReadVoltage.a(ADC.o)
 .debug_loc     0x00002948      0x547 .\CortexM0p\ARM_GCC_541\Debug\ReadVoltage.a(Timer_1.o)
 .debug_loc     0x00002e8f       0x82 .\CortexM0p\ARM_GCC_541\Debug\ReadVoltage.a(isr_1.o)
 .debug_loc     0x00002f11      0x1bd .\CortexM0p\ARM_GCC_541\Debug\ReadVoltage.a(CyFlash.o)
 .debug_loc     0x000030ce       0x96 .\CortexM0p\ARM_GCC_541\Debug\ReadVoltage.a(UART_SPI_UART.o)

.debug_macinfo
 *(.debug_macinfo)

.debug_ranges   0x00000000      0x810
 *(.debug_ranges)
 .debug_ranges  0x00000000       0x20 .\CortexM0p\ARM_GCC_541\Debug\main.o
 .debug_ranges  0x00000020       0x10 .\CortexM0p\ARM_GCC_541\Debug\PowerAnalyzer.o
 .debug_ranges  0x00000030       0x18 .\CortexM0p\ARM_GCC_541\Debug\trace.o
 .debug_ranges  0x00000048       0x28 .\CortexM0p\ARM_GCC_541\Debug\cyfitter_cfg.o
 .debug_ranges  0x00000070       0x38 .\CortexM0p\ARM_GCC_541\Debug\Cm0plusStart.o
 .debug_ranges  0x000000a8      0x220 .\CortexM0p\ARM_GCC_541\Debug\ReadVoltage.a(CyLib.o)
 .debug_ranges  0x000002c8      0x198 .\CortexM0p\ARM_GCC_541\Debug\ReadVoltage.a(CyLFClk.o)
 .debug_ranges  0x00000460       0x48 .\CortexM0p\ARM_GCC_541\Debug\ReadVoltage.a(UART.o)
 .debug_ranges  0x000004a8       0x80 .\CortexM0p\ARM_GCC_541\Debug\ReadVoltage.a(UART_UART.o)
 .debug_ranges  0x00000528       0x98 .\CortexM0p\ARM_GCC_541\Debug\ReadVoltage.a(ADC.o)
 .debug_ranges  0x000005c0       0x10 .\CortexM0p\ARM_GCC_541\Debug\ReadVoltage.a(ADC_INT.o)
 .debug_ranges  0x000005d0      0x148 .\CortexM0p\ARM_GCC_541\Debug\ReadVoltage.a(Timer_1.o)
 .debug_ranges  0x00000718       0x70 .\CortexM0p\ARM_GCC_541\Debug\ReadVoltage.a(isr_1.o)
 .debug_ranges  0x00000788       0x38 .\CortexM0p\ARM_GCC_541\Debug\ReadVoltage.a(CyFlash.o)
 .debug_ranges  0x000007c0       0x50 .\CortexM0p\ARM_GCC_541\Debug\ReadVoltage.a(UART_SPI_UART.o)

.comment        0x00000000       0x6e
 .comment       0x00000000       0x6e .\CortexM0p\ARM_GCC_541\Debug\main.o
                                 0x6f (size before relaxing)
 .comment       0x0000006e       0x6f .\CortexM0p\ARM_GCC_541\Debug\PowerAnalyzer.o
 .comment       0x0000006e       0x6f .\CortexM0p\ARM_GCC_541\Debug\trace.o
 .comment       0x0000006e       0x6f .\CortexM0p\ARM_GCC_541\Debug\cyfitter_cfg.o
 .comment       0x0000006e       0x6f .\CortexM0p\ARM_GCC_541\Debug\cymetadata.o
 .comment       0x0000006e       0x6f .\CortexM0p\ARM_GCC_541\Debug\Cm0plusStart.o
 .comment       0x0000006e       0x6f .\CortexM0p\ARM_GCC_541\Debug\ReadVoltage.a(CyLib.o)
 .comment       0x0000006e       0x6f .\CortexM0p\ARM_GCC_541\Debug\ReadVoltage.a(CyLFClk.o)
 .comment       0x0000006e       0x6f .\CortexM0p\ARM_GCC_541\Debug\ReadVoltage.a(UART.o)
 .comment       0x0000006e       0x6f .\CortexM0p\ARM_GCC_541\Debug\ReadVoltage.a(UART_UART.o)
 .comment       0x0000006e       0x6f .\CortexM0p\ARM_GCC_541\Debug\ReadVoltage.a(ADC.o)
 .comment       0x0000006e       0x6f .\CortexM0p\ARM_GCC_541\Debug\ReadVoltage.a(ADC_INT.o)
 .comment       0x0000006e       0x6f .\CortexM0p\ARM_GCC_541\Debug\ReadVoltage.a(Timer_1.o)
 .comment       0x0000006e       0x6f .\CortexM0p\ARM_GCC_541\Debug\ReadVoltage.a(isr_1.o)
 .comment       0x0000006e       0x6f .\CortexM0p\ARM_GCC_541\Debug\ReadVoltage.a(CyFlash.o)
 .comment       0x0000006e       0x6f .\CortexM0p\ARM_GCC_541\Debug\ReadVoltage.a(UART_SPI_UART.o)

.debug_weaknames
 *(.debug_weaknames)

.debug_funcnames
 *(.debug_funcnames)

.debug_typenames
 *(.debug_typenames)

.debug_varnames
 *(.debug_varnames)

.note.gnu.arm.ident
 *(.note.gnu.arm.ident)

.ARM.attributes
                0x00000000       0x28
 *(.ARM.attributes)
 .ARM.attributes
                0x00000000       0x1e c:/program files (x86)/cypress/psoc creator/4.2/psoc creator/import/gnu/arm/5.4.1/bin/../lib/gcc/arm-none-eabi/5.4.1/armv6-m/crti.o
 .ARM.attributes
                0x0000001e       0x2c c:/program files (x86)/cypress/psoc creator/4.2/psoc creator/import/gnu/arm/5.4.1/bin/../lib/gcc/arm-none-eabi/5.4.1/armv6-m/crtbegin.o
 .ARM.attributes
                0x0000004a       0x1b c:/program files (x86)/cypress/psoc creator/4.2/psoc creator/import/gnu/arm/5.4.1/bin/../lib/gcc/arm-none-eabi/5.4.1/../../../../arm-none-eabi/lib/armv6-m/crt0.o
 .ARM.attributes
                0x00000065       0x32 .\CortexM0p\ARM_GCC_541\Debug\main.o
 .ARM.attributes
                0x00000097       0x32 .\CortexM0p\ARM_GCC_541\Debug\PowerAnalyzer.o
 .ARM.attributes
                0x000000c9       0x32 .\CortexM0p\ARM_GCC_541\Debug\trace.o
 .ARM.attributes
                0x000000fb       0x32 .\CortexM0p\ARM_GCC_541\Debug\cyfitter_cfg.o
 .ARM.attributes
                0x0000012d       0x32 .\CortexM0p\ARM_GCC_541\Debug\cymetadata.o
 .ARM.attributes
                0x0000015f       0x32 .\CortexM0p\ARM_GCC_541\Debug\Cm0plusStart.o
 .ARM.attributes
                0x00000191       0x32 .\CortexM0p\ARM_GCC_541\Debug\ReadVoltage.a(CyLib.o)
 .ARM.attributes
                0x000001c3       0x32 .\CortexM0p\ARM_GCC_541\Debug\ReadVoltage.a(CyLFClk.o)
 .ARM.attributes
                0x000001f5       0x32 .\CortexM0p\ARM_GCC_541\Debug\ReadVoltage.a(UART.o)
 .ARM.attributes
                0x00000227       0x32 .\CortexM0p\ARM_GCC_541\Debug\ReadVoltage.a(UART_UART.o)
 .ARM.attributes
                0x00000259       0x32 .\CortexM0p\ARM_GCC_541\Debug\ReadVoltage.a(ADC.o)
 .ARM.attributes
                0x0000028b       0x32 .\CortexM0p\ARM_GCC_541\Debug\ReadVoltage.a(ADC_INT.o)
 .ARM.attributes
                0x000002bd       0x32 .\CortexM0p\ARM_GCC_541\Debug\ReadVoltage.a(Timer_1.o)
 .ARM.attributes
                0x000002ef       0x32 .\CortexM0p\ARM_GCC_541\Debug\ReadVoltage.a(isr_1.o)
 .ARM.attributes
                0x00000321       0x22 .\CortexM0p\ARM_GCC_541\Debug\ReadVoltage.a(CyBootAsmGnu.o)
 .ARM.attributes
                0x00000343       0x32 .\CortexM0p\ARM_GCC_541\Debug\ReadVoltage.a(CyFlash.o)
 .ARM.attributes
                0x00000375       0x32 .\CortexM0p\ARM_GCC_541\Debug\ReadVoltage.a(UART_SPI_UART.o)
 .ARM.attributes
                0x000003a7       0x1e c:/program files (x86)/cypress/psoc creator/4.2/psoc creator/import/gnu/arm/5.4.1/bin/../lib/gcc/arm-none-eabi/5.4.1/armv6-m\libgcc.a(_udivsi3.o)
 .ARM.attributes
                0x000003c5       0x1e c:/program files (x86)/cypress/psoc creator/4.2/psoc creator/import/gnu/arm/5.4.1/bin/../lib/gcc/arm-none-eabi/5.4.1/armv6-m\libgcc.a(_divsi3.o)
 .ARM.attributes
                0x000003e3       0x1e c:/program files (x86)/cypress/psoc creator/4.2/psoc creator/import/gnu/arm/5.4.1/bin/../lib/gcc/arm-none-eabi/5.4.1/armv6-m\libgcc.a(_dvmd_tls.o)
 .ARM.attributes
                0x00000401       0x1e c:/program files (x86)/cypress/psoc creator/4.2/psoc creator/import/gnu/arm/5.4.1/bin/../lib/gcc/arm-none-eabi/5.4.1/armv6-m\libgcc.a(_aeabi_ldivmod.o)
 .ARM.attributes
                0x0000041f       0x2c c:/program files (x86)/cypress/psoc creator/4.2/psoc creator/import/gnu/arm/5.4.1/bin/../lib/gcc/arm-none-eabi/5.4.1/armv6-m\libgcc.a(_muldi3.o)
 .ARM.attributes
                0x0000044b       0x2c c:/program files (x86)/cypress/psoc creator/4.2/psoc creator/import/gnu/arm/5.4.1/bin/../lib/gcc/arm-none-eabi/5.4.1/armv6-m\libgcc.a(bpabi.o)
 .ARM.attributes
                0x00000477       0x2c c:/program files (x86)/cypress/psoc creator/4.2/psoc creator/import/gnu/arm/5.4.1/bin/../lib/gcc/arm-none-eabi/5.4.1/armv6-m\libgcc.a(divsf3.o)
 .ARM.attributes
                0x000004a3       0x2c c:/program files (x86)/cypress/psoc creator/4.2/psoc creator/import/gnu/arm/5.4.1/bin/../lib/gcc/arm-none-eabi/5.4.1/armv6-m\libgcc.a(mulsf3.o)
 .ARM.attributes
                0x000004cf       0x2c c:/program files (x86)/cypress/psoc creator/4.2/psoc creator/import/gnu/arm/5.4.1/bin/../lib/gcc/arm-none-eabi/5.4.1/armv6-m\libgcc.a(floatsisf.o)
 .ARM.attributes
                0x000004fb       0x1e c:/program files (x86)/cypress/psoc creator/4.2/psoc creator/import/gnu/arm/5.4.1/bin/../lib/gcc/arm-none-eabi/5.4.1/armv6-m\libgcc.a(_clzsi2.o)
 .ARM.attributes
                0x00000519       0x2c c:/program files (x86)/cypress/psoc creator/4.2/psoc creator/import/gnu/arm/5.4.1/bin/../lib/gcc/arm-none-eabi/5.4.1/armv6-m\libgcc.a(_divdi3.o)
 .ARM.attributes
                0x00000545       0x1e c:/program files (x86)/cypress/psoc creator/4.2/psoc creator/import/gnu/arm/5.4.1/bin/../lib/gcc/arm-none-eabi/5.4.1/armv6-m\libgcc.a(_clzdi2.o)
 .ARM.attributes
                0x00000563       0x2c c:/program files (x86)/cypress/psoc creator/4.2/psoc creator/import/gnu/arm/5.4.1/bin/../lib/gcc/arm-none-eabi/5.4.1/../../../../arm-none-eabi/lib/armv6-m\libg_nano.a(lib_a-errno.o)
 .ARM.attributes
                0x0000058f       0x2c c:/program files (x86)/cypress/psoc creator/4.2/psoc creator/import/gnu/arm/5.4.1/bin/../lib/gcc/arm-none-eabi/5.4.1/../../../../arm-none-eabi/lib/armv6-m\libg_nano.a(lib_a-exit.o)
 .ARM.attributes
                0x000005bb       0x2c c:/program files (x86)/cypress/psoc creator/4.2/psoc creator/import/gnu/arm/5.4.1/bin/../lib/gcc/arm-none-eabi/5.4.1/../../../../arm-none-eabi/lib/armv6-m\libg_nano.a(lib_a-impure.o)
 .ARM.attributes
                0x000005e7       0x2c c:/program files (x86)/cypress/psoc creator/4.2/psoc creator/import/gnu/arm/5.4.1/bin/../lib/gcc/arm-none-eabi/5.4.1/../../../../arm-none-eabi/lib/armv6-m\libg_nano.a(lib_a-init.o)
 .ARM.attributes
                0x00000613       0x2c c:/program files (x86)/cypress/psoc creator/4.2/psoc creator/import/gnu/arm/5.4.1/bin/../lib/gcc/arm-none-eabi/5.4.1/../../../../arm-none-eabi/lib/armv6-m\libg_nano.a(lib_a-memcpy-stub.o)
 .ARM.attributes
                0x0000063f       0x2c c:/program files (x86)/cypress/psoc creator/4.2/psoc creator/import/gnu/arm/5.4.1/bin/../lib/gcc/arm-none-eabi/5.4.1/../../../../arm-none-eabi/lib/armv6-m\libg_nano.a(lib_a-memset.o)
 .ARM.attributes
                0x0000066b       0x2c c:/program files (x86)/cypress/psoc creator/4.2/psoc creator/import/gnu/arm/5.4.1/bin/../lib/gcc/arm-none-eabi/5.4.1/../../../../arm-none-eabi/lib/armv6-m\libg_nano.a(lib_a-vsprintf.o)
 .ARM.attributes
                0x00000697       0x2c c:/program files (x86)/cypress/psoc creator/4.2/psoc creator/import/gnu/arm/5.4.1/bin/../lib/gcc/arm-none-eabi/5.4.1/../../../../arm-none-eabi/lib/armv6-m\libg_nano.a(lib_a-nano-svfprintf.o)
 .ARM.attributes
                0x000006c3       0x2c c:/program files (x86)/cypress/psoc creator/4.2/psoc creator/import/gnu/arm/5.4.1/bin/../lib/gcc/arm-none-eabi/5.4.1/../../../../arm-none-eabi/lib/armv6-m\libg_nano.a(lib_a-nano-vfprintf_i.o)
 .ARM.attributes
                0x000006ef       0x2c c:/program files (x86)/cypress/psoc creator/4.2/psoc creator/import/gnu/arm/5.4.1/bin/../lib/gcc/arm-none-eabi/5.4.1/../../../../arm-none-eabi/lib/armv6-m\libg_nano.a(lib_a-memchr-stub.o)
 .ARM.attributes
                0x0000071b       0x2c c:/program files (x86)/cypress/psoc creator/4.2/psoc creator/import/gnu/arm/5.4.1/bin/../lib/gcc/arm-none-eabi/5.4.1/../../../../arm-none-eabi/lib/armv6-m\libg_nano.a(lib_a-memmove.o)
 .ARM.attributes
                0x00000747       0x2c c:/program files (x86)/cypress/psoc creator/4.2/psoc creator/import/gnu/arm/5.4.1/bin/../lib/gcc/arm-none-eabi/5.4.1/../../../../arm-none-eabi/lib/armv6-m\libg_nano.a(lib_a-nano-freer.o)
 .ARM.attributes
                0x00000773       0x2c c:/program files (x86)/cypress/psoc creator/4.2/psoc creator/import/gnu/arm/5.4.1/bin/../lib/gcc/arm-none-eabi/5.4.1/../../../../arm-none-eabi/lib/armv6-m\libg_nano.a(lib_a-nano-mallocr.o)
 .ARM.attributes
                0x0000079f       0x2c c:/program files (x86)/cypress/psoc creator/4.2/psoc creator/import/gnu/arm/5.4.1/bin/../lib/gcc/arm-none-eabi/5.4.1/../../../../arm-none-eabi/lib/armv6-m\libg_nano.a(lib_a-nano-reallocr.o)
 .ARM.attributes
                0x000007cb       0x2c c:/program files (x86)/cypress/psoc creator/4.2/psoc creator/import/gnu/arm/5.4.1/bin/../lib/gcc/arm-none-eabi/5.4.1/../../../../arm-none-eabi/lib/armv6-m\libg_nano.a(lib_a-sbrkr.o)
 .ARM.attributes
                0x000007f7       0x2c c:/program files (x86)/cypress/psoc creator/4.2/psoc creator/import/gnu/arm/5.4.1/bin/../lib/gcc/arm-none-eabi/5.4.1/../../../../arm-none-eabi/lib/armv6-m\libg_nano.a(lib_a-mlock.o)
 .ARM.attributes
                0x00000823       0x2c c:/program files (x86)/cypress/psoc creator/4.2/psoc creator/import/gnu/arm/5.4.1/bin/../lib/gcc/arm-none-eabi/5.4.1/../../../../arm-none-eabi/lib/armv6-m\libg_nano.a(lib_a-nano-msizer.o)
 .ARM.attributes
                0x0000084f       0x2c c:/program files (x86)/cypress/psoc creator/4.2/psoc creator/import/gnu/arm/5.4.1/bin/../lib/gcc/arm-none-eabi/5.4.1/../../../../arm-none-eabi/lib/armv6-m\libg_nano.a(lib_a-reent.o)
 .ARM.attributes
                0x0000087b       0x2c c:/program files (x86)/cypress/psoc creator/4.2/psoc creator/import/gnu/arm/5.4.1/bin/../lib/gcc/arm-none-eabi/5.4.1/armv6-m/crtend.o
 .ARM.attributes
                0x000008a7       0x1e c:/program files (x86)/cypress/psoc creator/4.2/psoc creator/import/gnu/arm/5.4.1/bin/../lib/gcc/arm-none-eabi/5.4.1/armv6-m/crtn.o

/DISCARD/
 *(.note.GNU-stack)
OUTPUT(C:\Users\0\Documents\PSoC Creator\Workspace05\ReadVoltage.cydsn\CortexM0p\ARM_GCC_541\Debug\ReadVoltage.elf elf32-littlearm)
